AUX_SOURCE_BEFORE InputForm[<|Authority/BG02Convention.wl -> e0185abaea54816fabd90170a48fb67dd45b27c8d4392734dc3f09d49dfa7efb, Geometry/StructureConstants.wl -> becef3c4f6b60e20c4eea1b361832239422ca8286b90dd10474203389e170f75, Geometry/LeviCivitaConnection.wl -> 1f28c921734194c5a3b79e8d31ae045f7bfce336e2641e6e01a9232a0cdbc13d, Geometry/ONFConnectionCurvature.wl -> c2428d4466f05d88097db8a51f194458618a8f5837c625bb20f402301545a34e, Background/EinsteinProjection.wl -> 65a60d806fa280aa4d0ee7843790896cd754880bb1a43239db2a59c1b0be4c5a|>]
AUX_TESTS_BEGIN InputForm[{AUX13_CLASS_B_DIVERGENCE, AUX13_STORAGE_ORDER_PARITY, AUX13_ISOTROPIC_DIVERGENCE, AUX13_EXCEPTIONAL_DETERMINANT, AUX13_FULL_MOMENTUM_WITNESS, AUX13_SHEAR_NORM_SURVIVAL, AUX13_HAMILTONIAN_CONSUMER_SURVIVAL, AUX13_MOMENTUM_CONSUMER_SIGN, AUX14_SPATIAL_RICCI, AUX14_NONZERO_HAMILTONIAN, AUX14_ACTUAL_RATE_VALUES, AUX14_JACOBI_VECTOR_DERIVATIVE, AUX14_CURVATURE_DERIVATIVE, AUX14_SHEAR_NORM_DERIVATIVE, AUX14_DIRECT_HAMILTONIAN_DERIVATIVE, AUX14_PROPAGATION_RATE_SEPARATION, AUX14_FERMI_ALIGNMENT_COUNTEREXAMPLE}]
AUX_TEST_EVENT InputForm[<|EventName -> TestEvaluated, EventID -> aa92f8ec-2708-45b4-8533-12cb7ff951c9, TestObject -> TestObject[<|MetaInformation -> None, AbsoluteTime -> 3.99774794929545`15.655420393995518*^9, SameTest -> SameQ, SameMessages -> Testing`MessageMatchQ, MemoryConstraint -> Infinity, TimeConstraint -> Infinity, CreationID -> abdb3d65-1158-4bcf-acf4-587ef0881379, TestID -> AUX13_CLASS_B_DIVERGENCE, TestFileName -> , EvaluationID -> aa92f8ec-2708-45b4-8533-12cb7ff951c9, Input -> HoldForm[Expand[carrier$11111 - expected$11111]], ExpectedOutput -> HoldForm[{0, 0, 0}], ExpectedMessages -> HoldForm[{}], ActualOutput -> HoldForm[{0, 0, 0}], ActualMessages -> {}, AbsoluteTimeUsed -> 0.000164`2.3653588458796877, CPUTimeUsed -> 0.003182999999999936, MemoryUsed -> 5184, IntermediateTestsTree -> {}, Outcome -> Success, FailureType -> None|>], Outcome -> Success, FailureType -> None|>]
AUX_TEST_EVENT InputForm[<|EventName -> TestEvaluated, EventID -> cdc16e98-0b76-4b75-970c-c6cc2d7201ce, TestObject -> TestObject[<|MetaInformation -> None, AbsoluteTime -> 3.997747949333133`15.655420393999616*^9, SameTest -> SameQ, SameMessages -> Testing`MessageMatchQ, MemoryConstraint -> Infinity, TimeConstraint -> Infinity, CreationID -> de270573-ea08-46fd-be80-b5b082e5fcbf, TestID -> AUX13_STORAGE_ORDER_PARITY, TestFileName -> , EvaluationID -> cdc16e98-0b76-4b75-970c-c6cc2d7201ce, Input -> HoldForm[Expand[lockedCarrier$11111 - carrier$11111]], ExpectedOutput -> HoldForm[{0, 0, 0}], ExpectedMessages -> HoldForm[{}], ActualOutput -> HoldForm[{0, 0, 0}], ActualMessages -> {}, AbsoluteTimeUsed -> 0.000071`2.0017733465510688, CPUTimeUsed -> 0.0014580000000012916, MemoryUsed -> 4264, IntermediateTestsTree -> {}, Outcome -> Success, FailureType -> None|>], Outcome -> Success, FailureType -> None|>]
AUX_TEST_EVENT InputForm[<|EventName -> TestEvaluated, EventID -> 6ba87c9d-e857-4a6a-b880-2a226caf9fe0, TestObject -> TestObject[<|MetaInformation -> None, AbsoluteTime -> 3.997747949333265`15.655420393999629*^9, SameTest -> SameQ, SameMessages -> Testing`MessageMatchQ, MemoryConstraint -> Infinity, TimeConstraint -> Infinity, CreationID -> 3efd0cd2-4c96-484d-ae55-ccb0142d6fc3, TestID -> AUX13_ISOTROPIC_DIVERGENCE, TestFileName -> , EvaluationID -> 6ba87c9d-e857-4a6a-b880-2a226caf9fe0, Input -> HoldForm[div$11111[gg$11111, hh$11111*IdentityMatrix[3]]], ExpectedOutput -> HoldForm[{0, 0, 0}], ExpectedMessages -> HoldForm[{}], ActualOutput -> HoldForm[{0, 0, 0}], ActualMessages -> {}, AbsoluteTimeUsed -> 0.000245`2.5396810821965223, CPUTimeUsed -> 0.0052000000000003155, MemoryUsed -> 3528, IntermediateTestsTree -> {}, Outcome -> Success, FailureType -> None|>], Outcome -> Success, FailureType -> None|>]
AUX_TEST_EVENT InputForm[<|EventName -> TestEvaluated, EventID -> c93c4a96-c460-4cb0-bca4-2de1432fe2a4, TestObject -> TestObject[<|MetaInformation -> None, AbsoluteTime -> 3.997747949333377`15.655420393999641*^9, SameTest -> SameQ, SameMessages -> Testing`MessageMatchQ, MemoryConstraint -> Infinity, TimeConstraint -> Infinity, CreationID -> 30c4a9f2-6ff4-4050-900d-efc799cf2b09, TestID -> AUX13_EXCEPTIONAL_DETERMINANT, TestFileName -> , EvaluationID -> c93c4a96-c460-4cb0-bca4-2de1432fe2a4, Input -> HoldForm[Expand[Det[lm$11111] - (9*av$11111^2 + n22$11111*n33$11111 - n23$11111^2)]], ExpectedOutput -> HoldForm[0], ExpectedMessages -> HoldForm[{}], ActualOutput -> HoldForm[0], ActualMessages -> {}, AbsoluteTimeUsed -> 0.001184`3.223866700218895, CPUTimeUsed -> 0.02442699999999931, MemoryUsed -> 56976, IntermediateTestsTree -> {}, Outcome -> Success, FailureType -> None|>], Outcome -> Success, FailureType -> None|>]
AUX_TEST_EVENT InputForm[<|EventName -> TestEvaluated, EventID -> a9f79835-2814-437b-9073-d319f357f709, TestObject -> TestObject[<|MetaInformation -> None, AbsoluteTime -> 3.997747949333478`15.65542039399965*^9, SameTest -> SameQ, SameMessages -> Testing`MessageMatchQ, MemoryConstraint -> Infinity, TimeConstraint -> Infinity, CreationID -> 3613cbb7-484c-4069-8999-6b5fd0252fae, TestID -> AUX13_FULL_MOMENTUM_WITNESS, TestFileName -> , EvaluationID -> a9f79835-2814-437b-9073-d319f357f709, Input -> HoldForm[Expand[wfCarrier$11111]], ExpectedOutput -> HoldForm[{0, 0, 0}], ExpectedMessages -> HoldForm[{}], ActualOutput -> HoldForm[{0, 0, 0}], ActualMessages -> {}, AbsoluteTimeUsed -> 0.000045`1.8037275116073357, CPUTimeUsed -> 0.0008910000000010854, MemoryUsed -> 3456, IntermediateTestsTree -> {}, Outcome -> Success, FailureType -> None|>], Outcome -> Success, FailureType -> None|>]
AUX_TEST_EVENT InputForm[<|EventName -> TestEvaluated, EventID -> 0751fd75-82c6-430d-bcdd-69646cf9b37b, TestObject -> TestObject[<|MetaInformation -> None, AbsoluteTime -> 3.997747949333574`15.655420393999663*^9, SameTest -> SameQ, SameMessages -> Testing`MessageMatchQ, MemoryConstraint -> Infinity, TimeConstraint -> Infinity, CreationID -> e55e7179-c221-40c8-9c38-7c6191a1318b, TestID -> AUX13_SHEAR_NORM_SURVIVAL, TestFileName -> , EvaluationID -> 0751fd75-82c6-430d-bcdd-69646cf9b37b, Input -> HoldForm[Expand[Tr[sf$11111 . sf$11111] - Tr[s0$11111 . s0$11111] - 2*u$11111^2/ell$11111^2]], ExpectedOutput -> HoldForm[0], ExpectedMessages -> HoldForm[{}], ActualOutput -> HoldForm[0], ActualMessages -> {}, AbsoluteTimeUsed -> 0.000163`2.3627026022359496, CPUTimeUsed -> 0.003255000000001118, MemoryUsed -> 3768, IntermediateTestsTree -> {}, Outcome -> Success, FailureType -> None|>], Outcome -> Success, FailureType -> None|>]
AUX_TEST_EVENT InputForm[<|EventName -> TestEvaluated, EventID -> 05de6322-caaa-4748-b960-a93661af6ac0, TestObject -> TestObject[<|MetaInformation -> None, AbsoluteTime -> 3.997747949333668`15.655420393999671*^9, SameTest -> SameQ, SameMessages -> Testing`MessageMatchQ, MemoryConstraint -> Infinity, TimeConstraint -> Infinity, CreationID -> 7bcd5fba-d6e0-4389-a86e-85129daf863f, TestID -> AUX13_HAMILTONIAN_CONSUMER_SURVIVAL, TestFileName -> , EvaluationID -> 05de6322-caaa-4748-b960-a93661af6ac0, Input -> HoldForm[Expand[ham$11111[sf$11111] - ham$11111[s0$11111] + u$11111^2/ell$11111^2]], ExpectedOutput -> HoldForm[0], ExpectedMessages -> HoldForm[{}], ActualOutput -> HoldForm[0], ActualMessages -> {}, AbsoluteTimeUsed -> 0.016602`4.37067540735659, CPUTimeUsed -> 0.34367400000000004, MemoryUsed -> 3512, IntermediateTestsTree -> {}, Outcome -> Success, FailureType -> None|>], Outcome -> Success, FailureType -> None|>]
AUX_TEST_EVENT InputForm[<|EventName -> TestEvaluated, EventID -> 56bc5d7e-b144-4721-a8c4-8a5f76b342ab, TestObject -> TestObject[<|MetaInformation -> None, AbsoluteTime -> 3.997747949333762`15.65542039399968*^9, SameTest -> SameQ, SameMessages -> Testing`MessageMatchQ, MemoryConstraint -> Infinity, TimeConstraint -> Infinity, CreationID -> e70321e2-ffce-42ca-b408-925d0317b6d9, TestID -> AUX13_MOMENTUM_CONSUMER_SIGN, TestFileName -> , EvaluationID -> 56bc5d7e-b144-4721-a8c4-8a5f76b342ab, Input -> HoldForm[Expand[MomentumProjection[Association[DivergenceK -> carrier$11111[[1]], GradientK -> 0, kappaG -> kg$11111, qComponent -> q1$11111]] + carrier$11111[[1]] + kg$11111*q1$11111]], ExpectedOutput -> HoldForm[0], ExpectedMessages -> HoldForm[{}], ActualOutput -> HoldForm[0], ActualMessages -> {}, AbsoluteTimeUsed -> 0.014427`4.309691029625461, CPUTimeUsed -> 0.28953000000000095, MemoryUsed -> 3448, IntermediateTestsTree -> {}, Outcome -> Success, FailureType -> None|>], Outcome -> Success, FailureType -> None|>]
AUX_TEST_EVENT InputForm[<|EventName -> TestEvaluated, EventID -> c434aec7-612f-42a6-a948-8a08d6229038, TestObject -> TestObject[<|MetaInformation -> None, AbsoluteTime -> 3.997747949333859`15.655420393999693*^9, SameTest -> SameQ, SameMessages -> Testing`MessageMatchQ, MemoryConstraint -> Infinity, TimeConstraint -> Infinity, CreationID -> fbfc837b-825c-44a0-a2d2-bc03721a82c8, TestID -> AUX14_SPATIAL_RICCI, TestFileName -> , EvaluationID -> c434aec7-612f-42a6-a948-8a08d6229038, Input -> HoldForm[Simplify[ric$11111 - {{-22, 0, 0}, {0, -6, 8}, {0, 8, 2}}/ell$11111^2]], ExpectedOutput -> HoldForm[{{0, 0, 0}, {0, 0, 0}, {0, 0, 0}}], ExpectedMessages -> HoldForm[{}], ActualOutput -> HoldForm[{{0, 0, 0}, {0, 0, 0}, {0, 0, 0}}], ActualMessages -> {}, AbsoluteTimeUsed -> 0.000096`2.13278623087156, CPUTimeUsed -> 0.0018790000000006302, MemoryUsed -> 3888, IntermediateTestsTree -> {}, Outcome -> Success, FailureType -> None|>], Outcome -> Success, FailureType -> None|>]
AUX_TEST_EVENT InputForm[<|EventName -> TestEvaluated, EventID -> f104db9f-f35b-47a9-b526-bdbfe8efeba3, TestObject -> TestObject[<|MetaInformation -> None, AbsoluteTime -> 3.997747949333951`15.655420393999702*^9, SameTest -> SameQ, SameMessages -> Testing`MessageMatchQ, MemoryConstraint -> Infinity, TimeConstraint -> Infinity, CreationID -> 9a105ab4-b892-44c3-a220-a80710ab3b05, TestID -> AUX14_NONZERO_HAMILTONIAN, TestFileName -> , EvaluationID -> f104db9f-f35b-47a9-b526-bdbfe8efeba3, Input -> HoldForm[Simplify[hres$11111 + 11/ell$11111^2]], ExpectedOutput -> HoldForm[0], ExpectedMessages -> HoldForm[{}], ActualOutput -> HoldForm[0], ActualMessages -> {}, AbsoluteTimeUsed -> 0.000066`1.97005893337386, CPUTimeUsed -> 0.0013220000000000454, MemoryUsed -> 3392, IntermediateTestsTree -> {}, Outcome -> Success, FailureType -> None|>], Outcome -> Success, FailureType -> None|>]
AUX_TEST_EVENT InputForm[<|EventName -> TestEvaluated, EventID -> 5ff9f22d-5bba-49ff-8e39-115bb2ec1e1b, TestObject -> TestObject[<|MetaInformation -> None, AbsoluteTime -> 3.997747949334042`15.65542039399971*^9, SameTest -> SameQ, SameMessages -> Testing`MessageMatchQ, MemoryConstraint -> Infinity, TimeConstraint -> Infinity, CreationID -> 7384be2e-365f-4e94-8782-14bd662080f4, TestID -> AUX14_ACTUAL_RATE_VALUES, TestFileName -> , EvaluationID -> 5ff9f22d-5bba-49ff-8e39-115bb2ec1e1b, Input -> HoldForm[Simplify[rates$11111 - {1/6, 17/3, -5/3}/ell$11111^2]], ExpectedOutput -> HoldForm[{0, 0, 0}], ExpectedMessages -> HoldForm[{}], ActualOutput -> HoldForm[{0, 0, 0}], ActualMessages -> {}, AbsoluteTimeUsed -> 0.000071`2.001773346551067, CPUTimeUsed -> 0.0013899999999988921, MemoryUsed -> 3456, IntermediateTestsTree -> {}, Outcome -> Success, FailureType -> None|>], Outcome -> Success, FailureType -> None|>]
AUX_TEST_EVENT InputForm[<|EventName -> TestEvaluated, EventID -> 1bde850e-a8c0-45a0-9d25-9c55f7cad7f0, TestObject -> TestObject[<|MetaInformation -> None, AbsoluteTime -> 3.997747949334133`15.655420393999723*^9, SameTest -> SameQ, SameMessages -> Testing`MessageMatchQ, MemoryConstraint -> Infinity, TimeConstraint -> Infinity, CreationID -> 4e31db93-5b74-4756-8c6c-034d850f7edd, TestID -> AUX14_JACOBI_VECTOR_DERIVATIVE, TestFileName -> , EvaluationID -> 1bde850e-a8c0-45a0-9d25-9c55f7cad7f0, Input -> HoldForm[Expand[nDot$11111 . a$11111 + nb$11111 . aDot$11111]], ExpectedOutput -> HoldForm[{0, 0, 0}], ExpectedMessages -> HoldForm[{}], ActualOutput -> HoldForm[{0, 0, 0}], ActualMessages -> {}, AbsoluteTimeUsed -> 0.000079`2.0481420891224316, CPUTimeUsed -> 0.0015599999999995617, MemoryUsed -> 4048, IntermediateTestsTree -> {}, Outcome -> Success, FailureType -> None|>], Outcome -> Success, FailureType -> None|>]
AUX_TEST_EVENT InputForm[<|EventName -> TestEvaluated, EventID -> 4c1b76ac-58e1-49c4-a0eb-119069d9a4c6, TestObject -> TestObject[<|MetaInformation -> None, AbsoluteTime -> 3.997747949334222`15.655420393999735*^9, SameTest -> SameQ, SameMessages -> Testing`MessageMatchQ, MemoryConstraint -> Infinity, TimeConstraint -> Infinity, CreationID -> 68610557-828c-4312-9988-b0c9038d6b1d, TestID -> AUX14_CURVATURE_DERIVATIVE, TestFileName -> , EvaluationID -> 4c1b76ac-58e1-49c4-a0eb-119069d9a4c6, Input -> HoldForm[Expand[r3Dot$11111 - 52/ell$11111^3]], ExpectedOutput -> HoldForm[0], ExpectedMessages -> HoldForm[{}], ActualOutput -> HoldForm[0], ActualMessages -> {}, AbsoluteTimeUsed -> 0.000052`1.8665183414667932, CPUTimeUsed -> 0.0009479999999992827, MemoryUsed -> 3392, IntermediateTestsTree -> {}, Outcome -> Success, FailureType -> None|>], Outcome -> Success, FailureType -> None|>]
AUX_TEST_EVENT InputForm[<|EventName -> TestEvaluated, EventID -> d5f08c84-439e-404d-8875-a622ab4c0936, TestObject -> TestObject[<|MetaInformation -> None, AbsoluteTime -> 3.997747949334311`15.65542039399974*^9, SameTest -> SameQ, SameMessages -> Testing`MessageMatchQ, MemoryConstraint -> Infinity, TimeConstraint -> Infinity, CreationID -> 74e15040-7844-43b9-bb5c-596a636cec2f, TestID -> AUX14_SHEAR_NORM_DERIVATIVE, TestFileName -> , EvaluationID -> d5f08c84-439e-404d-8875-a622ab4c0936, Input -> HoldForm[Simplify[s2Dot$11111 + 12/ell$11111^3]], ExpectedOutput -> HoldForm[0], ExpectedMessages -> HoldForm[{}], ActualOutput -> HoldForm[0], ActualMessages -> {}, AbsoluteTimeUsed -> 0.000067`1.9765898005328202, CPUTimeUsed -> 0.001286999999999594, MemoryUsed -> 3392, IntermediateTestsTree -> {}, Outcome -> Success, FailureType -> None|>], Outcome -> Success, FailureType -> None|>]
AUX_TEST_EVENT InputForm[<|EventName -> TestEvaluated, EventID -> 18013ee1-8498-47e2-9af6-cef064493ffd, TestObject -> TestObject[<|MetaInformation -> None, AbsoluteTime -> 3.997747949334409`15.655420393999753*^9, SameTest -> SameQ, SameMessages -> Testing`MessageMatchQ, MemoryConstraint -> Infinity, TimeConstraint -> Infinity, CreationID -> 285cc301-b2d2-4784-97a8-1fac6f5ec616, TestID -> AUX14_DIRECT_HAMILTONIAN_DERIVATIVE, TestFileName -> , EvaluationID -> 18013ee1-8498-47e2-9af6-cef064493ffd, Input -> HoldForm[Simplify[hresDot$11111 - {33, 66, 22}/ell$11111^3]], ExpectedOutput -> HoldForm[{0, 0, 0}], ExpectedMessages -> HoldForm[{}], ActualOutput -> HoldForm[{0, 0, 0}], ActualMessages -> {}, AbsoluteTimeUsed -> 0.000064`1.956694971815879, CPUTimeUsed -> 0.001286999999999594, MemoryUsed -> 3752, IntermediateTestsTree -> {}, Outcome -> Success, FailureType -> None|>], Outcome -> Success, FailureType -> None|>]
AUX_TEST_EVENT InputForm[<|EventName -> TestEvaluated, EventID -> cd757d33-078c-4103-970c-b4359fb5146b, TestObject -> TestObject[<|MetaInformation -> None, AbsoluteTime -> 3.997747949334501`15.655420393999762*^9, SameTest -> SameQ, SameMessages -> Testing`MessageMatchQ, MemoryConstraint -> Infinity, TimeConstraint -> Infinity, CreationID -> ff2548d4-b495-464d-97c3-f70e914c944d, TestID -> AUX14_PROPAGATION_RATE_SEPARATION, TestFileName -> , EvaluationID -> cd757d33-078c-4103-970c-b4359fb5146b, Input -> HoldForm[Simplify[hresDot$11111 - {-3, -6, -2}*hub$11111*hres$11111]], ExpectedOutput -> HoldForm[{0, 0, 0}], ExpectedMessages -> HoldForm[{}], ActualOutput -> HoldForm[{0, 0, 0}], ActualMessages -> {}, AbsoluteTimeUsed -> 0.00007`1.9956130378462489, CPUTimeUsed -> 0.001364000000000587, MemoryUsed -> 3456, IntermediateTestsTree -> {}, Outcome -> Success, FailureType -> None|>], Outcome -> Success, FailureType -> None|>]
AUX_TEST_EVENT InputForm[<|EventName -> TestEvaluated, EventID -> 92d31400-4232-4852-b2fe-ae2bf83ec9b5, TestObject -> TestObject[<|MetaInformation -> None, AbsoluteTime -> 3.997747949334591`15.655420393999771*^9, SameTest -> SameQ, SameMessages -> Testing`MessageMatchQ, MemoryConstraint -> Infinity, TimeConstraint -> Infinity, CreationID -> 2a3ac309-79c9-41df-b907-34f3e733b14f, TestID -> AUX14_FERMI_ALIGNMENT_COUNTEREXAMPLE, TestFileName -> , EvaluationID -> 92d31400-4232-4852-b2fe-ae2bf83ec9b5, Input -> HoldForm[Expand[aDot$11111[[3]] + 1/ell$11111^2]], ExpectedOutput -> HoldForm[0], ExpectedMessages -> HoldForm[{}], ActualOutput -> HoldForm[0], ActualMessages -> {}, AbsoluteTimeUsed -> 0.000043`1.7839834534115777, CPUTimeUsed -> 0.0008429999999997051, MemoryUsed -> 3392, IntermediateTestsTree -> {}, Outcome -> Success, FailureType -> None|>], Outcome -> Success, FailureType -> None|>]
AUX_FINAL_BEGIN
{
	"stage":"BG02_AUX13_AUX14_V1",
	"status":"PASS_AUXILIARY_ONLY",
	"exit_code":0,
	"wolfram_version":"15.0.0 for Linux x86 (64-bit) (May 26, 2026)",
	"native_xact":false,
	"production_admitted":false,
	"required_ids":[
		"AUX13_CLASS_B_DIVERGENCE",
		"AUX13_STORAGE_ORDER_PARITY",
		"AUX13_ISOTROPIC_DIVERGENCE",
		"AUX13_EXCEPTIONAL_DETERMINANT",
		"AUX13_FULL_MOMENTUM_WITNESS",
		"AUX13_SHEAR_NORM_SURVIVAL",
		"AUX13_HAMILTONIAN_CONSUMER_SURVIVAL",
		"AUX13_MOMENTUM_CONSUMER_SIGN",
		"AUX14_SPATIAL_RICCI",
		"AUX14_NONZERO_HAMILTONIAN",
		"AUX14_ACTUAL_RATE_VALUES",
		"AUX14_JACOBI_VECTOR_DERIVATIVE",
		"AUX14_CURVATURE_DERIVATIVE",
		"AUX14_SHEAR_NORM_DERIVATIVE",
		"AUX14_DIRECT_HAMILTONIAN_DERIVATIVE",
		"AUX14_PROPAGATION_RATE_SEPARATION",
		"AUX14_FERMI_ALIGNMENT_COUNTEREXAMPLE"
	],
	"observed_ids":[
		"AUX13_CLASS_B_DIVERGENCE",
		"AUX13_STORAGE_ORDER_PARITY",
		"AUX13_ISOTROPIC_DIVERGENCE",
		"AUX13_EXCEPTIONAL_DETERMINANT",
		"AUX13_FULL_MOMENTUM_WITNESS",
		"AUX13_SHEAR_NORM_SURVIVAL",
		"AUX13_HAMILTONIAN_CONSUMER_SURVIVAL",
		"AUX13_MOMENTUM_CONSUMER_SIGN",
		"AUX14_SPATIAL_RICCI",
		"AUX14_NONZERO_HAMILTONIAN",
		"AUX14_ACTUAL_RATE_VALUES",
		"AUX14_JACOBI_VECTOR_DERIVATIVE",
		"AUX14_CURVATURE_DERIVATIVE",
		"AUX14_SHEAR_NORM_DERIVATIVE",
		"AUX14_DIRECT_HAMILTONIAN_DERIVATIVE",
		"AUX14_PROPAGATION_RATE_SEPARATION",
		"AUX14_FERMI_ALIGNMENT_COUNTEREXAMPLE"
	],
	"exact_ids":true,
	"rows":[
		{
			"id":"AUX13_CLASS_B_DIVERGENCE",
			"outcome":"\"Success\"",
			"actual":"HoldForm[{0, 0, 0}]",
			"expected":"HoldForm[{0, 0, 0}]",
			"actual_messages":"{}",
			"expected_messages":"HoldForm[{}]"
		},
		{
			"id":"AUX13_STORAGE_ORDER_PARITY",
			"outcome":"\"Success\"",
			"actual":"HoldForm[{0, 0, 0}]",
			"expected":"HoldForm[{0, 0, 0}]",
			"actual_messages":"{}",
			"expected_messages":"HoldForm[{}]"
		},
		{
			"id":"AUX13_ISOTROPIC_DIVERGENCE",
			"outcome":"\"Success\"",
			"actual":"HoldForm[{0, 0, 0}]",
			"expected":"HoldForm[{0, 0, 0}]",
			"actual_messages":"{}",
			"expected_messages":"HoldForm[{}]"
		},
		{
			"id":"AUX13_EXCEPTIONAL_DETERMINANT",
			"outcome":"\"Success\"",
			"actual":"HoldForm[0]",
			"expected":"HoldForm[0]",
			"actual_messages":"{}",
			"expected_messages":"HoldForm[{}]"
		},
		{
			"id":"AUX13_FULL_MOMENTUM_WITNESS",
			"outcome":"\"Success\"",
			"actual":"HoldForm[{0, 0, 0}]",
			"expected":"HoldForm[{0, 0, 0}]",
			"actual_messages":"{}",
			"expected_messages":"HoldForm[{}]"
		},
		{
			"id":"AUX13_SHEAR_NORM_SURVIVAL",
			"outcome":"\"Success\"",
			"actual":"HoldForm[0]",
			"expected":"HoldForm[0]",
			"actual_messages":"{}",
			"expected_messages":"HoldForm[{}]"
		},
		{
			"id":"AUX13_HAMILTONIAN_CONSUMER_SURVIVAL",
			"outcome":"\"Success\"",
			"actual":"HoldForm[0]",
			"expected":"HoldForm[0]",
			"actual_messages":"{}",
			"expected_messages":"HoldForm[{}]"
		},
		{
			"id":"AUX13_MOMENTUM_CONSUMER_SIGN",
			"outcome":"\"Success\"",
			"actual":"HoldForm[0]",
			"expected":"HoldForm[0]",
			"actual_messages":"{}",
			"expected_messages":"HoldForm[{}]"
		},
		{
			"id":"AUX14_SPATIAL_RICCI",
			"outcome":"\"Success\"",
			"actual":"HoldForm[{{0, 0, 0}, {0, 0, 0}, {0, 0, 0}}]",
			"expected":"HoldForm[{{0, 0, 0}, {0, 0, 0}, {0, 0, 0}}]",
			"actual_messages":"{}",
			"expected_messages":"HoldForm[{}]"
		},
		{
			"id":"AUX14_NONZERO_HAMILTONIAN",
			"outcome":"\"Success\"",
			"actual":"HoldForm[0]",
			"expected":"HoldForm[0]",
			"actual_messages":"{}",
			"expected_messages":"HoldForm[{}]"
		},
		{
			"id":"AUX14_ACTUAL_RATE_VALUES",
			"outcome":"\"Success\"",
			"actual":"HoldForm[{0, 0, 0}]",
			"expected":"HoldForm[{0, 0, 0}]",
			"actual_messages":"{}",
			"expected_messages":"HoldForm[{}]"
		},
		{
			"id":"AUX14_JACOBI_VECTOR_DERIVATIVE",
			"outcome":"\"Success\"",
			"actual":"HoldForm[{0, 0, 0}]",
			"expected":"HoldForm[{0, 0, 0}]",
			"actual_messages":"{}",
			"expected_messages":"HoldForm[{}]"
		},
		{
			"id":"AUX14_CURVATURE_DERIVATIVE",
			"outcome":"\"Success\"",
			"actual":"HoldForm[0]",
			"expected":"HoldForm[0]",
			"actual_messages":"{}",
			"expected_messages":"HoldForm[{}]"
		},
		{
			"id":"AUX14_SHEAR_NORM_DERIVATIVE",
			"outcome":"\"Success\"",
			"actual":"HoldForm[0]",
			"expected":"HoldForm[0]",
			"actual_messages":"{}",
			"expected_messages":"HoldForm[{}]"
		},
		{
			"id":"AUX14_DIRECT_HAMILTONIAN_DERIVATIVE",
			"outcome":"\"Success\"",
			"actual":"HoldForm[{0, 0, 0}]",
			"expected":"HoldForm[{0, 0, 0}]",
			"actual_messages":"{}",
			"expected_messages":"HoldForm[{}]"
		},
		{
			"id":"AUX14_PROPAGATION_RATE_SEPARATION",
			"outcome":"\"Success\"",
			"actual":"HoldForm[{0, 0, 0}]",
			"expected":"HoldForm[{0, 0, 0}]",
			"actual_messages":"{}",
			"expected_messages":"HoldForm[{}]"
		},
		{
			"id":"AUX14_FERMI_ALIGNMENT_COUNTEREXAMPLE",
			"outcome":"\"Success\"",
			"actual":"HoldForm[0]",
			"expected":"HoldForm[0]",
			"actual_messages":"{}",
			"expected_messages":"HoldForm[{}]"
		}
	],
	"runtime_failures":"{}",
	"source_before":{
		"Authority\/BG02Convention.wl":"e0185abaea54816fabd90170a48fb67dd45b27c8d4392734dc3f09d49dfa7efb",
		"Geometry\/StructureConstants.wl":"becef3c4f6b60e20c4eea1b361832239422ca8286b90dd10474203389e170f75",
		"Geometry\/LeviCivitaConnection.wl":"1f28c921734194c5a3b79e8d31ae045f7bfce336e2641e6e01a9232a0cdbc13d",
		"Geometry\/ONFConnectionCurvature.wl":"c2428d4466f05d88097db8a51f194458618a8f5837c625bb20f402301545a34e",
		"Background\/EinsteinProjection.wl":"65a60d806fa280aa4d0ee7843790896cd754880bb1a43239db2a59c1b0be4c5a"
	},
	"source_after":{
		"Authority\/BG02Convention.wl":"e0185abaea54816fabd90170a48fb67dd45b27c8d4392734dc3f09d49dfa7efb",
		"Geometry\/StructureConstants.wl":"becef3c4f6b60e20c4eea1b361832239422ca8286b90dd10474203389e170f75",
		"Geometry\/LeviCivitaConnection.wl":"1f28c921734194c5a3b79e8d31ae045f7bfce336e2641e6e01a9232a0cdbc13d",
		"Geometry\/ONFConnectionCurvature.wl":"c2428d4466f05d88097db8a51f194458618a8f5837c625bb20f402301545a34e",
		"Background\/EinsteinProjection.wl":"65a60d806fa280aa4d0ee7843790896cd754880bb1a43239db2a59c1b0be4c5a"
	},
	"source_unchanged":true
}
AUX_FINAL_END
