AP_SOURCE_BEFORE InputForm[<|wolfram/BASS/Kernel/Authority/BG02Convention.wl -> e0185abaea54816fabd90170a48fb67dd45b27c8d4392734dc3f09d49dfa7efb, wolfram/BASS/Kernel/Geometry/StructureConstants.wl -> becef3c4f6b60e20c4eea1b361832239422ca8286b90dd10474203389e170f75, wolfram/BASS/Kernel/Geometry/LeviCivitaConnection.wl -> 1f28c921734194c5a3b79e8d31ae045f7bfce336e2641e6e01a9232a0cdbc13d, wolfram/BASS/Kernel/Geometry/ONFConnectionCurvature.wl -> c2428d4466f05d88097db8a51f194458618a8f5837c625bb20f402301545a34e, wolfram/BASS/Kernel/Background/EinsteinProjection.wl -> 65a60d806fa280aa4d0ee7843790896cd754880bb1a43239db2a59c1b0be4c5a, docs/bass_master_ssot_v2/BG_02_IMPLEMENTATION/BG_02_CONVENTION_V2.json -> 60dd32c8185d37850a6f0878ba7c461644f332b96f6fcf92ec12823cfd487868, AbstractProjection.wl -> ff9d97d7315c8887563b2d7425c11381c8273d6f71ff7fb0d711b16a5466e824, projection_tests.wl -> ae0367f4b86e4f290e54cab3747ab323634b0800f8a46feebb1058a00ac0eea1, run_projection.wls -> 0d1155fce2d5a353300dcf63d64b6cb78ae9e1bba69bfcbfb0fd8e1de2a0ee55|>]
AP_XTENSOR_INIT InputForm[{/home/cosmosapjw/.WolframEngine/Applications/xAct/xTensor/Kernel/init.m, de9dc682f479e05d3fca377a15036c823023fa444f3456603317fc0fd8e2b1a0}]
------------------------------------------------------------
Package xAct`xPerm`  version 1.2.4, {2025, 12, 29}
CopyRight (C) 2003-2026, Jose M. Martin-Garcia, under the General Public License.
Connecting to external linux executable...
Connection established.
------------------------------------------------------------
Package xAct`xTensor` version 1.3.0, {2025, 12, 29}
CopyRight (C) 2002-2026, Jose M. Martin-Garcia, under the General Public License.
------------------------------------------------------------
These packages come with ABSOLUTELY NO WARRANTY; for details type Disclaimer[]. This is free software, and you are welcome to redistribute it under certain conditions. See the General Public License for details.
------------------------------------------------------------
AP_PROOF_BEGIN
** DefManifold: Defining manifold BASS`Research`AP1`Private`APM. 
** DefVBundle: Defining vbundle TangentBASS`Research`AP1`Private`APM. 
** DefTensor: Defining symmetric metric tensor BASS`Research`AP1`Private`met[-BASS`Research`AP1`Private`ia, -BASS`Research`AP1`Private`ib]. 
** DefTensor: Defining antisymmetric tensor epsilonBASS`Research`AP1`Private`met[-BASS`Research`AP1`Private`ia, -BASS`Research`AP1`Private`ib, -BASS`Research`AP1`Private`ic, -BASS`Research`AP1`Private`id]. 
** DefTensor: Defining tetrametric TetraBASS`Research`AP1`Private`met[-BASS`Research`AP1`Private`ia, -BASS`Research`AP1`Private`ib, -BASS`Research`AP1`Private`ic, -BASS`Research`AP1`Private`id]. 
** DefTensor: Defining tetrametric TetraBASS`Research`AP1`Private`met†[-BASS`Research`AP1`Private`ia, -BASS`Research`AP1`Private`ib, -BASS`Research`AP1`Private`ic, -BASS`Research`AP1`Private`id]. 
** DefCovD: Defining covariant derivative BASS`Research`AP1`Private`APCD[-BASS`Research`AP1`Private`ia]. 
** DefTensor: Defining vanishing torsion tensor TorsionBASS`Research`AP1`Private`APCD[BASS`Research`AP1`Private`ia, -BASS`Research`AP1`Private`ib, -BASS`Research`AP1`Private`ic]. 
** DefTensor: Defining symmetric Christoffel tensor ChristoffelBASS`Research`AP1`Private`APCD[BASS`Research`AP1`Private`ia, -BASS`Research`AP1`Private`ib, -BASS`Research`AP1`Private`ic]. 
** DefTensor: Defining Riemann tensor RiemannBASS`Research`AP1`Private`APCD[-BASS`Research`AP1`Private`ia, -BASS`Research`AP1`Private`ib, -BASS`Research`AP1`Private`ic, -BASS`Research`AP1`Private`id]. 
** DefTensor: Defining symmetric Ricci tensor RicciBASS`Research`AP1`Private`APCD[-BASS`Research`AP1`Private`ia, -BASS`Research`AP1`Private`ib]. 
** DefCovD: Contractions of Riemann automatically replaced by Ricci.
** DefTensor: Defining Ricci scalar RicciScalarBASS`Research`AP1`Private`APCD[]. 
** DefCovD: Contractions of Ricci automatically replaced by RicciScalar.
** DefTensor: Defining symmetric Einstein tensor EinsteinBASS`Research`AP1`Private`APCD[-BASS`Research`AP1`Private`ia, -BASS`Research`AP1`Private`ib]. 
** DefTensor: Defining Weyl tensor WeylBASS`Research`AP1`Private`APCD[-BASS`Research`AP1`Private`ia, -BASS`Research`AP1`Private`ib, -BASS`Research`AP1`Private`ic, -BASS`Research`AP1`Private`id]. 
** DefTensor: Defining symmetric TFRicci tensor TFRicciBASS`Research`AP1`Private`APCD[-BASS`Research`AP1`Private`ia, -BASS`Research`AP1`Private`ib]. 
** DefTensor: Defining Kretschmann scalar KretschmannBASS`Research`AP1`Private`APCD[]. 
** DefCovD: Computing RiemannToWeylRules for dim 4
** DefCovD: Computing RicciToTFRicci for dim 4
** DefCovD: Computing RicciToEinsteinRules for dim 4
** DefTensor: Defining weight +2 density DetBASS`Research`AP1`Private`met[].      Determinant.
** DefTensor: Defining tensor BASS`Research`AP1`Private`nu[BASS`Research`AP1`Private`ia]. 
** DefTensor: Defining tensor BASS`Research`AP1`Private`KK[-BASS`Research`AP1`Private`ia, -BASS`Research`AP1`Private`ib]. 
** DefTensor: Defining tensor BASS`Research`AP1`Private`LL[-BASS`Research`AP1`Private`ia, -BASS`Research`AP1`Private`ib]. 
** DefTensor: Defining tensor BASS`Research`AP1`Private`ZZ[-BASS`Research`AP1`Private`ia, -BASS`Research`AP1`Private`ib]. 
** DefTensor: Defining tensor BASS`Research`AP1`Private`DA[-BASS`Research`AP1`Private`ia, -BASS`Research`AP1`Private`ib]. 
** DefTensor: Defining tensor BASS`Research`AP1`Private`StressPi[-BASS`Research`AP1`Private`ia, -BASS`Research`AP1`Private`ib]. 
** DefTensor: Defining tensor BASS`Research`AP1`Private`Sigma[-BASS`Research`AP1`Private`ia, -BASS`Research`AP1`Private`ib]. 
** DefTensor: Defining tensor BASS`Research`AP1`Private`LSigma[-BASS`Research`AP1`Private`ia, -BASS`Research`AP1`Private`ib]. 
** DefTensor: Defining tensor BASS`Research`AP1`Private`DK[-BASS`Research`AP1`Private`ia, -BASS`Research`AP1`Private`ib, -BASS`Research`AP1`Private`ic]. 
** DefTensor: Defining tensor BASS`Research`AP1`Private`acc[-BASS`Research`AP1`Private`ia]. 
** DefTensor: Defining tensor BASS`Research`AP1`Private`flux[-BASS`Research`AP1`Private`ia]. 
** DefTensor: Defining tensor BASS`Research`AP1`Private`HH[]. 
** DefTensor: Defining tensor BASS`Research`AP1`Private`HD[]. 
** DefTensor: Defining tensor BASS`Research`AP1`Private`rho[]. 
** DefTensor: Defining tensor BASS`Research`AP1`Private`press[]. 
** DefConstantSymbol: Defining constant symbol BASS`Research`AP1`Private`kappaG. 
** DefConstantSymbol: Defining constant symbol BASS`Research`AP1`Private`lambda. 

Validate::inhom: Found inhomogeneous indices: {IndexList[], IndexList[-BASS`Research`AP1`Private`ia, -BASS`Research`AP1`Private`ib]}.
