.FFFFFFFFFFFF                                                            [100%]
=================================== FAILURES ===================================
______________ test_route_is_default_off_before_native_execution _______________

    def test_route_is_default_off_before_native_execution() -> None:
>       with pytest.raises(native.GenericVectorHostDisabledError):
                           ^^^^^^^^^^^^^^^^^^^^^^^^^^^^^^^^^^^^^
E       AttributeError: module 'bianchi_rustcore' has no attribute 'GenericVectorHostDisabledError'

tests/test_bass3_generic_vector_host_parity.py:108: AttributeError
_____ test_generic_non_collinear_host_matches_frozen_oracle_and_invariants _____

    def test_generic_non_collinear_host_matches_frozen_oracle_and_invariants() -> None:
        directions, weights = _inputs()
        expected = oracle.paired_bundle(directions, weights, BETA, BETA_DOT)
>       result = _host()
                 ^^^^^^^

tests/test_bass3_generic_vector_host_parity.py:115: 
_ _ _ _ _ _ _ _ _ _ _ _ _ _ _ _ _ _ _ _ _ _ _ _ _ _ _ _ _ _ _ _ _ _ _ _ _ _ _ _ 

beta = array([ 0.31, -0.27,  0.19]), beta_dot = array([-0.023,  0.017,  0.029])
alpha = 0.73, directions = None, weights = None, enabled = True

    def _host(
        beta: np.ndarray = BETA,
        beta_dot: np.ndarray = BETA_DOT,
        alpha: float = ALPHA,
        *,
        directions: np.ndarray | None = None,
        weights: np.ndarray | None = None,
        enabled: bool = True,
    ) -> dict:
        default_directions, default_weights = _inputs()
>       return native.generic_vector_host(
               ^^^^^^^^^^^^^^^^^^^^^^^^^^
            default_directions if directions is None else directions,
            default_weights if weights is None else weights,
            np.ascontiguousarray(beta, dtype=float),
            np.ascontiguousarray(beta_dot, dtype=float),
            float(alpha),
            enabled=enabled,
        )
E       AttributeError: module 'bianchi_rustcore' has no attribute 'generic_vector_host'

tests/test_bass3_generic_vector_host_parity.py:52: AttributeError
____________ test_rotated_so3_equivalent_case_executes_covariantly _____________

    def test_rotated_so3_equivalent_case_executes_covariantly() -> None:
        directions, weights = _inputs()
        rotation = oracle.rotation_matrix(np.array([0.4, -0.3, 0.7]), 0.61)
>       rotated = _host(
            rotation @ BETA,
            rotation @ BETA_DOT,
            directions=np.ascontiguousarray(directions @ rotation.T),
            weights=weights,
        )

tests/test_bass3_generic_vector_host_parity.py:149: 
_ _ _ _ _ _ _ _ _ _ _ _ _ _ _ _ _ _ _ _ _ _ _ _ _ _ _ _ _ _ _ _ _ _ _ _ _ _ _ _ 

beta = array([ 0.37494641, -0.15211983,  0.20340784])
beta_dot = array([-0.03198544, -0.00495135,  0.02472682]), alpha = 0.73
directions = array([[-0.85864304, -0.43691516, -0.26802476],
       [ 0.85864304,  0.43691516,  0.26802476],
       [ 0.49540769, -...1697766,  0.5726726 ],
       [ 0.28565994,  0.92148383, -0.26318427],
       [ 0.13376811,  0.55479836,  0.82116068]])
weights = array([0.5983986 , 0.5983986 , 0.5983986 , 0.5983986 , 0.5983986 ,
       0.5983986 , 0.47871888, 0.47871888, 0.478718...7871888, 0.40391906, 0.40391906,
       0.40391906, 0.40391906, 0.40391906, 0.40391906, 0.40391906,
       0.40391906])
enabled = True

    def _host(
        beta: np.ndarray = BETA,
        beta_dot: np.ndarray = BETA_DOT,
        alpha: float = ALPHA,
        *,
        directions: np.ndarray | None = None,
        weights: np.ndarray | None = None,
        enabled: bool = True,
    ) -> dict:
        default_directions, default_weights = _inputs()
>       return native.generic_vector_host(
               ^^^^^^^^^^^^^^^^^^^^^^^^^^
            default_directions if directions is None else directions,
            default_weights if weights is None else weights,
            np.ascontiguousarray(beta, dtype=float),
            np.ascontiguousarray(beta_dot, dtype=float),
            float(alpha),
            enabled=enabled,
        )
E       AttributeError: module 'bianchi_rustcore' has no attribute 'generic_vector_host'

tests/test_bass3_generic_vector_host_parity.py:52: AttributeError
_____________ test_global_scalar_rescaling_changes_only_rate_data ______________

    def test_global_scalar_rescaling_changes_only_rate_data() -> None:
>       base = _host()
               ^^^^^^^

tests/test_bass3_generic_vector_host_parity.py:171: 
_ _ _ _ _ _ _ _ _ _ _ _ _ _ _ _ _ _ _ _ _ _ _ _ _ _ _ _ _ _ _ _ _ _ _ _ _ _ _ _ 

beta = array([ 0.31, -0.27,  0.19]), beta_dot = array([-0.023,  0.017,  0.029])
alpha = 0.73, directions = None, weights = None, enabled = True

    def _host(
        beta: np.ndarray = BETA,
        beta_dot: np.ndarray = BETA_DOT,
        alpha: float = ALPHA,
        *,
        directions: np.ndarray | None = None,
        weights: np.ndarray | None = None,
        enabled: bool = True,
    ) -> dict:
        default_directions, default_weights = _inputs()
>       return native.generic_vector_host(
               ^^^^^^^^^^^^^^^^^^^^^^^^^^
            default_directions if directions is None else directions,
            default_weights if weights is None else weights,
            np.ascontiguousarray(beta, dtype=float),
            np.ascontiguousarray(beta_dot, dtype=float),
            float(alpha),
            enabled=enabled,
        )
E       AttributeError: module 'bianchi_rustcore' has no attribute 'generic_vector_host'

tests/test_bass3_generic_vector_host_parity.py:52: AttributeError
______ test_near_vacuum_nonzero_opacity_executes_without_selecting_vacuum ______

    def test_near_vacuum_nonzero_opacity_executes_without_selecting_vacuum() -> None:
>       near = _host(alpha=1e-14)
               ^^^^^^^^^^^^^^^^^^

tests/test_bass3_generic_vector_host_parity.py:181: 
_ _ _ _ _ _ _ _ _ _ _ _ _ _ _ _ _ _ _ _ _ _ _ _ _ _ _ _ _ _ _ _ _ _ _ _ _ _ _ _ 

beta = array([ 0.31, -0.27,  0.19]), beta_dot = array([-0.023,  0.017,  0.029])
alpha = 1e-14, directions = None, weights = None, enabled = True

    def _host(
        beta: np.ndarray = BETA,
        beta_dot: np.ndarray = BETA_DOT,
        alpha: float = ALPHA,
        *,
        directions: np.ndarray | None = None,
        weights: np.ndarray | None = None,
        enabled: bool = True,
    ) -> dict:
        default_directions, default_weights = _inputs()
>       return native.generic_vector_host(
               ^^^^^^^^^^^^^^^^^^^^^^^^^^
            default_directions if directions is None else directions,
            default_weights if weights is None else weights,
            np.ascontiguousarray(beta, dtype=float),
            np.ascontiguousarray(beta_dot, dtype=float),
            float(alpha),
            enabled=enabled,
        )
E       AttributeError: module 'bianchi_rustcore' has no attribute 'generic_vector_host'

tests/test_bass3_generic_vector_host_parity.py:52: AttributeError
_______ test_exact_vacuum_is_collision_off_without_nontrivial_projector ________

    def test_exact_vacuum_is_collision_off_without_nontrivial_projector() -> None:
>       result = _host(alpha=0.0)
                 ^^^^^^^^^^^^^^^^

tests/test_bass3_generic_vector_host_parity.py:195: 
_ _ _ _ _ _ _ _ _ _ _ _ _ _ _ _ _ _ _ _ _ _ _ _ _ _ _ _ _ _ _ _ _ _ _ _ _ _ _ _ 

beta = array([ 0.31, -0.27,  0.19]), beta_dot = array([-0.023,  0.017,  0.029])
alpha = 0.0, directions = None, weights = None, enabled = True

    def _host(
        beta: np.ndarray = BETA,
        beta_dot: np.ndarray = BETA_DOT,
        alpha: float = ALPHA,
        *,
        directions: np.ndarray | None = None,
        weights: np.ndarray | None = None,
        enabled: bool = True,
    ) -> dict:
        default_directions, default_weights = _inputs()
>       return native.generic_vector_host(
               ^^^^^^^^^^^^^^^^^^^^^^^^^^
            default_directions if directions is None else directions,
            default_weights if weights is None else weights,
            np.ascontiguousarray(beta, dtype=float),
            np.ascontiguousarray(beta_dot, dtype=float),
            float(alpha),
            enabled=enabled,
        )
E       AttributeError: module 'bianchi_rustcore' has no attribute 'generic_vector_host'

tests/test_bass3_generic_vector_host_parity.py:52: AttributeError
____________ test_mutation_omit_q_from_paired_left_dual_is_detected ____________

    def test_mutation_omit_q_from_paired_left_dual_is_detected() -> None:
>       result = _host()
                 ^^^^^^^

tests/test_bass3_generic_vector_host_parity.py:202: 
_ _ _ _ _ _ _ _ _ _ _ _ _ _ _ _ _ _ _ _ _ _ _ _ _ _ _ _ _ _ _ _ _ _ _ _ _ _ _ _ 

beta = array([ 0.31, -0.27,  0.19]), beta_dot = array([-0.023,  0.017,  0.029])
alpha = 0.73, directions = None, weights = None, enabled = True

    def _host(
        beta: np.ndarray = BETA,
        beta_dot: np.ndarray = BETA_DOT,
        alpha: float = ALPHA,
        *,
        directions: np.ndarray | None = None,
        weights: np.ndarray | None = None,
        enabled: bool = True,
    ) -> dict:
        default_directions, default_weights = _inputs()
>       return native.generic_vector_host(
               ^^^^^^^^^^^^^^^^^^^^^^^^^^
            default_directions if directions is None else directions,
            default_weights if weights is None else weights,
            np.ascontiguousarray(beta, dtype=float),
            np.ascontiguousarray(beta_dot, dtype=float),
            float(alpha),
            enabled=enabled,
        )
E       AttributeError: module 'bianchi_rustcore' has no attribute 'generic_vector_host'

tests/test_bass3_generic_vector_host_parity.py:52: AttributeError
____________ test_mutation_apply_q_twice_as_rate_factor_is_detected ____________

    def test_mutation_apply_q_twice_as_rate_factor_is_detected() -> None:
>       result = _host()
                 ^^^^^^^

tests/test_bass3_generic_vector_host_parity.py:213: 
_ _ _ _ _ _ _ _ _ _ _ _ _ _ _ _ _ _ _ _ _ _ _ _ _ _ _ _ _ _ _ _ _ _ _ _ _ _ _ _ 

beta = array([ 0.31, -0.27,  0.19]), beta_dot = array([-0.023,  0.017,  0.029])
alpha = 0.73, directions = None, weights = None, enabled = True

    def _host(
        beta: np.ndarray = BETA,
        beta_dot: np.ndarray = BETA_DOT,
        alpha: float = ALPHA,
        *,
        directions: np.ndarray | None = None,
        weights: np.ndarray | None = None,
        enabled: bool = True,
    ) -> dict:
        default_directions, default_weights = _inputs()
>       return native.generic_vector_host(
               ^^^^^^^^^^^^^^^^^^^^^^^^^^
            default_directions if directions is None else directions,
            default_weights if weights is None else weights,
            np.ascontiguousarray(beta, dtype=float),
            np.ascontiguousarray(beta_dot, dtype=float),
            float(alpha),
            enabled=enabled,
        )
E       AttributeError: module 'bianchi_rustcore' has no attribute 'generic_vector_host'

tests/test_bass3_generic_vector_host_parity.py:52: AttributeError
____________ test_mutation_omit_gamma_from_global_rate_is_detected _____________

    def test_mutation_omit_gamma_from_global_rate_is_detected() -> None:
>       result = _host()
                 ^^^^^^^

tests/test_bass3_generic_vector_host_parity.py:219: 
_ _ _ _ _ _ _ _ _ _ _ _ _ _ _ _ _ _ _ _ _ _ _ _ _ _ _ _ _ _ _ _ _ _ _ _ _ _ _ _ 

beta = array([ 0.31, -0.27,  0.19]), beta_dot = array([-0.023,  0.017,  0.029])
alpha = 0.73, directions = None, weights = None, enabled = True

    def _host(
        beta: np.ndarray = BETA,
        beta_dot: np.ndarray = BETA_DOT,
        alpha: float = ALPHA,
        *,
        directions: np.ndarray | None = None,
        weights: np.ndarray | None = None,
        enabled: bool = True,
    ) -> dict:
        default_directions, default_weights = _inputs()
>       return native.generic_vector_host(
               ^^^^^^^^^^^^^^^^^^^^^^^^^^
            default_directions if directions is None else directions,
            default_weights if weights is None else weights,
            np.ascontiguousarray(beta, dtype=float),
            np.ascontiguousarray(beta_dot, dtype=float),
            float(alpha),
            enabled=enabled,
        )
E       AttributeError: module 'bianchi_rustcore' has no attribute 'generic_vector_host'

tests/test_bass3_generic_vector_host_parity.py:52: AttributeError
______ test_mutation_keep_left_dual_fixed_while_beta_changes_is_detected _______

    def test_mutation_keep_left_dual_fixed_while_beta_changes_is_detected() -> None:
>       result = _host()
                 ^^^^^^^

tests/test_bass3_generic_vector_host_parity.py:225: 
_ _ _ _ _ _ _ _ _ _ _ _ _ _ _ _ _ _ _ _ _ _ _ _ _ _ _ _ _ _ _ _ _ _ _ _ _ _ _ _ 

beta = array([ 0.31, -0.27,  0.19]), beta_dot = array([-0.023,  0.017,  0.029])
alpha = 0.73, directions = None, weights = None, enabled = True

    def _host(
        beta: np.ndarray = BETA,
        beta_dot: np.ndarray = BETA_DOT,
        alpha: float = ALPHA,
        *,
        directions: np.ndarray | None = None,
        weights: np.ndarray | None = None,
        enabled: bool = True,
    ) -> dict:
        default_directions, default_weights = _inputs()
>       return native.generic_vector_host(
               ^^^^^^^^^^^^^^^^^^^^^^^^^^
            default_directions if directions is None else directions,
            default_weights if weights is None else weights,
            np.ascontiguousarray(beta, dtype=float),
            np.ascontiguousarray(beta_dot, dtype=float),
            float(alpha),
            enabled=enabled,
        )
E       AttributeError: module 'bianchi_rustcore' has no attribute 'generic_vector_host'

tests/test_bass3_generic_vector_host_parity.py:52: AttributeError
____________ test_mutation_reverse_kato_commutator_sign_is_detected ____________

    def test_mutation_reverse_kato_commutator_sign_is_detected() -> None:
>       result = _host()
                 ^^^^^^^

tests/test_bass3_generic_vector_host_parity.py:231: 
_ _ _ _ _ _ _ _ _ _ _ _ _ _ _ _ _ _ _ _ _ _ _ _ _ _ _ _ _ _ _ _ _ _ _ _ _ _ _ _ 

beta = array([ 0.31, -0.27,  0.19]), beta_dot = array([-0.023,  0.017,  0.029])
alpha = 0.73, directions = None, weights = None, enabled = True

    def _host(
        beta: np.ndarray = BETA,
        beta_dot: np.ndarray = BETA_DOT,
        alpha: float = ALPHA,
        *,
        directions: np.ndarray | None = None,
        weights: np.ndarray | None = None,
        enabled: bool = True,
    ) -> dict:
        default_directions, default_weights = _inputs()
>       return native.generic_vector_host(
               ^^^^^^^^^^^^^^^^^^^^^^^^^^
            default_directions if directions is None else directions,
            default_weights if weights is None else weights,
            np.ascontiguousarray(beta, dtype=float),
            np.ascontiguousarray(beta_dot, dtype=float),
            float(alpha),
            enabled=enabled,
        )
E       AttributeError: module 'bianchi_rustcore' has no attribute 'generic_vector_host'

tests/test_bass3_generic_vector_host_parity.py:52: AttributeError
____ test_mutation_select_nontrivial_projector_at_exact_vacuum_is_detected _____

    def test_mutation_select_nontrivial_projector_at_exact_vacuum_is_detected() -> None:
>       result = dict(_host(alpha=0.0))
                      ^^^^^^^^^^^^^^^^

tests/test_bass3_generic_vector_host_parity.py:238: 
_ _ _ _ _ _ _ _ _ _ _ _ _ _ _ _ _ _ _ _ _ _ _ _ _ _ _ _ _ _ _ _ _ _ _ _ _ _ _ _ 

beta = array([ 0.31, -0.27,  0.19]), beta_dot = array([-0.023,  0.017,  0.029])
alpha = 0.0, directions = None, weights = None, enabled = True

    def _host(
        beta: np.ndarray = BETA,
        beta_dot: np.ndarray = BETA_DOT,
        alpha: float = ALPHA,
        *,
        directions: np.ndarray | None = None,
        weights: np.ndarray | None = None,
        enabled: bool = True,
    ) -> dict:
        default_directions, default_weights = _inputs()
>       return native.generic_vector_host(
               ^^^^^^^^^^^^^^^^^^^^^^^^^^
            default_directions if directions is None else directions,
            default_weights if weights is None else weights,
            np.ascontiguousarray(beta, dtype=float),
            np.ascontiguousarray(beta_dot, dtype=float),
            float(alpha),
            enabled=enabled,
        )
E       AttributeError: module 'bianchi_rustcore' has no attribute 'generic_vector_host'

tests/test_bass3_generic_vector_host_parity.py:52: AttributeError
=========================== short test summary info ============================
FAILED tests/test_bass3_generic_vector_host_parity.py::test_route_is_default_off_before_native_execution
FAILED tests/test_bass3_generic_vector_host_parity.py::test_generic_non_collinear_host_matches_frozen_oracle_and_invariants
FAILED tests/test_bass3_generic_vector_host_parity.py::test_rotated_so3_equivalent_case_executes_covariantly
FAILED tests/test_bass3_generic_vector_host_parity.py::test_global_scalar_rescaling_changes_only_rate_data
FAILED tests/test_bass3_generic_vector_host_parity.py::test_near_vacuum_nonzero_opacity_executes_without_selecting_vacuum
FAILED tests/test_bass3_generic_vector_host_parity.py::test_exact_vacuum_is_collision_off_without_nontrivial_projector
FAILED tests/test_bass3_generic_vector_host_parity.py::test_mutation_omit_q_from_paired_left_dual_is_detected
FAILED tests/test_bass3_generic_vector_host_parity.py::test_mutation_apply_q_twice_as_rate_factor_is_detected
FAILED tests/test_bass3_generic_vector_host_parity.py::test_mutation_omit_gamma_from_global_rate_is_detected
FAILED tests/test_bass3_generic_vector_host_parity.py::test_mutation_keep_left_dual_fixed_while_beta_changes_is_detected
FAILED tests/test_bass3_generic_vector_host_parity.py::test_mutation_reverse_kato_commutator_sign_is_detected
FAILED tests/test_bass3_generic_vector_host_parity.py::test_mutation_select_nontrivial_projector_at_exact_vacuum_is_detected
12 failed, 1 passed in 0.27s
