   Compiling proc-macro2 v1.0.107
   Compiling autocfg v1.5.1
   Compiling quote v1.0.47
   Compiling unicode-ident v1.0.24
   Compiling libm v0.2.16
   Compiling bytemuck v1.25.2
   Compiling rand_core v0.6.4
   Compiling crossbeam-utils v0.8.22
   Compiling libc v0.2.189
   Compiling cfg-if v1.0.4
   Compiling crossbeam-epoch v0.9.20
   Compiling nano-gemm-codegen v0.2.1
   Compiling crossbeam-deque v0.8.7
   Compiling bitflags v2.13.1
   Compiling rayon-core v1.13.0
   Compiling version_check v0.9.5
   Compiling paste v1.0.15
   Compiling reborrow v0.5.5
   Compiling either v1.17.0
   Compiling pulp-wasm-simd-flag v0.1.1
   Compiling target-lexicon v0.13.5
   Compiling dyn-stack-macros v0.1.3
   Compiling once_cell v1.21.4
   Compiling memchr v2.8.3
   Compiling ucd-trie v0.1.7
   Compiling getrandom v0.3.4
   Compiling zerocopy v0.8.55
   Compiling syn v1.0.109
   Compiling rand v0.8.7
   Compiling raw-cpuid v11.6.0
   Compiling seq-macro v0.3.6
   Compiling nano-gemm-core v0.2.1
   Compiling rawpointer v0.2.1
   Compiling defer v0.2.1
   Compiling safe_arch v1.1.0
   Compiling serde_core v1.0.229
   Compiling equator-macro v0.6.0
   Compiling byteorder v1.5.0
   Compiling thiserror v2.0.19
   Compiling generativity v1.2.1
   Compiling pulp v0.22.3
   Compiling dyn-stack v0.13.2
   Compiling typenum v1.20.1
   Compiling heck v0.5.0
   Compiling diffsol-la v0.1.0
   Compiling zmij v1.0.23
   Compiling num-traits v0.2.19
   Compiling matrixmultiply v0.3.11
   Compiling pest v2.8.8
   Compiling equivalent v1.0.2
   Compiling foldhash v0.1.5
   Compiling hashbrown v0.17.1
   Compiling serde_json v1.0.151
   Compiling serde v1.0.229
   Compiling log v0.4.33
   Compiling nano-gemm-c64 v0.2.1
   Compiling crossbeam-channel v0.5.16
   Compiling crossbeam-queue v0.3.13
   Compiling nano-gemm-f64 v0.2.1
   Compiling nano-gemm-c32 v0.2.1
   Compiling nano-gemm-f32 v0.2.1
   Compiling pyo3-build-config v0.29.0
   Compiling wide v1.5.0
   Compiling equator v0.6.0
   Compiling hashbrown v0.15.5
   Compiling fixedbitset v0.5.7
   Compiling itoa v1.0.18
   Compiling diffsol v0.16.1
   Compiling rustc-hash v2.1.3
   Compiling syn v2.0.119
   Compiling syn v3.0.3
   Compiling crossbeam v0.8.4
   Compiling indexmap v2.14.0
   Compiling pyo3-ffi v0.29.0
   Compiling pyo3 v0.29.0
   Compiling numpy v0.29.0
   Compiling rayon v1.12.0
   Compiling atomic-wait v1.1.0
   Compiling num_cpus v1.17.0
   Compiling pest_meta v2.8.8
   Compiling rand_core v0.9.5
   Compiling petgraph v0.8.3
   Compiling num-complex v0.4.6
   Compiling num-integer v0.1.46
   Compiling approx v0.5.1
   Compiling num-bigint v0.4.8
   Compiling ndarray v0.17.2
   Compiling thiserror-impl v2.0.19
   Compiling serde_derive v1.0.229
   Compiling num-rational v0.4.2
   Compiling interpol v0.2.1
   Compiling simba v0.10.0
   Compiling private-gemm-x86 v0.1.20
   Compiling pest_generator v2.8.8
   Compiling pyo3-macros-backend v0.29.0
   Compiling ppv-lite86 v0.2.21
   Compiling equator-macro v0.4.2
   Compiling equator-macro v0.2.1
   Compiling nalgebra-macros v0.3.0
   Compiling rand_chacha v0.9.0
   Compiling pest_derive v2.8.8
   Compiling rand v0.9.5
   Compiling py_literal v0.4.0
   Compiling equator v0.2.2
   Compiling equator v0.4.2
   Compiling spindle v0.2.6
   Compiling gemm-common v0.19.0
   Compiling qd v0.8.0
   Compiling rand_distr v0.5.1
   Compiling npyz v0.8.4
   Compiling faer-traits v0.24.0
   Compiling gemm-c32 v0.19.0
   Compiling gemm-f32 v0.19.0
   Compiling gemm-c64 v0.19.0
   Compiling gemm-f64 v0.19.0
   Compiling gemm v0.19.0
   Compiling pyo3-macros v0.29.0
   Compiling nalgebra v0.35.0
   Compiling nano-gemm v0.2.2
   Compiling faer v0.24.4
   Compiling diffsol-nl v0.1.0
   Compiling bianchi_rustcore v0.1.0 (/tmp/bass-rf04-20260829.VJ09sG/worktree/_rustcore)
error[E0432]: unresolved import `super::rf04_typeii`
 --> src/kinetic/rf04_contract_tests.rs:3:12
  |
3 | use super::rf04_typeii::{
  |            ^^^^^^^^^^^ could not find `rf04_typeii` in `super`

For more information about this error, try `rustc --explain E0432`.
error: could not compile `bianchi_rustcore` (lib test) due to 1 previous error
