    Checking bianchi_rustcore v0.1.0 (/home/cosmosapjw/bass/_rustcore)
error: the loop variable `i` is used to index `sn`
  --> src/kinetic/realizability.rs:92:14
   |
92 |     for i in 0..3 {
   |              ^^^^
   |
   = help: for further information visit https://rust-lang.github.io/rust-clippy/rust-1.94.0/index.html#needless_range_loop
   = note: `-D clippy::needless-range-loop` implied by `-D warnings`
   = help: to override `-D warnings` add `#[allow(clippy::needless_range_loop)]`
help: consider using an iterator and enumerate()
   |
92 -     for i in 0..3 {
92 +     for (i, <item>) in sn.iter().enumerate() {
   |

error: the loop variable `j` is only used to index `sn`
  --> src/kinetic/realizability.rs:93:18
   |
93 |         for j in (i + 1)..3 {
   |                  ^^^^^^^^^^
   |
   = help: for further information visit https://rust-lang.github.io/rust-clippy/rust-1.94.0/index.html#needless_range_loop
help: consider using an iterator
   |
93 -         for j in (i + 1)..3 {
93 +         for <item> in sn.iter().skip((i + 1)) {
   |

error: could not compile `bianchi_rustcore` (lib) due to 2 previous errors
warning: build failed, waiting for other jobs to finish...
error: could not compile `bianchi_rustcore` (lib test) due to 2 previous errors
