kind,grid,candidate,count,min_weight,weight_sum,angular_moment_error,constant_error,profile_output_trace,profile_trace_error,screen_leakage,realizability
CANDIDATE,Lebedev26,nearest1,1,1.00000000000000000e0,1.00000000000000000e0,3.93897026327350186e-1,1.11022302462515654e-16,1.90000000000000013e0,1.47609515716808914e-2,2.22044604925031308e-16,PASS
SUPPORT,Lebedev26,nearest1,9.22422566325235449e-1
PREDECLARED_SUPPORT_PASS,Lebedev26,nearest1,7.50000000000000000e-1
PREDECLARED_SUPPORT_PASS,Lebedev26,nearest1,8.00000000000000044e-1
SUPPORT_MUTATION,Lebedev26,nearest1,TransportSupportViolation { source: Some(0), dot: 0.9224225663252354, minimum_dot: 0.999999999999 }
CANDIDATE,Lebedev26,inverse_chord4,4,2.06806715356918330e-1,1.00000000000000000e0,1.58054353422780319e-1,1.11022302462515654e-16,1.94465171846536111e0,2.98907668936800874e-2,5.55111512312578270e-17,PASS
SUPPORT,Lebedev26,inverse_chord4,8.14960349280714591e-1
PREDECLARED_SUPPORT_PASS,Lebedev26,inverse_chord4,7.50000000000000000e-1
PREDECLARED_SUPPORT_PASS,Lebedev26,inverse_chord4,8.00000000000000044e-1
SUPPORT_MUTATION,Lebedev26,inverse_chord4,TransportSupportViolation { source: Some(0), dot: 0.9224225663252354, minimum_dot: 0.999999999999 }
CANDIDATE,Lebedev26,tangent_triangle_max_support,3,1.00699779064712835e-1,1.00000000000000000e0,1.10339036855163469e-1,1.38777878078144568e-16,1.92416614607771264e0,9.40519450603161111e-3,0.00000000000000000e0,PASS
SUPPORT,Lebedev26,tangent_triangle_max_support,8.44472950777289344e-1
PREDECLARED_SUPPORT_PASS,Lebedev26,tangent_triangle_max_support,7.50000000000000000e-1
PREDECLARED_SUPPORT_PASS,Lebedev26,tangent_triangle_max_support,8.00000000000000044e-1
SUPPORT_MUTATION,Lebedev26,tangent_triangle_max_support,TransportSupportViolation { source: Some(0), dot: 0.9224225663252354, minimum_dot: 0.999999999999 }
CANDIDATE,GL4x8,nearest1,1,1.00000000000000000e0,1.00000000000000000e0,1.51413864194596876e-1,1.11022302462515654e-16,1.94983384808839411e0,3.50728965167130813e-2,1.11022302462515654e-16,PASS
SUPPORT,GL4x8,nearest1,9.88536920864830138e-1
PREDECLARED_SUPPORT_PASS,GL4x8,nearest1,7.50000000000000000e-1
PREDECLARED_SUPPORT_PASS,GL4x8,nearest1,8.00000000000000044e-1
SUPPORT_MUTATION,GL4x8,nearest1,TransportSupportViolation { source: Some(0), dot: 0.9885369208648301, minimum_dot: 0.999999999999 }
CANDIDATE,GL4x8,inverse_chord4,4,1.21059955946525813e-1,1.00000000000000000e0,6.71514835030553175e-2,1.11022302462515654e-16,1.91166876718934975e0,3.09218438233127557e-3,2.77555756156289135e-17,PASS
SUPPORT,GL4x8,inverse_chord4,8.23102730106566427e-1
PREDECLARED_SUPPORT_PASS,GL4x8,inverse_chord4,7.50000000000000000e-1
PREDECLARED_SUPPORT_PASS,GL4x8,inverse_chord4,8.00000000000000044e-1
SUPPORT_MUTATION,GL4x8,inverse_chord4,TransportSupportViolation { source: Some(0), dot: 0.9885369208648301, minimum_dot: 0.999999999999 }
CANDIDATE,GL4x8,tangent_triangle_max_support,3,1.94558071616484890e-1,1.00000000000000000e0,6.64405414270556327e-2,1.11022302462515654e-16,1.92042428009998645e0,5.66332852830542244e-3,2.22044604925031308e-16,PASS
SUPPORT,GL4x8,tangent_triangle_max_support,8.23102730106566427e-1
PREDECLARED_SUPPORT_PASS,GL4x8,tangent_triangle_max_support,7.50000000000000000e-1
PREDECLARED_SUPPORT_PASS,GL4x8,tangent_triangle_max_support,8.00000000000000044e-1
SUPPORT_MUTATION,GL4x8,tangent_triangle_max_support,TransportSupportViolation { source: Some(0), dot: 0.9885369208648301, minimum_dot: 0.999999999999 }
CANDIDATE,GL6x12,nearest1,1,1.00000000000000000e0,1.00000000000000000e0,5.05633627865646126e-2,1.11022302462515654e-16,1.89837024390644471e0,1.63907076652363148e-2,2.22044604925031308e-16,PASS
SUPPORT,GL6x12,nearest1,9.98721673171857116e-1
PREDECLARED_SUPPORT_PASS,GL6x12,nearest1,7.50000000000000000e-1
PREDECLARED_SUPPORT_PASS,GL6x12,nearest1,8.00000000000000044e-1
SUPPORT_MUTATION,GL6x12,nearest1,TransportSupportViolation { source: Some(0), dot: 0.9987216731718571, minimum_dot: 0.999999999999 }
CANDIDATE,GL6x12,inverse_chord4,4,8.86710291242456261e-2,9.99999999999999778e-1,5.50219802574953287e-2,1.11022302462515654e-16,1.91345905239963976e0,1.30189917204126537e-3,0.00000000000000000e0,PASS
SUPPORT,GL6x12,inverse_chord4,9.43256197625524040e-1
PREDECLARED_SUPPORT_PASS,GL6x12,inverse_chord4,7.50000000000000000e-1
PREDECLARED_SUPPORT_PASS,GL6x12,inverse_chord4,8.00000000000000044e-1
SUPPORT_MUTATION,GL6x12,inverse_chord4,TransportSupportViolation { source: Some(0), dot: 0.9987216731718571, minimum_dot: 0.999999999999 }
CANDIDATE,GL6x12,tangent_triangle_max_support,3,7.62932129276773507e-2,1.00000000000000000e0,1.15439053586077964e-2,1.11022302462515654e-16,1.91574494307959586e0,9.83991507914838692e-4,2.22044604925031308e-16,PASS
SUPPORT,GL6x12,tangent_triangle_max_support,8.97724444834882229e-1
PREDECLARED_SUPPORT_PASS,GL6x12,tangent_triangle_max_support,7.50000000000000000e-1
PREDECLARED_SUPPORT_PASS,GL6x12,tangent_triangle_max_support,8.00000000000000044e-1
SUPPORT_MUTATION,GL6x12,tangent_triangle_max_support,TransportSupportViolation { source: Some(0), dot: 0.9987216731718571, minimum_dot: 0.999999999999 }
CANDIDATE,GL8x16,nearest1,1,1.00000000000000000e0,1.00000000000000000e0,1.23481138115824174e-1,2.22044604925031308e-16,1.92369959659884504e0,8.93864502716401610e-3,2.77555756156289135e-17,PASS
SUPPORT,GL8x16,nearest1,9.92376204264810435e-1
PREDECLARED_SUPPORT_PASS,GL8x16,nearest1,7.50000000000000000e-1
PREDECLARED_SUPPORT_PASS,GL8x16,nearest1,8.00000000000000044e-1
SUPPORT_MUTATION,GL8x16,nearest1,TransportSupportViolation { source: Some(0), dot: 0.9923762042648104, minimum_dot: 0.999999999999 }
CANDIDATE,GL8x16,inverse_chord4,4,1.74757589976780647e-1,9.99999999999999889e-1,1.33744655458639949e-1,1.11022302462515654e-16,1.90605109876565804e0,8.70985280602298850e-3,5.55111512312578270e-17,PASS
SUPPORT,GL8x16,inverse_chord4,9.72324002715309721e-1
PREDECLARED_SUPPORT_PASS,GL8x16,inverse_chord4,7.50000000000000000e-1
PREDECLARED_SUPPORT_PASS,GL8x16,inverse_chord4,8.00000000000000044e-1
SUPPORT_MUTATION,GL8x16,inverse_chord4,TransportSupportViolation { source: Some(0), dot: 0.9923762042648104, minimum_dot: 0.999999999999 }
CANDIDATE,GL8x16,tangent_triangle_max_support,3,1.49204095462594916e-1,1.00000000000000000e0,1.74859949795372338e-2,1.11022302462515654e-16,1.91625144114455948e0,1.49048957287845063e-3,1.38777878078144568e-17,PASS
SUPPORT,GL8x16,tangent_triangle_max_support,9.65758910801159276e-1
PREDECLARED_SUPPORT_PASS,GL8x16,tangent_triangle_max_support,7.50000000000000000e-1
PREDECLARED_SUPPORT_PASS,GL8x16,tangent_triangle_max_support,8.00000000000000044e-1
SUPPORT_MUTATION,GL8x16,tangent_triangle_max_support,TransportSupportViolation { source: Some(0), dot: 0.9923762042648104, minimum_dot: 0.999999999999 }
NEGATIVE_MUTATION,NegativeWeight { index: 1, value: -0.1 }
ANTIPODAL_MUTATION,AntipodalTransport { source: Some(0), dot: -1.0 }
