REFERENCE_IDENTITY,implementation=independent_numpy_formula_plus_scipy_DOP853,nfev=26,rtol=2e-13,atol=2e-15,dimension=36
P4_LOCAL_CHECK,name,epsilon,max_abs_derivative_error,max_abs_expected_rhs
P4_LOCAL_CHECK,collision,9.99999999999999955e-07,9.01623997684453116e-09,7.09836897273630196e-02
P4_LOCAL_CHECK,geometry,9.99999999999999955e-07,8.20411040491908494e-09,1.18685120927201612e-01
P4_LOCAL_CHECK,representation_geometry,9.99999999999999955e-07,5.53073439824025570e-09,1.18685120927201612e-01
P4_LOCAL_CHECK,composed,9.99999999999999955e-07,3.94674123244120878e-08,1.30836780795074825e-01
P4_CONVERGENCE,ordering,steps,h,max_abs_error,ratio_from_previous,mutual_difference
P4_CONVERGENCE,collision_outer,1,1.60000000000000003e-01,7.06982481920581662e-05,nan,3.59010514007218617e-05
P4_CONVERGENCE,geometry_outer,1,1.60000000000000003e-01,3.47971967913363045e-05,nan,3.59010514007218617e-05
P4_CONVERGENCE,collision_outer,2,8.00000000000000017e-02,3.96636442823172786e-05,1.78244459053846027e+00,1.96388876855801975e-05
P4_CONVERGENCE,geometry_outer,2,8.00000000000000017e-02,2.00247565967370811e-05,1.73770885170241263e+00,1.96388876855801975e-05
P4_CONVERGENCE,collision_outer,4,4.00000000000000008e-02,2.16951186436942223e-05,1.82822896402300539e+00,1.07991135983032116e-05
P4_CONVERGENCE,geometry_outer,4,4.00000000000000008e-02,1.08960050453910107e-05,1.83780720670715136e+00,1.07991135983032116e-05
P4_CONVERGENCE,collision_outer,8,2.00000000000000004e-02,1.13137027206167140e-05,1.91759666834445630e+00,5.64471216457640423e-06
P4_CONVERGENCE,geometry_outer,8,2.00000000000000004e-02,5.66899055604030977e-06,1.92203619633504541e+00,5.64471216457640423e-06
P4_CONVERGENCE,collision_outer,16,1.00000000000000002e-02,5.77342897944976841e-06,1.95961581252445871e+00,2.88367614420526053e-06
P4_CONVERGENCE,geometry_outer,16,1.00000000000000002e-02,2.88975283524450788e-06,1.96175620520176586e+00,2.88367614420526053e-06
P4_CONVERGENCE,collision_outer,32,5.00000000000000010e-03,2.91586422768164155e-06,1.98000610749977635e+00,1.45717208138718135e-06
P4_CONVERGENCE,geometry_outer,32,5.00000000000000010e-03,1.45869214629446020e-06,1.98105737566723361e+00,1.45717208138718135e-06
P4_CONVERGENCE,collision_outer,64,2.50000000000000005e-03,1.46522022209660818e-06,1.99005185958277497e+00,7.32420052718119052e-07
P4_CONVERGENCE,geometry_outer,64,2.50000000000000005e-03,7.32800169378489130e-07,1.99057288364387652e+00,7.32420052718119052e-07
P4_MUTATION,name,steps,max_abs_error,error_over_pristine_n4,max_abs_delta_from_pristine
P4_MUTATION,mutant_central_k_sign,4,4.66763921230499146e-02,2.15146977942969716e+03,4.66550235355329135e-02
P4_MUTATION,mutant_stage_collapse,4,2.34375494572169885e-05,1.08031441736453515e+00,1.74258912466473959e-06
P4_MUTATION,mutant_endpoint_reverse,4,2.23615038350555295e-05,1.03071590445323502e+00,6.66701504781208598e-07
P4_REFERENCE_VECTOR,4.66948149987663819e-01,2.48986290488415418e-01,2.96935182691742294e-01,-2.09499628892168638e-01,-2.57448521095495431e-01,-3.94866615962466833e-02,7.20009022350567157e-03,7.20009022350569239e-03,7.20009022350565856e-03,4.81733338400377575e-01,2.63429413694946768e-01,3.00695389165540727e-01,2.22233681464891947e-01,2.59499656935485878e-01,-4.11957322300546547e-02,9.10178480427729746e-03,-9.10178480427727143e-03,-9.10178480427730092e-03,5.02798199896805520e-01,2.84575630961658055e-01,3.16962482370700738e-01,2.35205674243881613e-01,-2.67592525652924240e-01,4.93699567177762963e-02,-1.04750457363517544e-02,1.04750457363517319e-02,-1.04750457363517475e-02,5.18622607375718414e-01,3.02100799183579460e-01,3.17970685304398981e-01,-2.51376360627449502e-01,2.67246246748269134e-01,5.07244385561297570e-02,-1.23673103905631628e-02,-1.23673103905631628e-02,1.23673103905631628e-02
