warning: constant `POLARIZATION_AUTHORITY_SHA256` is never used
 --> /tmp/bass-rf04-pol-source.aUfpr6/worktree/generated/rust/typeii/typeii_polarized.rs:5:11
  |
5 | pub const POLARIZATION_AUTHORITY_SHA256: &str =
  |           ^^^^^^^^^^^^^^^^^^^^^^^^^^^^^
  |
  = note: `#[warn(dead_code)]` (part of `#[warn(unused)]`) on by default

warning: constant `FORMULA_AUTHORITY_SHA256` is never used
 --> /tmp/bass-rf04-pol-source.aUfpr6/worktree/generated/rust/typeii/typeii_background.rs:4:11
  |
4 | pub const FORMULA_AUTHORITY_SHA256: &str =
  |           ^^^^^^^^^^^^^^^^^^^^^^^^

warning: function `rhs` is never used
 --> /tmp/bass-rf04-pol-source.aUfpr6/worktree/generated/rust/typeii/typeii_background.rs:8:8
  |
8 | pub fn rhs(state: &[f64; 5], gamma: f64) -> [f64; 5] {
  |        ^^^

warning: function `jvp` is never used
  --> /tmp/bass-rf04-pol-source.aUfpr6/worktree/generated/rust/typeii/typeii_background.rs:52:8
   |
52 | pub fn jvp(state: &[f64; 5], gamma: f64, direction: &[f64; 5]) -> [f64; 5] {
   |        ^^^

warning: function `aberrate` is never used
 --> /tmp/bass-rf04-pol-source.aUfpr6/worktree/generated/rust/typeii/typeii_collision.rs:4:4
  |
4 | fn aberrate(e: [f64; 3], v: f64, axis: usize) -> ([f64; 3], f64) {
  |    ^^^^^^^^

warning: function `collision_generator_apply` is never used
  --> /tmp/bass-rf04-pol-source.aUfpr6/worktree/generated/rust/typeii/typeii_collision.rs:23:8
   |
23 | pub fn collision_generator_apply(
   |        ^^^^^^^^^^^^^^^^^^^^^^^^^

warning: struct `ProjectorFactors` is never constructed
 --> /tmp/bass-rf04-pol-source.aUfpr6/worktree/generated/rust/typeii/typeii_kato.rs:5:12
  |
5 | pub struct ProjectorFactors {
  |            ^^^^^^^^^^^^^^^^

warning: function `validate` is never used
  --> /tmp/bass-rf04-pol-source.aUfpr6/worktree/generated/rust/typeii/typeii_kato.rs:14:4
   |
14 | fn validate(directions: &[[f64; 3]], weights: &[f64], y: &[f64], axis: usize) {
   |    ^^^^^^^^

warning: function `projector_factors` is never used
  --> /tmp/bass-rf04-pol-source.aUfpr6/worktree/generated/rust/typeii/typeii_kato.rs:20:8
   |
20 | pub fn projector_factors(
   |        ^^^^^^^^^^^^^^^^^

warning: function `projector_apply` is never used
  --> /tmp/bass-rf04-pol-source.aUfpr6/worktree/generated/rust/typeii/typeii_kato.rs:60:8
   |
60 | pub fn projector_apply(
   |        ^^^^^^^^^^^^^^^

warning: function `projector_dv_apply` is never used
  --> /tmp/bass-rf04-pol-source.aUfpr6/worktree/generated/rust/typeii/typeii_kato.rs:73:8
   |
73 | pub fn projector_dv_apply(
   |        ^^^^^^^^^^^^^^^^^^

warning: function `kato_apply` is never used
  --> /tmp/bass-rf04-pol-source.aUfpr6/worktree/generated/rust/typeii/typeii_kato.rs:93:8
   |
93 | pub fn kato_apply(
   |        ^^^^^^^^^^

warning: field `max_splits` is never read
  --> /tmp/bass-rf04-pol-source.aUfpr6/worktree/runtime/rust/typeii/typeii_runtime.rs:10:9
   |
 7 | pub struct KrylovOptions {
   |            ------------- field in this struct
...
10 |     pub max_splits: usize,
   |         ^^^^^^^^^^
   |
   = note: `KrylovOptions` has derived impls for the traits `Debug` and `Clone`, but these are intentionally ignored during dead code analysis

warning: fields `requested` and `dimension` are never read
  --> /tmp/bass-rf04-pol-source.aUfpr6/worktree/runtime/rust/typeii/typeii_runtime.rs:29:24
   |
29 |     SubspaceTooSmall { requested: usize, dimension: usize },
   |     ----------------   ^^^^^^^^^         ^^^^^^^^^
   |     |
   |     fields in this variant
   |
   = note: `RuntimeError` has derived impls for the traits `Clone` and `Debug`, but these are intentionally ignored during dead code analysis

warning: variants `DimensionMismatch` and `KrylovDidNotConverge` are never constructed
  --> /tmp/bass-rf04-pol-source.aUfpr6/worktree/runtime/rust/typeii/typeii_runtime.rs:25:5
   |
24 | pub enum RuntimeError {
   |          ------------ variants in this enum
25 |     DimensionMismatch,
   |     ^^^^^^^^^^^^^^^^^
...
28 |     KrylovDidNotConverge { estimate: f64 },
   |     ^^^^^^^^^^^^^^^^^^^^
   |
   = note: `RuntimeError` has derived impls for the traits `Clone` and `Debug`, but these are intentionally ignored during dead code analysis

warning: function `phi1_action` is never used
   --> /tmp/bass-rf04-pol-source.aUfpr6/worktree/runtime/rust/typeii/typeii_runtime.rs:203:8
    |
203 | pub fn phi1_action<F>(
    |        ^^^^^^^^^^^

warning: function `transport_apply` is never used
   --> /tmp/bass-rf04-pol-source.aUfpr6/worktree/runtime/rust/typeii/typeii_runtime.rs:237:8
    |
237 | pub fn transport_apply(
    |        ^^^^^^^^^^^^^^^

warning: function `kato_aem2_step` is never used
   --> /tmp/bass-rf04-pol-source.aUfpr6/worktree/runtime/rust/typeii/typeii_runtime.rs:265:8
    |
265 | pub fn kato_aem2_step(
    |        ^^^^^^^^^^^^^^

warning: variant `Reject` is never constructed
  --> /tmp/bass-rf04-pol-source.aUfpr6/worktree/runtime/rust/typeii/typeii_physical_guard.rs:17:5
   |
16 | pub enum ScreenInputPolicy {
   |          ----------------- variant in this enum
17 |     Reject { tolerance: f64 },
   |     ^^^^^^
   |
   = note: `ScreenInputPolicy` has derived impls for the traits `Debug` and `Clone`, but these are intentionally ignored during dead code analysis

warning: multiple variants are never constructed
  --> /tmp/bass-rf04-pol-source.aUfpr6/worktree/runtime/rust/typeii/typeii_physical_guard.rs:24:5
   |
22 | pub enum PhysicalCarrierError {
   |          -------------------- variants in this enum
23 |     EmptyGrid,
24 |     DirectionWeightMismatch {
   |     ^^^^^^^^^^^^^^^^^^^^^^^
...
32 |     InvalidAxis {
   |     ^^^^^^^^^^^
...
35 |     NonFiniteVelocity,
   |     ^^^^^^^^^^^^^^^^^
36 |     SuperluminalVelocity {
   |     ^^^^^^^^^^^^^^^^^^^^
...
39 |     NonFiniteVelocityDerivative,
   |     ^^^^^^^^^^^^^^^^^^^^^^^^^^^
...
49 |     NonFiniteWeight {
   |     ^^^^^^^^^^^^^^^
...
52 |     NonPositiveWeight {
   |     ^^^^^^^^^^^^^^^^^
...
79 |     OperatorDimensionMismatch {
   |     ^^^^^^^^^^^^^^^^^^^^^^^^^
...
83 |     OperatorOutputNonFinite {
   |     ^^^^^^^^^^^^^^^^^^^^^^^
...
86 |     OperatorOutputLeakage {
   |     ^^^^^^^^^^^^^^^^^^^^^
   |
   = note: `PhysicalCarrierError` has derived impls for the traits `Debug` and `Clone`, but these are intentionally ignored during dead code analysis

warning: function `canonicalize_directions_unchecked` is never used
   --> /tmp/bass-rf04-pol-source.aUfpr6/worktree/runtime/rust/typeii/typeii_physical_guard.rs:140:15
    |
140 | pub(crate) fn canonicalize_directions_unchecked(directions: &[[f64; 3]]) -> Vec<[f64; 3]> {
    |               ^^^^^^^^^^^^^^^^^^^^^^^^^^^^^^^^^

warning: function `validate_physical_operator_inputs` is never used
   --> /tmp/bass-rf04-pol-source.aUfpr6/worktree/runtime/rust/typeii/typeii_physical_guard.rs:221:8
    |
221 | pub fn validate_physical_operator_inputs(
    |        ^^^^^^^^^^^^^^^^^^^^^^^^^^^^^^^^^

warning: function `validate_operator_output` is never used
   --> /tmp/bass-rf04-pol-source.aUfpr6/worktree/runtime/rust/typeii/typeii_physical_guard.rs:453:4
    |
453 | fn validate_operator_output(expected: usize, output: &[f64]) -> Result<(), PhysicalCarrierError> {
    |    ^^^^^^^^^^^^^^^^^^^^^^^^

warning: function `collision_apply_projected_unchecked` is never used
   --> /tmp/bass-rf04-pol-source.aUfpr6/worktree/runtime/rust/typeii/typeii_physical_guard.rs:488:15
    |
488 | pub(crate) fn collision_apply_projected_unchecked(
    |               ^^^^^^^^^^^^^^^^^^^^^^^^^^^^^^^^^^^

warning: function `kato_apply_projected_unchecked` is never used
   --> /tmp/bass-rf04-pol-source.aUfpr6/worktree/runtime/rust/typeii/typeii_physical_guard.rs:507:15
    |
507 | pub(crate) fn kato_apply_projected_unchecked(
    |               ^^^^^^^^^^^^^^^^^^^^^^^^^^^^^^

warning: function `collision_apply_physical` is never used
   --> /tmp/bass-rf04-pol-source.aUfpr6/worktree/runtime/rust/typeii/typeii_physical_guard.rs:528:8
    |
528 | pub fn collision_apply_physical(
    |        ^^^^^^^^^^^^^^^^^^^^^^^^

warning: function `kato_apply_physical` is never used
   --> /tmp/bass-rf04-pol-source.aUfpr6/worktree/runtime/rust/typeii/typeii_physical_guard.rs:557:8
    |
557 | pub fn kato_apply_physical(
    |        ^^^^^^^^^^^^^^^^^^^

warning: constant `TYPEII_DIAGONAL_GAUGE_TOLERANCE` is never used
  --> /tmp/bass-rf04-pol-source.aUfpr6/worktree/runtime/rust/typeii/typeii_polarized_liouville.rs:16:11
   |
16 | pub const TYPEII_DIAGONAL_GAUGE_TOLERANCE: f64 = 1e-12;
   |           ^^^^^^^^^^^^^^^^^^^^^^^^^^^^^^^

warning: variant `DegenerateTypeIIGauge` is never constructed
   --> /tmp/bass-rf04-pol-source.aUfpr6/worktree/runtime/rust/typeii/typeii_polarized_liouville.rs:115:5
    |
 80 | pub enum PolarizedLiouvilleError {
    |          ----------------------- variant in this enum
...
115 |     DegenerateTypeIIGauge {
    |     ^^^^^^^^^^^^^^^^^^^^^
    |
    = note: `PolarizedLiouvilleError` has derived impls for the traits `Debug` and `Clone`, but these are intentionally ignored during dead code analysis

warning: multiple fields are never read
   --> /tmp/bass-rf04-pol-source.aUfpr6/worktree/runtime/rust/typeii/typeii_polarized_liouville.rs:126:9
    |
123 | pub struct PolarizedCharacteristicResult {
    |            ----------------------------- fields in this struct
...
126 |     pub log_energy_shift: f64,
    |         ^^^^^^^^^^^^^^^^
127 |     pub log_bolometric_shift: f64,
    |         ^^^^^^^^^^^^^^^^^^^^
128 |     pub screen_connection_integral: f64,
    |         ^^^^^^^^^^^^^^^^^^^^^^^^^^
...
133 |     pub transport_orthogonality_defect: f64,
    |         ^^^^^^^^^^^^^^^^^^^^^^^^^^^^^^
134 |     pub transport_determinant_defect: f64,
    |         ^^^^^^^^^^^^^^^^^^^^^^^^^^^^
135 |     pub max_screen_leakage: f64,
    |         ^^^^^^^^^^^^^^^^^^
136 |     pub minimum_coherency_eigenvalue: f64,
    |         ^^^^^^^^^^^^^^^^^^^^^^^^^^^^
    |
    = note: `PolarizedCharacteristicResult` has derived impls for the traits `Debug` and `Clone`, but these are intentionally ignored during dead code analysis

warning: function `typeii_background_from_state` is never used
   --> /tmp/bass-rf04-pol-source.aUfpr6/worktree/runtime/rust/typeii/typeii_polarized_liouville.rs:310:8
    |
310 | pub fn typeii_background_from_state(
    |        ^^^^^^^^^^^^^^^^^^^^^^^^^^^^

warning: function `polarized_bolometric_rhs` is never used
   --> /tmp/bass-rf04-pol-source.aUfpr6/worktree/runtime/rust/typeii/typeii_polarized_liouville.rs:548:8
    |
548 | pub fn polarized_bolometric_rhs(
    |        ^^^^^^^^^^^^^^^^^^^^^^^^

warning: function `transport_typeii_characteristic` is never used
   --> /tmp/bass-rf04-pol-source.aUfpr6/worktree/runtime/rust/typeii/typeii_polarized_liouville.rs:677:8
    |
677 | pub fn transport_typeii_characteristic(
    |        ^^^^^^^^^^^^^^^^^^^^^^^^^^^^^^^

warning: `rf04_p4p5_probe` (bin "rf04_p4p5_probe") generated 33 warnings
    Finished `release` profile [optimized] target(s) in 0.08s
