BASS_AUDIT_COMPILED_PLAN_VERIFY_PASS threats=12 claims=12 tasks=5 invariants=5 failure_modes=5
test_contract_is_exact_base_and_read_only_review (test_compiled_plan.CompiledPlanTests.test_contract_is_exact_base_and_read_only_review) ... ok
test_every_p0_p1_has_mechanical_detector (test_compiled_plan.CompiledPlanTests.test_every_p0_p1_has_mechanical_detector) ... ok
test_package_verifier_passes (test_compiled_plan.CompiledPlanTests.test_package_verifier_passes) ... ok

----------------------------------------------------------------------
Ran 3 tests in 0.790s

OK
AGENTS_MAP_PROPOSAL.md: OK
AUDIT_COMPILED_EXEC_PLAN.json: OK
CODEX_HANDOFF.md: OK
CURRENT_STATE.json: OK
FRESH_CONTEXT_REVIEWER_PROMPT.md: OK
FRESH_CONTEXT_REVIEW_CONTRACT.json: OK
FUTURE_DAG.jsonl: OK
NEXT_ACTION.md: OK
P0_P1_POLICY.md: OK
P0_P1_THREAT_CATALOGUE.jsonl: OK
PR_CONTRACTS/BASS-AC-01.json: OK
README.md: OK
SCIENCE_CLAIM_LEDGER.jsonl: OK
SCIENTIFIC_ADVERSARIAL_AUDIT.md: OK
WEB_EVIDENCE.json: OK
schemas/audit-compiled-pr-v1.schema.json: OK
scripts/run_verify.sh: OK
scripts/verify_compiled_plan.py: OK
tests/test_compiled_plan.py: OK
