------------------------------------------------------------
Package xAct`xPerm`  version 1.2.4, {2025, 12, 29}
CopyRight (C) 2003-2026, Jose M. Martin-Garcia, under the General Public License.
Connecting to external linux executable...
Connection established.
------------------------------------------------------------
Package xAct`xTensor` version 1.3.0, {2025, 12, 29}
CopyRight (C) 2002-2026, Jose M. Martin-Garcia, under the General Public License.
------------------------------------------------------------
These packages come with ABSOLUTELY NO WARRANTY; for details type Disclaimer[]. This is free software, and you are welcome to redistribute it under certain conditions. See the General Public License for details.
------------------------------------------------------------
DIAG_STAGE owner
** DefManifold: Defining manifold BASS`Research`AP1`Private`APM. 
** DefVBundle: Defining vbundle TangentBASS`Research`AP1`Private`APM. 
** DefTensor: Defining symmetric metric tensor BASS`Research`AP1`Private`met[-BASS`Research`AP1`Private`ia, -BASS`Research`AP1`Private`ib]. 
** DefTensor: Defining antisymmetric tensor epsilonBASS`Research`AP1`Private`met[-BASS`Research`AP1`Private`ia, -BASS`Research`AP1`Private`ib, -BASS`Research`AP1`Private`ic, -BASS`Research`AP1`Private`id]. 
** DefTensor: Defining tetrametric TetraBASS`Research`AP1`Private`met[-BASS`Research`AP1`Private`ia, -BASS`Research`AP1`Private`ib, -BASS`Research`AP1`Private`ic, -BASS`Research`AP1`Private`id]. 
** DefTensor: Defining tetrametric TetraBASS`Research`AP1`Private`met†[-BASS`Research`AP1`Private`ia, -BASS`Research`AP1`Private`ib, -BASS`Research`AP1`Private`ic, -BASS`Research`AP1`Private`id]. 
** DefCovD: Defining covariant derivative BASS`Research`AP1`Private`APCD[-BASS`Research`AP1`Private`ia]. 
** DefTensor: Defining vanishing torsion tensor TorsionBASS`Research`AP1`Private`APCD[BASS`Research`AP1`Private`ia, -BASS`Research`AP1`Private`ib, -BASS`Research`AP1`Private`ic]. 
** DefTensor: Defining symmetric Christoffel tensor ChristoffelBASS`Research`AP1`Private`APCD[BASS`Research`AP1`Private`ia, -BASS`Research`AP1`Private`ib, -BASS`Research`AP1`Private`ic]. 
** DefTensor: Defining Riemann tensor RiemannBASS`Research`AP1`Private`APCD[-BASS`Research`AP1`Private`ia, -BASS`Research`AP1`Private`ib, -BASS`Research`AP1`Private`ic, -BASS`Research`AP1`Private`id]. 
** DefTensor: Defining symmetric Ricci tensor RicciBASS`Research`AP1`Private`APCD[-BASS`Research`AP1`Private`ia, -BASS`Research`AP1`Private`ib]. 
** DefCovD: Contractions of Riemann automatically replaced by Ricci.
** DefTensor: Defining Ricci scalar RicciScalarBASS`Research`AP1`Private`APCD[]. 
** DefCovD: Contractions of Ricci automatically replaced by RicciScalar.
** DefTensor: Defining symmetric Einstein tensor EinsteinBASS`Research`AP1`Private`APCD[-BASS`Research`AP1`Private`ia, -BASS`Research`AP1`Private`ib]. 
** DefTensor: Defining Weyl tensor WeylBASS`Research`AP1`Private`APCD[-BASS`Research`AP1`Private`ia, -BASS`Research`AP1`Private`ib, -BASS`Research`AP1`Private`ic, -BASS`Research`AP1`Private`id]. 
** DefTensor: Defining symmetric TFRicci tensor TFRicciBASS`Research`AP1`Private`APCD[-BASS`Research`AP1`Private`ia, -BASS`Research`AP1`Private`ib]. 
** DefTensor: Defining Kretschmann scalar KretschmannBASS`Research`AP1`Private`APCD[]. 
** DefCovD: Computing RiemannToWeylRules for dim 4
** DefCovD: Computing RicciToTFRicci for dim 4
** DefCovD: Computing RicciToEinsteinRules for dim 4
** DefTensor: Defining weight +2 density DetBASS`Research`AP1`Private`met[].      Determinant.
** DefTensor: Defining tensor BASS`Research`AP1`Private`nu[BASS`Research`AP1`Private`ia]. 
** DefTensor: Defining tensor BASS`Research`AP1`Private`KK[-BASS`Research`AP1`Private`ia, -BASS`Research`AP1`Private`ib]. 
** DefTensor: Defining tensor BASS`Research`AP1`Private`LL[-BASS`Research`AP1`Private`ia, -BASS`Research`AP1`Private`ib]. 
** DefTensor: Defining tensor BASS`Research`AP1`Private`ZZ[-BASS`Research`AP1`Private`ia, -BASS`Research`AP1`Private`ib]. 
** DefTensor: Defining tensor BASS`Research`AP1`Private`DA[-BASS`Research`AP1`Private`ia, -BASS`Research`AP1`Private`ib]. 
** DefTensor: Defining tensor BASS`Research`AP1`Private`StressPi[-BASS`Research`AP1`Private`ia, -BASS`Research`AP1`Private`ib]. 
** DefTensor: Defining tensor BASS`Research`AP1`Private`Sigma[-BASS`Research`AP1`Private`ia, -BASS`Research`AP1`Private`ib]. 
** DefTensor: Defining tensor BASS`Research`AP1`Private`LSigma[-BASS`Research`AP1`Private`ia, -BASS`Research`AP1`Private`ib]. 
** DefTensor: Defining tensor BASS`Research`AP1`Private`DK[-BASS`Research`AP1`Private`ia, -BASS`Research`AP1`Private`ib, -BASS`Research`AP1`Private`ic]. 
** DefTensor: Defining tensor BASS`Research`AP1`Private`acc[-BASS`Research`AP1`Private`ia]. 
** DefTensor: Defining tensor BASS`Research`AP1`Private`flux[-BASS`Research`AP1`Private`ia]. 
** DefTensor: Defining tensor BASS`Research`AP1`Private`HH[]. 
** DefTensor: Defining tensor BASS`Research`AP1`Private`HD[]. 
** DefTensor: Defining tensor BASS`Research`AP1`Private`rho[]. 
** DefTensor: Defining tensor BASS`Research`AP1`Private`press[]. 
** DefConstantSymbol: Defining constant symbol BASS`Research`AP1`Private`kappaG. 
** DefConstantSymbol: Defining constant symbol BASS`Research`AP1`Private`lambda. 
DIAG_STAGE vb
DIAG_STAGE rules
DIAG_STAGE dNormalRules
DIAG_STAGE scalarR
DIAG_STAGE eActual
DIAG_STAGE hActual
DIAG_STAGE mActual
DIAG_STAGE pActual
DIAG_STAGE sActual
DIAG_STAGE hExpected
DIAG_STAGE mExpected
DIAG_STAGE pExpected
DIAG_STAGE sExpected
DIAG_STAGE projectedGauss
DIAG_STAGE projectedMixed
DIAG_STAGE projectedElectric
DIAG_STAGE reconstructed
DIAG_STAGE lieMetric
DIAG_STAGE scalarTraceCheck
DIAG_STAGE kRules
DIAG_STAGE lGoodRules
DIAG_STAGE lBadRules
DIAG_STAGE sourceInput
DIAG_STAGE sourceValues
DIAG_STAGE shearValues
DIAG_STAGE traceMutation
DIAG_STAGE mutationWitness
DIAG_STAGE riemHead
DIAG_STAGE residuals

Validate::repeated: Found indices with the same name -BASS`Research`AP1`Private`ia.
DIAG_RESULT InputForm[Null]
