{
  "schema_version": "1.0",
  "experiment_id": "BASS-REI-E3",
  "status": "PASS",
  "checks": 22029,
  "native_history_calls": 2,
  "precision_digits": 70,
  "tolerance": "2E-12",
  "probability_absolute_tolerance": "2E-14",
  "max_scaled_errors": {
    "edge charge density": "2.285047758151132292884067156237949629538673851758810315596767047428733E-16",
    "edge SI density": "2.138049236886144140978647392718573616838660064093168410123177970830372E-16",
    "left-sampled source rate": "3.389028743303281750053781442837856460492275756567750614455407910384798E-16",
    "backward depth": "1.993021834046465627254551565587784652256457298385681818883639462751081E-15",
    "survival absolute": "4.126750628460612669897694871018932132463949703946383830E-16",
    "cell probability": "5.540192039854548384186974933750891296053714607896143787891693105347262E-16",
    "boundary mass": "2.604880344913809605756414087437309843275219712383834912E-16"
  },
  "histories": [
    {
      "intervals": 1000,
      "wall_seconds": 0.24761568699614145,
      "thomson_depth": 0.0002233524596172,
      "initial_ne_m3": 102.45,
      "final_ne_m3": 112.8323441714812,
      "initial_T_K": 49999.99999999999,
      "final_T_K": 46683.228224938066,
      "interval_probability_mass": 0.00018284510725211916,
      "max_step_local_error": 7.655009614115915e-05,
      "max_step_residual": 9.92030080992044e-15
    },
    {
      "intervals": 2000,
      "wall_seconds": 0.47021251000114717,
      "thomson_depth": 0.00022336042110622,
      "initial_ne_m3": 102.45,
      "final_ne_m3": 112.83224926834306,
      "initial_T_K": 49999.99999999999,
      "final_T_K": 46683.5541528309,
      "interval_probability_mass": 0.00018285162411208654,
      "max_step_local_error": 2.1305993210707364e-05,
      "max_step_residual": 9.932976643248508e-15
    }
  ],
  "refinement": {
    "paired_histories": [
      1000,
      2000
    ],
    "opacity_L1_difference": "8.00733381490822000000000000E-9",
    "max_survival_difference": "6.5168602E-9",
    "mapping_bound_at_start": "8.0073337828495226738819164292452922465371973711825451747718411E-9",
    "depth_difference": "7.96148902E-9",
    "interpretation": "finite difference between two actual discrete chemistry/sampling histories; not a continuum error certificate or measured convergence order"
  },
  "failures": [],
  "native_binary_sha256": "4532743176b812a62ff044ee5e6ad7b9142197af6bf675955e90fc4cc5dcefbc",
  "oracle_sha256": "015160d9fe9fc25061422daafa0266468840ac76dad1f99bc2c55ac80b30ff71",
  "scope": "static controlled FT03 histories mapped through actual BASS cold-Thomson model; no expansion, no self-consistent Bianchi or thermal/KN certificate",
  "timestamp_utc": "2026-10-04T16:26:56Z"
}
