
running 0 tests

test result: ok. 0 passed; 0 failed; 0 ignored; 0 measured; 0 filtered out; finished in 0.00s


running 0 tests

test result: ok. 0 passed; 0 failed; 0 ignored; 0 measured; 0 filtered out; finished in 0.00s


running 3 tests
test rei_groups_telescoping_gamma_projection_and_negative_transfer ... ok
test rei_canonical_extremes_tables_and_ownership ... ok
test exact_git_dependency_identity_is_frozen_in_manifest_and_lock ... ok

test result: ok. 3 passed; 0 failed; 0 ignored; 0 measured; 0 filtered out; finished in 0.00s


running 1 test
test source_density_bridge_exists ... ok

test result: ok. 1 passed; 0 failed; 0 ignored; 0 measured; 0 filtered out; finished in 0.00s


running 10 tests
test conversion_overflow_is_reported_before_neutral_shortcut ... ok
test complete_source_state_and_model_are_validated_even_when_neutral ... ok
test ft03_density_snapshot_does_not_certify_temperature_rhs ... ok
test grid_tail_and_nonfinite_cell_width_follow_host_validation ... ok
test neutral_and_absent_element_edges_follow_source_domain ... ok
test independent_element_models_are_used_per_cell ... ok
test neutral_snapshot_does_not_bypass_direction_check ... ok
test source_density_has_exact_unit_and_charge_weights ... ok
test source_speed_is_not_reused_as_a_second_opacity_constant ... ok
test varying_snapshot_frame_and_direction_use_d_once ... ok

test result: ok. 10 passed; 0 failed; 0 ignored; 0 measured; 0 filtered out; finished in 0.00s


running 6 tests
test chemistry_and_tilt_use_one_proper_electron_density ... ok
test cumulative_opacity_bounds_control_survival_and_interval_mass ... ok
test constant_rate_matches_analytic_visibility_and_finite_mass ... ok
test thin_cell_probability_does_not_cancel_and_thick_limit_is_finite ... ok
test observer_tail_is_explicit_and_transparent_cells_are_valid ... ok
test invalid_domains_and_nonfinite_arithmetic_return_errors ... ok

test result: ok. 6 passed; 0 failed; 0 ignored; 0 measured; 0 filtered out; finished in 0.00s


running 0 tests

test result: ok. 0 passed; 0 failed; 0 ignored; 0 measured; 0 filtered out; finished in 0.00s

    Finished `test` profile [unoptimized + debuginfo] target(s) in 0.00s
     Running unittests src/lib.rs (bass_rei_loop_20261005/coding/scoped_harness/target/debug/deps/bianchi_rustcore-a493e23821878bcd)
     Running unittests ../bass/_rustcore/examples/rei_visibility_probe.rs (bass_rei_loop_20261005/coding/scoped_harness/target/debug/deps/rei_visibility_probe-b150131074e86ecc)
     Running tests/legacy_rei_dispatch.rs (bass_rei_loop_20261005/coding/scoped_harness/target/debug/deps/legacy_rei_dispatch-e6f674b931d12a98)
     Running tests/red_api.rs (bass_rei_loop_20261005/coding/scoped_harness/target/debug/deps/red_api-b1c77d1a795c4406)
     Running tests/rei_visibility_contract.rs (bass_rei_loop_20261005/coding/scoped_harness/target/debug/deps/rei_visibility_contract-0545b114d615c83b)
     Running tests/visibility_contract.rs (bass_rei_loop_20261005/coding/scoped_harness/target/debug/deps/visibility_contract-d1f936b97c9575f9)
   Doc-tests bianchi_rustcore
