2026-09-30T10:46:02.7547218Z Current runner version: '2.337.0'
2026-09-30T10:46:02.7582310Z ##[group]Runner Image Provisioner
2026-09-30T10:46:02.7583594Z Hosted Compute Agent
2026-09-30T10:46:02.7584568Z Version: 20260901.588
2026-09-30T10:46:02.7585502Z Commit: f88ec8081b781fac6c440065ac7ff9e710ce3d0b
2026-09-30T10:46:02.7586578Z Build Date: 2026-09-01T19:56:44Z
2026-09-30T10:46:02.7587728Z Worker ID: {721cd82f-57d0-429d-a001-7029facd5579}
2026-09-30T10:46:02.7588809Z Azure Region: westus3
2026-09-30T10:46:02.7589693Z ##[endgroup]
2026-09-30T10:46:02.7592222Z ##[group]Operating System
2026-09-30T10:46:02.7593190Z Ubuntu
2026-09-30T10:46:02.7594109Z 24.04.5
2026-09-30T10:46:02.7594841Z LTS
2026-09-30T10:46:02.7595630Z ##[endgroup]
2026-09-30T10:46:02.7596471Z ##[group]Runner Image
2026-09-30T10:46:02.7597396Z Image: ubuntu-24.04
2026-09-30T10:46:02.7598361Z Version: 20260927.320.1
2026-09-30T10:46:02.7600523Z Included Software: https://github.com/actions/runner-images/blob/ubuntu24/20260927.320/images/ubuntu/Ubuntu2404-Readme.md
2026-09-30T10:46:02.7603097Z Image Release: https://github.com/actions/runner-images/releases/tag/ubuntu24%2F20260927.320
2026-09-30T10:46:02.7604642Z ##[endgroup]
2026-09-30T10:46:02.7606419Z ##[group]GITHUB_TOKEN Permissions
2026-09-30T10:46:02.7609114Z Contents: read
2026-09-30T10:46:02.7610331Z Metadata: read
2026-09-30T10:46:02.7611145Z ##[endgroup]
2026-09-30T10:46:02.7614364Z Secret source: Actions
2026-09-30T10:46:02.7615788Z Cache mode: write
2026-09-30T10:46:02.7616830Z Prepare workflow directory
2026-09-30T10:46:02.8184753Z Prepare all required actions
2026-09-30T10:46:02.8256761Z Getting action download info
2026-09-30T10:46:03.2682607Z Download action repository 'actions/checkout@11d5960a326750d5838078e36cf38b85af677262' (SHA:11d5960a326750d5838078e36cf38b85af677262)
2026-09-30T10:46:03.3704506Z Download action repository 'actions/setup-python@a26af69be951a213d495a4c3e4e4022e16d87065' (SHA:a26af69be951a213d495a4c3e4e4022e16d87065)
2026-09-30T10:46:03.5236803Z Complete job name: Portable policy (extension absent/injected)
2026-09-30T10:46:03.6025297Z ##[group]Run actions/checkout@11d5960a326750d5838078e36cf38b85af677262
2026-09-30T10:46:03.6026231Z with:
2026-09-30T10:46:03.6026654Z   repository: cosmosapjw-quantum/bass
2026-09-30T10:46:03.6030541Z   token: ***
2026-09-30T10:46:03.6030936Z   ssh-strict: true
2026-09-30T10:46:03.6031353Z   ssh-user: git
2026-09-30T10:46:03.6031779Z   persist-credentials: true
2026-09-30T10:46:03.6032230Z   clean: true
2026-09-30T10:46:03.6032651Z   sparse-checkout-cone-mode: true
2026-09-30T10:46:03.6033140Z   fetch-depth: 1
2026-09-30T10:46:03.6033545Z   fetch-tags: false
2026-09-30T10:46:03.6033975Z   show-progress: true
2026-09-30T10:46:03.6034395Z   lfs: false
2026-09-30T10:46:03.6034792Z   submodules: false
2026-09-30T10:46:03.6035209Z   set-safe-directory: true
2026-09-30T10:46:03.6035685Z   allow-unsafe-pr-checkout: false
2026-09-30T10:46:03.6036430Z env:
2026-09-30T10:46:03.6036792Z   PYTHON_VERSION: 3.12
2026-09-30T10:46:03.6037209Z   RUST_TOOLCHAIN: 1.94.1
2026-09-30T10:46:03.6037696Z   MATURIN_VERSION: 1.14.1
2026-09-30T10:46:03.6038139Z   PIP_DISABLE_PIP_VERSION_CHECK: 1
2026-09-30T10:46:03.6038600Z   RAYON_NUM_THREADS: 1
2026-09-30T10:46:03.6038994Z   OMP_NUM_THREADS: 1
2026-09-30T10:46:03.6039393Z   OPENBLAS_NUM_THREADS: 1
2026-09-30T10:46:03.6039971Z ##[endgroup]
2026-09-30T10:46:03.7450015Z Syncing repository: cosmosapjw-quantum/bass
2026-09-30T10:46:03.7454268Z ##[group]Getting Git version info
2026-09-30T10:46:03.7456397Z Working directory is '/home/runner/work/bass/bass'
2026-09-30T10:46:03.7459032Z [command]/usr/bin/git version
2026-09-30T10:46:03.7460407Z git version 2.55.0
2026-09-30T10:46:03.7465767Z ##[endgroup]
2026-09-30T10:46:03.7472205Z Temporarily overriding HOME='/home/runner/work/_temp/1287209b-9610-4d49-a227-d875dfb22bb6' before making global git config changes
2026-09-30T10:46:03.7474644Z Adding repository directory to the temporary git global config as a safe directory
2026-09-30T10:46:03.7476562Z [command]/usr/bin/git config --global --add safe.directory /home/runner/work/bass/bass
2026-09-30T10:46:03.7479457Z Deleting the contents of '/home/runner/work/bass/bass'
2026-09-30T10:46:03.7481245Z ##[group]Initializing the repository
2026-09-30T10:46:03.7482193Z [command]/usr/bin/git init /home/runner/work/bass/bass
2026-09-30T10:46:03.7613957Z hint: Using 'master' as the name for the initial branch. This default branch name
2026-09-30T10:46:03.7616912Z hint: will change to "main" in Git 3.0. To configure the initial branch name
2026-09-30T10:46:03.7619551Z hint: to use in all of your new repositories, which will suppress this warning,
2026-09-30T10:46:03.7621442Z hint: call:
2026-09-30T10:46:03.7623199Z hint:
2026-09-30T10:46:03.7624512Z hint: 	git config --global init.defaultBranch <name>
2026-09-30T10:46:03.7625976Z hint:
2026-09-30T10:46:03.7628612Z hint: Names commonly chosen instead of 'master' are 'main', 'trunk' and
2026-09-30T10:46:03.7630323Z hint: 'development'. The just-created branch can be renamed via this command:
2026-09-30T10:46:03.7631521Z hint:
2026-09-30T10:46:03.7632132Z hint: 	git branch -m <name>
2026-09-30T10:46:03.7632704Z hint:
2026-09-30T10:46:03.7633605Z hint: Disable this message with "git config set advice.defaultBranchName false"
2026-09-30T10:46:03.7635135Z Initialized empty Git repository in /home/runner/work/bass/bass/.git/
2026-09-30T10:46:03.7637718Z [command]/usr/bin/git remote add origin https://github.com/cosmosapjw-quantum/bass
2026-09-30T10:46:03.7752202Z ##[endgroup]
2026-09-30T10:46:03.7753519Z ##[group]Disabling automatic garbage collection
2026-09-30T10:46:03.7755067Z [command]/usr/bin/git config --local gc.auto 0
2026-09-30T10:46:03.9087675Z ##[endgroup]
2026-09-30T10:46:03.9090704Z ##[group]Setting up auth
2026-09-30T10:46:03.9092771Z [command]/usr/bin/git config --local --name-only --get-regexp core\.sshCommand
2026-09-30T10:46:03.9099082Z [command]/usr/bin/git submodule foreach --recursive sh -c "git config --local --name-only --get-regexp 'core\.sshCommand' && git config --local --unset-all 'core.sshCommand' || :"
2026-09-30T10:46:03.9103521Z [command]/usr/bin/git config --local --name-only --get-regexp http\.https\:\/\/github\.com\/\.extraheader
2026-09-30T10:46:03.9107598Z [command]/usr/bin/git submodule foreach --recursive sh -c "git config --local --name-only --get-regexp 'http\.https\:\/\/github\.com\/\.extraheader' && git config --local --unset-all 'http.https://github.com/.extraheader' || :"
2026-09-30T10:46:03.9111642Z [command]/usr/bin/git config --local --name-only --get-regexp ^includeIf\.gitdir:
2026-09-30T10:46:03.9114531Z [command]/usr/bin/git submodule foreach --recursive git config --local --show-origin --name-only --get-regexp remote.origin.url
2026-09-30T10:46:03.9176595Z [command]/usr/bin/git config --local http.https://github.com/.extraheader AUTHORIZATION: basic ***
2026-09-30T10:46:03.9231526Z ##[endgroup]
2026-09-30T10:46:03.9232957Z ##[group]Fetching the repository
2026-09-30T10:46:03.9235460Z [command]/usr/bin/git -c protocol.version=2 fetch --no-tags --prune --no-recurse-submodules --depth=1 origin +f8b0f0b93eb0f7db74f037a511c64a9a70b5e719:refs/remotes/pull/132/merge
2026-09-30T10:46:08.8263598Z From https://github.com/cosmosapjw-quantum/bass
2026-09-30T10:46:08.8265651Z  * [new ref]         f8b0f0b93eb0f7db74f037a511c64a9a70b5e719 -> pull/132/merge
2026-09-30T10:46:08.8267710Z ##[endgroup]
2026-09-30T10:46:08.8268527Z ##[group]Determining the checkout info
2026-09-30T10:46:08.8269644Z ##[endgroup]
2026-09-30T10:46:08.8328627Z [command]/usr/bin/git sparse-checkout disable
2026-09-30T10:46:08.8465909Z [command]/usr/bin/git config --local --unset-all extensions.worktreeConfig
2026-09-30T10:46:08.8469206Z ##[group]Checking out the ref
2026-09-30T10:46:08.8471470Z [command]/usr/bin/git checkout --progress --force refs/remotes/pull/132/merge
2026-09-30T10:46:09.1497369Z Note: switching to 'refs/remotes/pull/132/merge'.
2026-09-30T10:46:09.1499160Z 
2026-09-30T10:46:09.1500638Z You are in 'detached HEAD' state. You can look around, make experimental
2026-09-30T10:46:09.1503820Z changes and commit them, and you can discard any commits you make in this
2026-09-30T10:46:09.1507104Z state without impacting any branches by switching back to a branch.
2026-09-30T10:46:09.1508822Z 
2026-09-30T10:46:09.1510205Z If you want to create a new branch to retain commits you create, you may
2026-09-30T10:46:09.1513624Z do so (now or later) by using -c with the switch command. Example:
2026-09-30T10:46:09.1515373Z 
2026-09-30T10:46:09.1516551Z   git switch -c <new-branch-name>
2026-09-30T10:46:09.1517833Z 
2026-09-30T10:46:09.1518914Z Or undo this operation with:
2026-09-30T10:46:09.1520274Z 
2026-09-30T10:46:09.1521257Z   git switch -
2026-09-30T10:46:09.1522446Z 
2026-09-30T10:46:09.1524198Z Turn off this advice by setting config variable advice.detachedHead to false
2026-09-30T10:46:09.1526072Z 
2026-09-30T10:46:09.1528514Z HEAD is now at f8b0f0b Merge ab132b7ca9160becd203177dcc553c39129d386e into 9c6506e4e2087129a8b674ff10438e5db1a55c9d
2026-09-30T10:46:09.1535494Z ##[endgroup]
2026-09-30T10:46:09.1583372Z [command]/usr/bin/git log -1 --format=%H
2026-09-30T10:46:09.1617832Z f8b0f0b93eb0f7db74f037a511c64a9a70b5e719
2026-09-30T10:46:09.1956742Z ##[group]Run actions/setup-python@a26af69be951a213d495a4c3e4e4022e16d87065
2026-09-30T10:46:09.1958182Z with:
2026-09-30T10:46:09.1959002Z   python-version: 3.12
2026-09-30T10:46:09.1959983Z   cache: pip
2026-09-30T10:46:09.1960875Z   cache-dependency-path: requirements.lock
2026-09-30T10:46:09.1961930Z   check-latest: false
2026-09-30T10:46:09.1969247Z   token: ***
2026-09-30T10:46:09.1970158Z   update-environment: true
2026-09-30T10:46:09.1971098Z   allow-prereleases: false
2026-09-30T10:46:09.1972013Z   freethreaded: false
2026-09-30T10:46:09.1972849Z env:
2026-09-30T10:46:09.1973599Z   PYTHON_VERSION: 3.12
2026-09-30T10:46:09.1974474Z   RUST_TOOLCHAIN: 1.94.1
2026-09-30T10:46:09.1975382Z   MATURIN_VERSION: 1.14.1
2026-09-30T10:46:09.1976304Z   PIP_DISABLE_PIP_VERSION_CHECK: 1
2026-09-30T10:46:09.1977269Z   RAYON_NUM_THREADS: 1
2026-09-30T10:46:09.1978103Z   OMP_NUM_THREADS: 1
2026-09-30T10:46:09.1978966Z   OPENBLAS_NUM_THREADS: 1
2026-09-30T10:46:09.1979977Z ##[endgroup]
2026-09-30T10:46:09.3388725Z ##[group]Installed versions
2026-09-30T10:46:09.3458378Z (node:2059) [DEP0040] DeprecationWarning: The `punycode` module is deprecated. Please use a userland alternative instead.
2026-09-30T10:46:09.3463098Z (Use `node --trace-deprecation ...` to show where the warning was created)
2026-09-30T10:46:09.3465560Z Successfully set up CPython (3.12.14)
2026-09-30T10:46:09.3469074Z ##[endgroup]
2026-09-30T10:46:09.4075900Z [command]/opt/hostedtoolcache/Python/3.12.14/x64/bin/pip cache dir
2026-09-30T10:46:09.7671244Z /home/runner/.cache/pip
2026-09-30T10:46:10.0100702Z pip cache is not found
2026-09-30T10:46:10.0207895Z ##[group]Run python -m pip install --requirement requirements.lock
2026-09-30T10:46:10.0208600Z [36;1mpython -m pip install --requirement requirements.lock[0m
2026-09-30T10:46:10.0405612Z shell: /usr/bin/bash -e {0}
2026-09-30T10:46:10.0405983Z env:
2026-09-30T10:46:10.0406273Z   PYTHON_VERSION: 3.12
2026-09-30T10:46:10.0406557Z   RUST_TOOLCHAIN: 1.94.1
2026-09-30T10:46:10.0406847Z   MATURIN_VERSION: 1.14.1
2026-09-30T10:46:10.0407128Z   PIP_DISABLE_PIP_VERSION_CHECK: 1
2026-09-30T10:46:10.0407417Z   RAYON_NUM_THREADS: 1
2026-09-30T10:46:10.0407683Z   OMP_NUM_THREADS: 1
2026-09-30T10:46:10.0407939Z   OPENBLAS_NUM_THREADS: 1
2026-09-30T10:46:10.0408277Z   pythonLocation: /opt/hostedtoolcache/Python/3.12.14/x64
2026-09-30T10:46:10.0408781Z   PKG_CONFIG_PATH: /opt/hostedtoolcache/Python/3.12.14/x64/lib/pkgconfig
2026-09-30T10:46:10.0409262Z   Python_ROOT_DIR: /opt/hostedtoolcache/Python/3.12.14/x64
2026-09-30T10:46:10.0409721Z   Python2_ROOT_DIR: /opt/hostedtoolcache/Python/3.12.14/x64
2026-09-30T10:46:10.0410398Z   Python3_ROOT_DIR: /opt/hostedtoolcache/Python/3.12.14/x64
2026-09-30T10:46:10.0410815Z   LD_LIBRARY_PATH: /opt/hostedtoolcache/Python/3.12.14/x64/lib
2026-09-30T10:46:10.0411194Z ##[endgroup]
2026-09-30T10:46:10.7003902Z Collecting diffrax==0.7.2 (from -r requirements.lock (line 1))
2026-09-30T10:46:10.7694695Z   Downloading diffrax-0.7.2-py3-none-any.whl.metadata (18 kB)
2026-09-30T10:46:10.7998275Z Collecting equinox==0.13.8 (from -r requirements.lock (line 2))
2026-09-30T10:46:10.8106734Z   Downloading equinox-0.13.8-py3-none-any.whl.metadata (18 kB)
2026-09-30T10:46:10.8405513Z Collecting jax==0.10.2 (from -r requirements.lock (line 3))
2026-09-30T10:46:10.8511758Z   Downloading jax-0.10.2-py3-none-any.whl.metadata (13 kB)
2026-09-30T10:46:10.9014176Z Collecting jaxlib==0.10.2 (from -r requirements.lock (line 4))
2026-09-30T10:46:10.9135372Z   Downloading jaxlib-0.10.2-cp312-cp312-manylinux_2_27_x86_64.whl.metadata (1.3 kB)
2026-09-30T10:46:10.9778354Z Collecting lineax==0.1.1 (from -r requirements.lock (line 5))
2026-09-30T10:46:10.9884221Z   Downloading lineax-0.1.1-py3-none-any.whl.metadata (17 kB)
2026-09-30T10:46:11.0060910Z Collecting mpmath==1.3.0 (from -r requirements.lock (line 6))
2026-09-30T10:46:11.0153009Z   Downloading mpmath-1.3.0-py3-none-any.whl.metadata (8.6 kB)
2026-09-30T10:46:11.2045292Z Collecting numpy==2.4.4 (from -r requirements.lock (line 7))
2026-09-30T10:46:11.2149362Z   Downloading numpy-2.4.4-cp312-cp312-manylinux_2_27_x86_64.manylinux_2_28_x86_64.whl.metadata (6.6 kB)
2026-09-30T10:46:11.2263208Z Collecting optimistix==0.1.0 (from -r requirements.lock (line 8))
2026-09-30T10:46:11.2368528Z   Downloading optimistix-0.1.0-py3-none-any.whl.metadata (18 kB)
2026-09-30T10:46:11.2623315Z Collecting pytest==9.1.1 (from -r requirements.lock (line 9))
2026-09-30T10:46:11.2727593Z   Downloading pytest-9.1.1-py3-none-any.whl.metadata (7.6 kB)
2026-09-30T10:46:11.4271088Z Collecting scipy==1.17.1 (from -r requirements.lock (line 10))
2026-09-30T10:46:11.4378829Z   Downloading scipy-1.17.1-cp312-cp312-manylinux_2_27_x86_64.manylinux_2_28_x86_64.whl.metadata (62 kB)
2026-09-30T10:46:11.4731293Z Collecting sympy==1.14.0 (from -r requirements.lock (line 11))
2026-09-30T10:46:11.4827120Z   Downloading sympy-1.14.0-py3-none-any.whl.metadata (12 kB)
2026-09-30T10:46:11.5005858Z Collecting jaxtyping>=0.2.24 (from diffrax==0.7.2->-r requirements.lock (line 1))
2026-09-30T10:46:11.5110945Z   Downloading jaxtyping-0.3.11-py3-none-any.whl.metadata (6.2 kB)
2026-09-30T10:46:11.5279469Z Collecting typing-extensions>=4.5.0 (from diffrax==0.7.2->-r requirements.lock (line 1))
2026-09-30T10:46:11.5384764Z   Downloading typing_extensions-4.16.0-py3-none-any.whl.metadata (3.3 kB)
2026-09-30T10:46:11.5508588Z Collecting wadler-lindig>=0.1.1 (from diffrax==0.7.2->-r requirements.lock (line 1))
2026-09-30T10:46:11.5612295Z   Downloading wadler_lindig-0.1.7-py3-none-any.whl.metadata (17 kB)
2026-09-30T10:46:11.5991404Z Collecting ml_dtypes>=0.5.0 (from jax==0.10.2->-r requirements.lock (line 3))
2026-09-30T10:46:11.6096226Z   Downloading ml_dtypes-0.6.0-cp312-cp312-manylinux_2_27_x86_64.manylinux_2_28_x86_64.whl.metadata (8.8 kB)
2026-09-30T10:46:11.6231256Z Collecting opt_einsum (from jax==0.10.2->-r requirements.lock (line 3))
2026-09-30T10:46:11.6338753Z   Downloading opt_einsum-3.4.0-py3-none-any.whl.metadata (6.3 kB)
2026-09-30T10:46:11.6496029Z Collecting iniconfig>=1.0.1 (from pytest==9.1.1->-r requirements.lock (line 9))
2026-09-30T10:46:11.6598693Z   Downloading iniconfig-2.3.0-py3-none-any.whl.metadata (2.5 kB)
2026-09-30T10:46:11.6797060Z Collecting packaging>=22 (from pytest==9.1.1->-r requirements.lock (line 9))
2026-09-30T10:46:11.6903553Z   Downloading packaging-26.3-py3-none-any.whl.metadata (3.5 kB)
2026-09-30T10:46:11.7027528Z Collecting pluggy<2,>=1.5 (from pytest==9.1.1->-r requirements.lock (line 9))
2026-09-30T10:46:11.7130921Z   Downloading pluggy-1.6.0-py3-none-any.whl.metadata (4.8 kB)
2026-09-30T10:46:11.7293105Z Collecting pygments>=2.7.2 (from pytest==9.1.1->-r requirements.lock (line 9))
2026-09-30T10:46:11.7397516Z   Downloading pygments-2.21.0-py3-none-any.whl.metadata (2.5 kB)
2026-09-30T10:46:11.7599772Z Downloading diffrax-0.7.2-py3-none-any.whl (199 kB)
2026-09-30T10:46:11.7845219Z Downloading equinox-0.13.8-py3-none-any.whl (185 kB)
2026-09-30T10:46:11.8000379Z Downloading jax-0.10.2-py3-none-any.whl (3.2 MB)
2026-09-30T10:46:11.8497611Z    ━━━━━━━━━━━━━━━━━━━━━━━━━━━━━━━━━━━━━━━━ 3.2/3.2 MB 73.9 MB/s  0:00:00
2026-09-30T10:46:11.8606841Z Downloading jaxlib-0.10.2-cp312-cp312-manylinux_2_27_x86_64.whl (85.5 MB)
2026-09-30T10:46:12.3756682Z    ━━━━━━━━━━━━━━━━━━━━━━━━━━━━━━━━━━━━━━━━ 85.5/85.5 MB 166.4 MB/s  0:00:00
2026-09-30T10:46:12.3867112Z Downloading lineax-0.1.1-py3-none-any.whl (77 kB)
2026-09-30T10:46:12.3994779Z Downloading mpmath-1.3.0-py3-none-any.whl (536 kB)
2026-09-30T10:46:12.4045549Z    ━━━━━━━━━━━━━━━━━━━━━━━━━━━━━━━━━━━━━━━━ 536.2/536.2 kB 103.6 MB/s  0:00:00
2026-09-30T10:46:12.4149240Z Downloading numpy-2.4.4-cp312-cp312-manylinux_2_27_x86_64.manylinux_2_28_x86_64.whl (16.6 MB)
2026-09-30T10:46:12.4666772Z    ━━━━━━━━━━━━━━━━━━━━━━━━━━━━━━━━━━━━━━━━ 16.6/16.6 MB 334.0 MB/s  0:00:00
2026-09-30T10:46:12.4774770Z Downloading optimistix-0.1.0-py3-none-any.whl (101 kB)
2026-09-30T10:46:12.4902687Z Downloading pytest-9.1.1-py3-none-any.whl (386 kB)
2026-09-30T10:46:12.5037150Z Downloading scipy-1.17.1-cp312-cp312-manylinux_2_27_x86_64.manylinux_2_28_x86_64.whl (35.2 MB)
2026-09-30T10:46:12.6258634Z    ━━━━━━━━━━━━━━━━━━━━━━━━━━━━━━━━━━━━━━━━ 35.2/35.2 MB 292.5 MB/s  0:00:00
2026-09-30T10:46:12.6365121Z Downloading sympy-1.14.0-py3-none-any.whl (6.3 MB)
2026-09-30T10:46:12.6715384Z    ━━━━━━━━━━━━━━━━━━━━━━━━━━━━━━━━━━━━━━━━ 6.3/6.3 MB 187.2 MB/s  0:00:00
2026-09-30T10:46:12.6819034Z Downloading pluggy-1.6.0-py3-none-any.whl (20 kB)
2026-09-30T10:46:12.6943712Z Downloading iniconfig-2.3.0-py3-none-any.whl (7.5 kB)
2026-09-30T10:46:12.7064451Z Downloading jaxtyping-0.3.11-py3-none-any.whl (56 kB)
2026-09-30T10:46:12.7194222Z Downloading ml_dtypes-0.6.0-cp312-cp312-manylinux_2_27_x86_64.manylinux_2_28_x86_64.whl (409 kB)
2026-09-30T10:46:12.7323087Z Downloading packaging-26.3-py3-none-any.whl (129 kB)
2026-09-30T10:46:12.7448103Z Downloading pygments-2.21.0-py3-none-any.whl (1.3 MB)
2026-09-30T10:46:12.7511108Z    ━━━━━━━━━━━━━━━━━━━━━━━━━━━━━━━━━━━━━━━━ 1.3/1.3 MB 252.7 MB/s  0:00:00
2026-09-30T10:46:12.7611785Z Downloading typing_extensions-4.16.0-py3-none-any.whl (45 kB)
2026-09-30T10:46:12.7733559Z Downloading wadler_lindig-0.1.7-py3-none-any.whl (20 kB)
2026-09-30T10:46:12.7853056Z Downloading opt_einsum-3.4.0-py3-none-any.whl (71 kB)
2026-09-30T10:46:13.1013139Z Installing collected packages: mpmath, wadler-lindig, typing-extensions, sympy, pygments, pluggy, packaging, opt_einsum, numpy, iniconfig, scipy, pytest, ml_dtypes, jaxtyping, jaxlib, jax, equinox, lineax, optimistix, diffrax
2026-09-30T10:46:30.1550394Z 
2026-09-30T10:46:30.1563809Z Successfully installed diffrax-0.7.2 equinox-0.13.8 iniconfig-2.3.0 jax-0.10.2 jaxlib-0.10.2 jaxtyping-0.3.11 lineax-0.1.1 ml_dtypes-0.6.0 mpmath-1.3.0 numpy-2.4.4 opt_einsum-3.4.0 optimistix-0.1.0 packaging-26.3 pluggy-1.6.0 pygments-2.21.0 pytest-9.1.1 scipy-1.17.1 sympy-1.14.0 typing-extensions-4.16.0 wadler-lindig-0.1.7
2026-09-30T10:46:30.2448995Z ##[group]Run python -m pytest -q tests/test_backend_policy.py tests/test_backend_packaging.py tests/test_rf00_optional_dependencies.py tests/test_rf00_policy_adversarial.py tests/test_rf00_route_inventory.py
2026-09-30T10:46:30.2450601Z [36;1mpython -m pytest -q tests/test_backend_policy.py tests/test_backend_packaging.py tests/test_rf00_optional_dependencies.py tests/test_rf00_policy_adversarial.py tests/test_rf00_route_inventory.py[0m
2026-09-30T10:46:30.2491074Z shell: /usr/bin/bash -e {0}
2026-09-30T10:46:30.2491337Z env:
2026-09-30T10:46:30.2491535Z   PYTHON_VERSION: 3.12
2026-09-30T10:46:30.2491758Z   RUST_TOOLCHAIN: 1.94.1
2026-09-30T10:46:30.2491989Z   MATURIN_VERSION: 1.14.1
2026-09-30T10:46:30.2492226Z   PIP_DISABLE_PIP_VERSION_CHECK: 1
2026-09-30T10:46:30.2492478Z   RAYON_NUM_THREADS: 1
2026-09-30T10:46:30.2492679Z   OMP_NUM_THREADS: 1
2026-09-30T10:46:30.2492884Z   OPENBLAS_NUM_THREADS: 1
2026-09-30T10:46:30.2493205Z   pythonLocation: /opt/hostedtoolcache/Python/3.12.14/x64
2026-09-30T10:46:30.2493613Z   PKG_CONFIG_PATH: /opt/hostedtoolcache/Python/3.12.14/x64/lib/pkgconfig
2026-09-30T10:46:30.2494142Z   Python_ROOT_DIR: /opt/hostedtoolcache/Python/3.12.14/x64
2026-09-30T10:46:30.2494505Z   Python2_ROOT_DIR: /opt/hostedtoolcache/Python/3.12.14/x64
2026-09-30T10:46:30.2494872Z   Python3_ROOT_DIR: /opt/hostedtoolcache/Python/3.12.14/x64
2026-09-30T10:46:30.2495234Z   LD_LIBRARY_PATH: /opt/hostedtoolcache/Python/3.12.14/x64/lib
2026-09-30T10:46:30.2495541Z   PIP_NO_INDEX: 1
2026-09-30T10:46:30.2495744Z   CARGO_NET_OFFLINE: true
2026-09-30T10:46:30.2495967Z   PYTHONPATH: .
2026-09-30T10:46:30.2496182Z ##[endgroup]
2026-09-30T10:46:35.4425328Z ..............s......s...F.......................................        [100%]
2026-09-30T10:46:35.4426197Z =================================== FAILURES ===================================
2026-09-30T10:46:35.4427235Z __________ test_public_lazy_exports_preserve_conventions_and_algebra ___________
2026-09-30T10:46:35.4427875Z 
2026-09-30T10:46:35.4436943Z     def test_public_lazy_exports_preserve_conventions_and_algebra():
2026-09-30T10:46:35.4437871Z         from bianchi import algebra, conventions
2026-09-30T10:46:35.4438410Z     
2026-09-30T10:46:35.4438813Z         assert bianchi.algebra is algebra
2026-09-30T10:46:35.4439451Z         assert bianchi.conventions is conventions
2026-09-30T10:46:35.4440378Z >       assert bianchi.__all__ == ["conventions", "algebra", "__version__"]
2026-09-30T10:46:35.4441938Z E       AssertionError: assert ['conventions...'__version__'] == ['conventions...'__version__']
2026-09-30T10:46:35.4443197Z E         
2026-09-30T10:46:35.4443713Z E         At index 2 diff: 'runtime' != '__version__'
2026-09-30T10:46:35.4444368Z E         Left contains one more item: '__version__'
2026-09-30T10:46:35.4444853Z E         
2026-09-30T10:46:35.4445213Z E         Full diff:
2026-09-30T10:46:35.4445605Z E           [
2026-09-30T10:46:35.4445999Z E               'conventions',
2026-09-30T10:46:35.4446477Z E               'algebra',
2026-09-30T10:46:35.4446934Z E         +     'runtime',
2026-09-30T10:46:35.4447402Z E               '__version__',
2026-09-30T10:46:35.4447842Z E           ]
2026-09-30T10:46:35.4448123Z 
2026-09-30T10:46:35.4448474Z tests/test_rf00_optional_dependencies.py:131: AssertionError
2026-09-30T10:46:35.4449195Z =========================== short test summary info ============================
2026-09-30T10:46:35.4451048Z FAILED tests/test_rf00_optional_dependencies.py::test_public_lazy_exports_preserve_conventions_and_algebra - AssertionError: assert ['conventions...'__version__'] == ['conventions...'__version__']
2026-09-30T10:46:35.4452440Z   
2026-09-30T10:46:35.4452879Z   At index 2 diff: 'runtime' != '__version__'
2026-09-30T10:46:35.4453461Z   Left contains one more item: '__version__'
2026-09-30T10:46:35.4453971Z   
2026-09-30T10:46:35.4454341Z   Full diff:
2026-09-30T10:46:35.4454738Z     [
2026-09-30T10:46:35.4455139Z         'conventions',
2026-09-30T10:46:35.4455553Z         'algebra',
2026-09-30T10:46:35.4456428Z   +     'runtime',
2026-09-30T10:46:35.4456836Z         '__version__',
2026-09-30T10:46:35.4457253Z     ]
2026-09-30T10:46:35.4457661Z 1 failed, 62 passed, 2 skipped in 4.39s
2026-09-30T10:46:35.7630574Z ##[error]Process completed with exit code 1.
2026-09-30T10:46:35.7781426Z Post job cleanup.
2026-09-30T10:46:35.8740784Z [command]/usr/bin/git version
2026-09-30T10:46:35.8820698Z git version 2.55.0
2026-09-30T10:46:35.8876762Z Temporarily overriding HOME='/home/runner/work/_temp/0f2ebfe7-a0c7-482f-9f1b-2979bf0016c3' before making global git config changes
2026-09-30T10:46:35.8891001Z Adding repository directory to the temporary git global config as a safe directory
2026-09-30T10:46:35.8892695Z [command]/usr/bin/git config --global --add safe.directory /home/runner/work/bass/bass
2026-09-30T10:46:35.8957304Z [command]/usr/bin/git config --local --name-only --get-regexp core\.sshCommand
2026-09-30T10:46:35.9016799Z [command]/usr/bin/git submodule foreach --recursive sh -c "git config --local --name-only --get-regexp 'core\.sshCommand' && git config --local --unset-all 'core.sshCommand' || :"
2026-09-30T10:46:35.9386171Z [command]/usr/bin/git config --local --name-only --get-regexp http\.https\:\/\/github\.com\/\.extraheader
2026-09-30T10:46:35.9410562Z http.https://github.com/.extraheader
2026-09-30T10:46:35.9436661Z [command]/usr/bin/git config --local --unset-all http.https://github.com/.extraheader
2026-09-30T10:46:35.9479572Z [command]/usr/bin/git submodule foreach --recursive sh -c "git config --local --name-only --get-regexp 'http\.https\:\/\/github\.com\/\.extraheader' && git config --local --unset-all 'http.https://github.com/.extraheader' || :"
2026-09-30T10:46:36.0071266Z [command]/usr/bin/git config --local --name-only --get-regexp ^includeIf\.gitdir:
2026-09-30T10:46:36.0162151Z [command]/usr/bin/git submodule foreach --recursive git config --local --show-origin --name-only --get-regexp remote.origin.url
2026-09-30T10:46:36.0790573Z Cleaning up orphan processes
2026-09-30T10:46:36.1083891Z ##[warning]Node.js 20 is deprecated. The following actions target Node.js 20 but are being forced to run on Node.js 24: actions/checkout@11d5960a326750d5838078e36cf38b85af677262, actions/setup-python@a26af69be951a213d495a4c3e4e4022e16d87065. For more information see: https://github.blog/changelog/2025-09-19-deprecation-of-node-20-on-github-actions-runners/
