   Compiling once_cell v1.21.4
   Compiling num-complex v0.4.6
   Compiling num-integer v0.1.46
   Compiling pyo3-build-config v0.29.0
   Compiling pest_generator v2.8.8
   Compiling matrixmultiply v0.3.11
   Compiling equator v0.4.2
   Compiling equator v0.2.2
   Compiling rustc-hash v2.1.3
   Compiling spindle v0.2.6
   Compiling num-bigint v0.4.8
   Compiling num-rational v0.4.2
   Compiling pulp v0.22.3
   Compiling nano-gemm-c32 v0.2.1
   Compiling nano-gemm-c64 v0.2.1
   Compiling simba v0.10.0
   Compiling ndarray v0.17.2
   Compiling private-gemm-x86 v0.1.20
   Compiling pyo3-ffi v0.29.0
   Compiling pyo3 v0.29.0
   Compiling numpy v0.29.0
   Compiling pest_derive v2.8.8
   Compiling py_literal v0.4.0
   Compiling npyz v0.8.4
   Compiling gemm-common v0.19.0
   Compiling qd v0.8.0
   Compiling faer-traits v0.24.0
   Compiling gemm-f32 v0.19.0
   Compiling gemm-c64 v0.19.0
   Compiling gemm-f64 v0.19.0
   Compiling gemm-c32 v0.19.0
   Compiling nalgebra v0.35.0
   Compiling gemm v0.19.0
   Compiling nano-gemm v0.2.2
   Compiling faer v0.24.4
   Compiling diffsol-la v0.1.0
   Compiling diffsol-nl v0.1.0
   Compiling diffsol v0.16.1
   Compiling bianchi_rustcore v0.1.0 (/home/cosmosapjw/bass/_rustcore)
    Finished `dev` profile [unoptimized + debuginfo] target(s) in 41.26s
