   Compiling bianchi_rustcore v0.1.0 (/workspace/scratch/8bf9824a0b11/bass_work/_rustcore)
warning: constant `FORMULA_AUTHORITY_SHA256` is never used
 --> src/kinetic/../../../generated/rust/typeii/typeii_background.rs:4:11
  |
4 | pub const FORMULA_AUTHORITY_SHA256: &str =
  |           ^^^^^^^^^^^^^^^^^^^^^^^^
  |
  = note: `#[warn(dead_code)]` (part of `#[warn(unused)]`) on by default

warning: variant `CallerDividedResidualEstimate` is never constructed
  --> src/kinetic/../../../runtime/rust/typeii/typeii_krylov_adapt.rs:43:5
   |
37 | pub enum AdaptiveKrylovTargetSemantics {
   |          ----------------------------- variant in this enum
...
43 |     CallerDividedResidualEstimate { divisor: f64 },
   |     ^^^^^^^^^^^^^^^^^^^^^^^^^^^^^
   |
   = note: `AdaptiveKrylovTargetSemantics` has derived impls for the traits `Debug` and `Clone`, but these are intentionally ignored during dead code analysis

warning: fields `requested` and `floor` are never read
   --> src/kinetic/../../../runtime/rust/typeii/typeii_krylov_adapt.rs:176:9
    |
175 |     ToleranceBelowArithmeticFloor {
    |     ----------------------------- fields in this variant
176 |         requested: f64,
    |         ^^^^^^^^^
177 |         floor: f64,
    |         ^^^^^
    |
    = note: `AdaptiveKrylovError` has derived impls for the traits `Clone` and `Debug`, but these are intentionally ignored during dead code analysis

warning: field `field` is never read
   --> src/kinetic/../../../runtime/rust/typeii/typeii_krylov_adapt.rs:180:9
    |
179 |     InvalidKatoDomain {
    |     ----------------- field in this variant
180 |         field: &'static str,
    |         ^^^^^
    |
    = note: `AdaptiveKrylovError` has derived impls for the traits `Clone` and `Debug`, but these are intentionally ignored during dead code analysis

warning: field `error_ratio` is never read
   --> src/kinetic/../../../runtime/rust/typeii/typeii_krylov_adapt.rs:195:9
    |
194 |     DidNotConverge {
    |     -------------- field in this variant
195 |         error_ratio: f64,
    |         ^^^^^^^^^^^
    |
    = note: `AdaptiveKrylovError` has derived impls for the traits `Clone` and `Debug`, but these are intentionally ignored during dead code analysis

warning: field `source` is never read
   --> src/kinetic/../../../runtime/rust/typeii/typeii_krylov_adapt.rs:199:9
    |
198 |     KatoSubactionFailed {
    |     ------------------- field in this variant
199 |         source: Box<AdaptiveKrylovError>,
    |         ^^^^^^
    |
    = note: `AdaptiveKrylovError` has derived impls for the traits `Clone` and `Debug`, but these are intentionally ignored during dead code analysis

warning: variants `InvalidResidualBudgetDivisor` and `SingularPadeSolve` are never constructed
   --> src/kinetic/../../../runtime/rust/typeii/typeii_krylov_adapt.rs:172:5
    |
170 | pub enum AdaptiveKrylovError {
    |          ------------------- variants in this enum
171 |     InvalidOptions,
172 |     InvalidResidualBudgetDivisor {
    |     ^^^^^^^^^^^^^^^^^^^^^^^^^^^^
...
193 |     SingularPadeSolve,
    |     ^^^^^^^^^^^^^^^^^
    |
    = note: `AdaptiveKrylovError` has derived impls for the traits `Clone` and `Debug`, but these are intentionally ignored during dead code analysis

warning: function `adaptive_expm_action_with_residual_budget_divisor` is never used
   --> src/kinetic/../../../runtime/rust/typeii/typeii_krylov_adapt.rs:685:8
    |
685 | pub fn adaptive_expm_action_with_residual_budget_divisor<F>(
    |        ^^^^^^^^^^^^^^^^^^^^^^^^^^^^^^^^^^^^^^^^^^^^^^^^^

warning: function `adaptive_phi1_action` is never used
   --> src/kinetic/../../../runtime/rust/typeii/typeii_krylov_adapt.rs:951:8
    |
951 | pub fn adaptive_phi1_action<F>(
    |        ^^^^^^^^^^^^^^^^^^^^

warning: struct `KrylovOptions` is never constructed
 --> src/kinetic/../../../runtime/rust/typeii/typeii_runtime.rs:7:12
  |
7 | pub struct KrylovOptions {
  |            ^^^^^^^^^^^^^

warning: associated function `full` is never used
  --> src/kinetic/../../../runtime/rust/typeii/typeii_runtime.rs:14:12
   |
13 | impl KrylovOptions {
   | ------------------ associated function in this implementation
14 |     pub fn full(n: usize) -> Self {
   |            ^^^^

warning: variants `OperatorDimensionMismatch`, `SingularPadeSolve`, `KrylovDidNotConverge`, and `SubspaceTooSmall` are never constructed
  --> src/kinetic/../../../runtime/rust/typeii/typeii_runtime.rs:26:5
   |
24 | pub enum RuntimeError {
   |          ------------ variants in this enum
25 |     DimensionMismatch,
26 |     OperatorDimensionMismatch,
   |     ^^^^^^^^^^^^^^^^^^^^^^^^^
27 |     SingularPadeSolve,
   |     ^^^^^^^^^^^^^^^^^
28 |     KrylovDidNotConverge { estimate: f64 },
   |     ^^^^^^^^^^^^^^^^^^^^
29 |     SubspaceTooSmall { requested: usize, dimension: usize },
   |     ^^^^^^^^^^^^^^^^
   |
   = note: `RuntimeError` has derived impls for the traits `Clone` and `Debug`, but these are intentionally ignored during dead code analysis

warning: function `dot` is never used
  --> src/kinetic/../../../runtime/rust/typeii/typeii_runtime.rs:32:4
   |
32 | fn dot(a: &[f64], b: &[f64]) -> f64 {
   |    ^^^

warning: function `norm2` is never used
  --> src/kinetic/../../../runtime/rust/typeii/typeii_runtime.rs:36:4
   |
36 | fn norm2(a: &[f64]) -> f64 {
   |    ^^^^^

warning: function `matrix_one_norm` is never used
  --> src/kinetic/../../../runtime/rust/typeii/typeii_runtime.rs:40:4
   |
40 | fn matrix_one_norm(a: &DMatrix<f64>) -> f64 {
   |    ^^^^^^^^^^^^^^^

warning: function `expm_pade13` is never used
  --> src/kinetic/../../../runtime/rust/typeii/typeii_runtime.rs:46:4
   |
46 | fn expm_pade13(a: &DMatrix<f64>) -> Result<DMatrix<f64>, RuntimeError> {
   |    ^^^^^^^^^^^

warning: function `arnoldi_once` is never used
   --> src/kinetic/../../../runtime/rust/typeii/typeii_runtime.rs:102:4
    |
102 | fn arnoldi_once<F>(
    |    ^^^^^^^^^^^^

warning: function `expm_action_split` is never used
   --> src/kinetic/../../../runtime/rust/typeii/typeii_runtime.rs:168:4
    |
168 | fn expm_action_split<F>(
    |    ^^^^^^^^^^^^^^^^^

warning: function `expm_action` is never used
   --> src/kinetic/../../../runtime/rust/typeii/typeii_runtime.rs:191:8
    |
191 | pub fn expm_action<F>(
    |        ^^^^^^^^^^^

warning: function `phi1_action` is never used
   --> src/kinetic/../../../runtime/rust/typeii/typeii_runtime.rs:203:8
    |
203 | pub fn phi1_action<F>(
    |        ^^^^^^^^^^^

warning: function `kato_aem2_step` is never used
   --> src/kinetic/../../../runtime/rust/typeii/typeii_runtime.rs:265:8
    |
265 | pub fn kato_aem2_step(
    |        ^^^^^^^^^^^^^^

warning: constant `POLARIZATION_AUTHORITY_SHA256` is never used
 --> src/kinetic/../../../generated/rust/typeii/typeii_polarized.rs:5:11
  |
5 | pub const POLARIZATION_AUTHORITY_SHA256: &str =
  |           ^^^^^^^^^^^^^^^^^^^^^^^^^^^^^

warning: constant `PI` is never used
 --> src/kinetic/../../../generated/rust/typeii/typeii_polarized.rs:8:7
  |
8 | const PI: f64 = std::f64::consts::PI;
  |       ^^

warning: type alias `Mat3` is never used
 --> src/kinetic/../../../generated/rust/typeii/typeii_polarized.rs:9:6
  |
9 | type Mat3 = [[f64; 3]; 3];
  |      ^^^^

warning: function `transpose` is never used
  --> src/kinetic/../../../generated/rust/typeii/typeii_polarized.rs:12:4
   |
12 | fn transpose(a: &Mat3) -> Mat3 {
   |    ^^^^^^^^^

warning: function `mm` is never used
  --> src/kinetic/../../../generated/rust/typeii/typeii_polarized.rs:23:4
   |
23 | fn mm(a: &Mat3, b: &Mat3) -> Mat3 {
   |    ^^

warning: function `projector` is never used
  --> src/kinetic/../../../generated/rust/typeii/typeii_polarized.rs:36:4
   |
36 | fn projector(e: [f64; 3]) -> Mat3 {
   |    ^^^^^^^^^

warning: function `unpack9` is never used
  --> src/kinetic/../../../generated/rust/typeii/typeii_polarized.rs:47:4
   |
47 | fn unpack9(p: &[f64]) -> Mat3 {
   |    ^^^^^^^

warning: function `pack9` is never used
  --> src/kinetic/../../../generated/rust/typeii/typeii_polarized.rs:57:4
   |
57 | fn pack9(m: &Mat3) -> [f64; 9] {
   |    ^^^^^

warning: function `aberrate` is never used
  --> src/kinetic/../../../generated/rust/typeii/typeii_polarized.rs:71:4
   |
71 | fn aberrate(e: [f64; 3], v: f64, axis: usize) -> ([f64; 3], f64) {
   |    ^^^^^^^^

warning: function `screen_map` is never used
  --> src/kinetic/../../../generated/rust/typeii/typeii_polarized.rs:92:4
   |
92 | fn screen_map(e: [f64; 3], v: f64, axis: usize) -> (Mat3, [f64; 3], f64) {
   |    ^^^^^^^^^^

warning: function `validate` is never used
   --> src/kinetic/../../../generated/rust/typeii/typeii_polarized.rs:116:4
    |
116 | fn validate(directions: &[[f64; 3]], weights: &[f64], y: &[f64], axis: usize) {
    |    ^^^^^^^^

warning: function `equilibrium_state_polarized` is never used
   --> src/kinetic/../../../generated/rust/typeii/typeii_polarized.rs:122:8
    |
122 | pub fn equilibrium_state_polarized(directions: &[[f64; 3]], v: f64, axis: usize) -> Vec<f64> {
    |        ^^^^^^^^^^^^^^^^^^^^^^^^^^^

warning: function `collision_generator_apply_polarized` is never used
   --> src/kinetic/../../../generated/rust/typeii/typeii_polarized.rs:140:8
    |
140 | pub fn collision_generator_apply_polarized(
    |        ^^^^^^^^^^^^^^^^^^^^^^^^^^^^^^^^^^^

warning: function `left_functional` is never used
   --> src/kinetic/../../../generated/rust/typeii/typeii_polarized.rs:201:4
    |
201 | fn left_functional(
    |    ^^^^^^^^^^^^^^^

warning: function `left_functional_dv` is never used
   --> src/kinetic/../../../generated/rust/typeii/typeii_polarized.rs:217:4
    |
217 | fn left_functional_dv(directions: &[[f64; 3]], weights: &[f64], axis: usize, y: &[f64]) -> f64 {
    |    ^^^^^^^^^^^^^^^^^^

warning: function `equilibrium_state_dv` is never used
   --> src/kinetic/../../../generated/rust/typeii/typeii_polarized.rs:226:4
    |
226 | fn equilibrium_state_dv(directions: &[[f64; 3]], v: f64, axis: usize) -> Vec<f64> {
    |    ^^^^^^^^^^^^^^^^^^^^

warning: function `projector_apply_polarized` is never used
   --> src/kinetic/../../../generated/rust/typeii/typeii_polarized.rs:241:8
    |
241 | pub fn projector_apply_polarized(
    |        ^^^^^^^^^^^^^^^^^^^^^^^^^

warning: function `projector_dv_apply_polarized` is never used
   --> src/kinetic/../../../generated/rust/typeii/typeii_polarized.rs:255:8
    |
255 | pub fn projector_dv_apply_polarized(
    |        ^^^^^^^^^^^^^^^^^^^^^^^^^^^^

warning: function `kato_apply_polarized` is never used
   --> src/kinetic/../../../generated/rust/typeii/typeii_polarized.rs:276:8
    |
276 | pub fn kato_apply_polarized(
    |        ^^^^^^^^^^^^^^^^^^^^

warning: variant `Project` is never constructed
  --> src/kinetic/../../../runtime/rust/typeii/typeii_physical_guard.rs:18:5
   |
16 | pub enum ScreenInputPolicy {
   |          ----------------- variant in this enum
17 |     Reject { tolerance: f64 },
18 |     Project,
   |     ^^^^^^^
   |
   = note: `ScreenInputPolicy` has derived impls for the traits `Debug` and `Clone`, but these are intentionally ignored during dead code analysis

warning: multiple variants are never constructed
  --> src/kinetic/../../../runtime/rust/typeii/typeii_physical_guard.rs:24:5
   |
22 | pub enum PhysicalCarrierError {
   |          -------------------- variants in this enum
23 |     EmptyGrid,
24 |     DirectionWeightMismatch {
   |     ^^^^^^^^^^^^^^^^^^^^^^^
...
32 |     InvalidAxis {
   |     ^^^^^^^^^^^
...
35 |     NonFiniteVelocity,
   |     ^^^^^^^^^^^^^^^^^
36 |     SuperluminalVelocity {
   |     ^^^^^^^^^^^^^^^^^^^^
...
39 |     NonFiniteVelocityDerivative,
   |     ^^^^^^^^^^^^^^^^^^^^^^^^^^^
...
49 |     NonFiniteWeight {
   |     ^^^^^^^^^^^^^^^
...
52 |     NonPositiveWeight {
   |     ^^^^^^^^^^^^^^^^^
...
79 |     OperatorDimensionMismatch {
   |     ^^^^^^^^^^^^^^^^^^^^^^^^^
...
83 |     OperatorOutputNonFinite {
   |     ^^^^^^^^^^^^^^^^^^^^^^^
...
86 |     OperatorOutputLeakage {
   |     ^^^^^^^^^^^^^^^^^^^^^
   |
   = note: `PhysicalCarrierError` has derived impls for the traits `Debug` and `Clone`, but these are intentionally ignored during dead code analysis

warning: function `canonicalize_directions_unchecked` is never used
   --> src/kinetic/../../../runtime/rust/typeii/typeii_physical_guard.rs:140:15
    |
140 | pub(crate) fn canonicalize_directions_unchecked(directions: &[[f64; 3]]) -> Vec<[f64; 3]> {
    |               ^^^^^^^^^^^^^^^^^^^^^^^^^^^^^^^^^

warning: function `validate_physical_operator_inputs` is never used
   --> src/kinetic/../../../runtime/rust/typeii/typeii_physical_guard.rs:221:8
    |
221 | pub fn validate_physical_operator_inputs(
    |        ^^^^^^^^^^^^^^^^^^^^^^^^^^^^^^^^^

warning: function `validate_operator_output` is never used
   --> src/kinetic/../../../runtime/rust/typeii/typeii_physical_guard.rs:453:4
    |
453 | fn validate_operator_output(expected: usize, output: &[f64]) -> Result<(), PhysicalCarrierError> {
    |    ^^^^^^^^^^^^^^^^^^^^^^^^

warning: function `collision_apply_projected_unchecked` is never used
   --> src/kinetic/../../../runtime/rust/typeii/typeii_physical_guard.rs:488:15
    |
488 | pub(crate) fn collision_apply_projected_unchecked(
    |               ^^^^^^^^^^^^^^^^^^^^^^^^^^^^^^^^^^^

warning: function `kato_apply_projected_unchecked` is never used
   --> src/kinetic/../../../runtime/rust/typeii/typeii_physical_guard.rs:507:15
    |
507 | pub(crate) fn kato_apply_projected_unchecked(
    |               ^^^^^^^^^^^^^^^^^^^^^^^^^^^^^^

warning: function `collision_apply_physical` is never used
   --> src/kinetic/../../../runtime/rust/typeii/typeii_physical_guard.rs:528:8
    |
528 | pub fn collision_apply_physical(
    |        ^^^^^^^^^^^^^^^^^^^^^^^^

warning: function `kato_apply_physical` is never used
   --> src/kinetic/../../../runtime/rust/typeii/typeii_physical_guard.rs:557:8
    |
557 | pub fn kato_apply_physical(
    |        ^^^^^^^^^^^^^^^^^^^

warning: multiple fields are never read
   --> src/kinetic/../../../runtime/rust/typeii/typeii_polarized_liouville.rs:126:9
    |
125 | pub struct PolarizedCharacteristicResult {
    |            ----------------------------- fields in this struct
126 |     pub direction: [f64; 3],
    |         ^^^^^^^^^
127 |     pub coherency: Vec<f64>,
    |         ^^^^^^^^^
...
134 |     pub spatial_transport: Mat3,
    |         ^^^^^^^^^^^^^^^^^
135 |     pub transport_orthogonality_defect: f64,
    |         ^^^^^^^^^^^^^^^^^^^^^^^^^^^^^^
136 |     pub transport_determinant_defect: f64,
    |         ^^^^^^^^^^^^^^^^^^^^^^^^^^^^
137 |     pub max_screen_leakage: f64,
    |         ^^^^^^^^^^^^^^^^^^
138 |     pub minimum_coherency_eigenvalue: f64,
    |         ^^^^^^^^^^^^^^^^^^^^^^^^^^^^
    |
    = note: `PolarizedCharacteristicResult` has derived impls for the traits `Debug` and `Clone`, but these are intentionally ignored during dead code analysis

warning: function `polarized_bolometric_rhs` is never used
   --> src/kinetic/../../../runtime/rust/typeii/typeii_polarized_liouville.rs:575:8
    |
575 | pub fn polarized_bolometric_rhs(
    |        ^^^^^^^^^^^^^^^^^^^^^^^^

warning: function `transport_typeii_characteristic` is never used
   --> src/kinetic/../../../runtime/rust/typeii/typeii_polarized_liouville.rs:709:8
    |
709 | pub fn transport_typeii_characteristic(
    |        ^^^^^^^^^^^^^^^^^^^^^^^^^^^^^^^

warning: variant `Neg` is never constructed
  --> src/ode/background/events.rs:26:5
   |
19 | pub(crate) enum EventExpression {
   |                 --------------- variant in this enum
...
26 |     Neg(Box<EventExpression>),
   |     ^^^
   |
   = note: `EventExpression` has derived impls for the traits `Debug` and `Clone`, but these are intentionally ignored during dead code analysis

warning: methods `coefficients` and `mul` are never used
   --> src/ode/background/exact.rs:88:19
    |
 61 | impl ExactPolynomial {
    | -------------------- methods in this implementation
...
 88 |     pub(crate) fn coefficients(&self) -> &[BigRational] {
    |                   ^^^^^^^^^^^^
...
157 |     pub(crate) fn mul(&self, rhs: &Self) -> Self {
    |                   ^^^

warning: associated items `from_bytes` and `as_bytes` are never used
  --> src/ode/background/history.rs:38:19
   |
28 | impl StateDigest {
   | ---------------- associated items in this implementation
...
38 |     pub(crate) fn from_bytes(bytes: [u8; 32]) -> Self {
   |                   ^^^^^^^^^^
...
42 |     pub(crate) fn as_bytes(&self) -> &[u8; 32] {
   |                   ^^^^^^^^

warning: method `freeze_epsilon` is never used
   --> src/ode/background/history.rs:337:19
    |
336 | impl EventRecord {
    | ---------------- method in this implementation
337 |     pub(crate) fn freeze_epsilon(&mut self, epsilon_g: f64) {
    |                   ^^^^^^^^^^^^^^

warning: method `as_str` is never used
   --> src/ode/background/history.rs:367:19
    |
366 | impl AllowedRearmSide {
    | --------------------- method in this implementation
367 |     pub(crate) fn as_str(self) -> &'static str {
    |                   ^^^^^^

warning: `bianchi_rustcore` (lib test) generated 57 warnings
    Finished `test` profile [unoptimized + debuginfo] target(s) in 12.76s
     Running unittests src/lib.rs (target/debug/deps/bianchi_rustcore-19049eac26c6cf05)

running 1 test
test kinetic::rf04_telemetry_owner_tests::finite_typeii_state_does_not_return_a_nonfinite_background ... 
thread 'kinetic::rf04_telemetry_owner_tests::finite_typeii_state_does_not_return_a_nonfinite_background' (287) panicked at src/kinetic/rf04_telemetry_owner_tests.rs:182:9:
assertion failed: values.into_iter().all(f64::is_finite)
note: run with `RUST_BACKTRACE=1` environment variable to display a backtrace
FAILED

failures:

failures:
    kinetic::rf04_telemetry_owner_tests::finite_typeii_state_does_not_return_a_nonfinite_background

test result: FAILED. 0 passed; 1 failed; 0 ignored; 0 measured; 210 filtered out; finished in 0.00s

error: test failed, to rerun pass `--lib`
