COMMAND: PYTHONDONTWRITEBYTECODE=1 python3 -m unittest tests.verification.test_artifact_identity.ArtifactIdentityTests.test_same_name_different_digest_is_p0 -v
test_same_name_different_digest_is_p0 (tests.verification.test_artifact_identity.ArtifactIdentityTests.test_same_name_different_digest_is_p0) ... FAIL

======================================================================
FAIL: test_same_name_different_digest_is_p0 (tests.verification.test_artifact_identity.ArtifactIdentityTests.test_same_name_different_digest_is_p0)
----------------------------------------------------------------------
Traceback (most recent call last):
  File "/home/cosmosapjw/bass-ac01-impl-20260826/tests/verification/test_artifact_identity.py", line 57, in test_same_name_different_digest_is_p0
    completed, result = self._run_identity(
                        ^^^^^^^^^^^^^^^^^^^
  File "/home/cosmosapjw/bass-ac01-impl-20260826/tests/verification/test_artifact_identity.py", line 34, in _run_identity
    self.assertTrue(
AssertionError: '' is not true : identity verifier emitted no JSON receipt; stderr="/usr/bin/python3: can't open file '/home/cosmosapjw/bass-ac01-impl-20260826/scripts/verify_artifact_identity.py': [Errno 2] No such file or directory\n"

----------------------------------------------------------------------
Ran 1 test in 0.011s

FAILED (failures=1)
EXIT_STATUS=1

COMMAND: PYTHONDONTWRITEBYTECODE=1 python3 -m unittest tests.verification.test_artifact_identity.ArtifactIdentityTests.test_missing_artifact_is_blocked_input -v
test_missing_artifact_is_blocked_input (tests.verification.test_artifact_identity.ArtifactIdentityTests.test_missing_artifact_is_blocked_input) ... FAIL

======================================================================
FAIL: test_missing_artifact_is_blocked_input (tests.verification.test_artifact_identity.ArtifactIdentityTests.test_missing_artifact_is_blocked_input)
----------------------------------------------------------------------
Traceback (most recent call last):
  File "/home/cosmosapjw/bass-ac01-impl-20260826/tests/verification/test_artifact_identity.py", line 79, in test_missing_artifact_is_blocked_input
    completed, result = self._run_identity(
                        ^^^^^^^^^^^^^^^^^^^
  File "/home/cosmosapjw/bass-ac01-impl-20260826/tests/verification/test_artifact_identity.py", line 34, in _run_identity
    self.assertTrue(
AssertionError: '' is not true : identity verifier emitted no JSON receipt; stderr="/usr/bin/python3: can't open file '/home/cosmosapjw/bass-ac01-impl-20260826/scripts/verify_artifact_identity.py': [Errno 2] No such file or directory\n"

----------------------------------------------------------------------
Ran 1 test in 0.011s

FAILED (failures=1)
EXIT_STATUS=1

COMMAND: PYTHONDONTWRITEBYTECODE=1 python3 -m unittest tests.verification.test_artifact_identity.ArtifactIdentityTests.test_unbound_receipt_cannot_promote -v
test_unbound_receipt_cannot_promote (tests.verification.test_artifact_identity.ArtifactIdentityTests.test_unbound_receipt_cannot_promote) ... FAIL

======================================================================
FAIL: test_unbound_receipt_cannot_promote (tests.verification.test_artifact_identity.ArtifactIdentityTests.test_unbound_receipt_cannot_promote)
----------------------------------------------------------------------
Traceback (most recent call last):
  File "/home/cosmosapjw/bass-ac01-impl-20260826/tests/verification/test_artifact_identity.py", line 101, in test_unbound_receipt_cannot_promote
    completed, result = self._run_identity(
                        ^^^^^^^^^^^^^^^^^^^
  File "/home/cosmosapjw/bass-ac01-impl-20260826/tests/verification/test_artifact_identity.py", line 34, in _run_identity
    self.assertTrue(
AssertionError: '' is not true : identity verifier emitted no JSON receipt; stderr="/usr/bin/python3: can't open file '/home/cosmosapjw/bass-ac01-impl-20260826/scripts/verify_artifact_identity.py': [Errno 2] No such file or directory\n"

----------------------------------------------------------------------
Ran 1 test in 0.011s

FAILED (failures=1)
EXIT_STATUS=1

COMMAND: PYTHONDONTWRITEBYTECODE=1 python3 -m unittest tests.verification.test_artifact_identity.ArtifactIdentityTests.test_absolute_sidecar_path_rejected -v
test_absolute_sidecar_path_rejected (tests.verification.test_artifact_identity.ArtifactIdentityTests.test_absolute_sidecar_path_rejected) ... FAIL

======================================================================
FAIL: test_absolute_sidecar_path_rejected (tests.verification.test_artifact_identity.ArtifactIdentityTests.test_absolute_sidecar_path_rejected)
----------------------------------------------------------------------
Traceback (most recent call last):
  File "/home/cosmosapjw/bass-ac01-impl-20260826/tests/verification/test_artifact_identity.py", line 125, in test_absolute_sidecar_path_rejected
    completed, result = self._run_identity(
                        ^^^^^^^^^^^^^^^^^^^
  File "/home/cosmosapjw/bass-ac01-impl-20260826/tests/verification/test_artifact_identity.py", line 34, in _run_identity
    self.assertTrue(
AssertionError: '' is not true : identity verifier emitted no JSON receipt; stderr="/usr/bin/python3: can't open file '/home/cosmosapjw/bass-ac01-impl-20260826/scripts/verify_artifact_identity.py': [Errno 2] No such file or directory\n"

----------------------------------------------------------------------
Ran 1 test in 0.012s

FAILED (failures=1)
EXIT_STATUS=1

COMMAND: PYTHONDONTWRITEBYTECODE=1 python3 -m unittest tests.verification.test_artifact_identity.ArtifactIdentityTests.test_unmanifested_cache_fails_closed -v
test_unmanifested_cache_fails_closed (tests.verification.test_artifact_identity.ArtifactIdentityTests.test_unmanifested_cache_fails_closed) ... FAIL

======================================================================
FAIL: test_unmanifested_cache_fails_closed (tests.verification.test_artifact_identity.ArtifactIdentityTests.test_unmanifested_cache_fails_closed)
----------------------------------------------------------------------
Traceback (most recent call last):
  File "/home/cosmosapjw/bass-ac01-impl-20260826/tests/verification/test_artifact_identity.py", line 151, in test_unmanifested_cache_fails_closed
    completed, result = self._run_identity(
                        ^^^^^^^^^^^^^^^^^^^
  File "/home/cosmosapjw/bass-ac01-impl-20260826/tests/verification/test_artifact_identity.py", line 34, in _run_identity
    self.assertTrue(
AssertionError: '' is not true : identity verifier emitted no JSON receipt; stderr="/usr/bin/python3: can't open file '/home/cosmosapjw/bass-ac01-impl-20260826/scripts/verify_artifact_identity.py': [Errno 2] No such file or directory\n"

----------------------------------------------------------------------
Ran 1 test in 0.011s

FAILED (failures=1)
EXIT_STATUS=1

COMMAND: PYTHONDONTWRITEBYTECODE=1 python3 -m unittest tests.verification.test_artifact_identity.ArtifactIdentityTests.test_forbidden_diff_is_p0 -v
test_forbidden_diff_is_p0 (tests.verification.test_artifact_identity.ArtifactIdentityTests.test_forbidden_diff_is_p0) ... FAIL

======================================================================
FAIL: test_forbidden_diff_is_p0 (tests.verification.test_artifact_identity.ArtifactIdentityTests.test_forbidden_diff_is_p0)
----------------------------------------------------------------------
Traceback (most recent call last):
  File "/home/cosmosapjw/bass-ac01-impl-20260826/tests/verification/test_artifact_identity.py", line 209, in test_forbidden_diff_is_p0
    self.assertTrue(completed.stdout.strip(), f"diff verifier emitted no result; stderr={completed.stderr!r}")
AssertionError: '' is not true : diff verifier emitted no result; stderr="/usr/bin/python3: can't open file '/home/cosmosapjw/bass-ac01-impl-20260826/scripts/verify_allowed_diff.py': [Errno 2] No such file or directory\n"

----------------------------------------------------------------------
Ran 1 test in 0.034s

FAILED (failures=1)
EXIT_STATUS=1

COMMAND: PYTHONDONTWRITEBYTECODE=1 python3 -m unittest tests.verification.test_artifact_identity.ArtifactIdentityTests.test_distinct_container_can_pass_content_identity -v
test_distinct_container_can_pass_content_identity (tests.verification.test_artifact_identity.ArtifactIdentityTests.test_distinct_container_can_pass_content_identity) ... FAIL

======================================================================
FAIL: test_distinct_container_can_pass_content_identity (tests.verification.test_artifact_identity.ArtifactIdentityTests.test_distinct_container_can_pass_content_identity)
----------------------------------------------------------------------
Traceback (most recent call last):
  File "/home/cosmosapjw/bass-ac01-impl-20260826/tests/verification/test_artifact_identity.py", line 228, in test_distinct_container_can_pass_content_identity
    blocked, blocked_result = self._run_identity(base_request)
                              ^^^^^^^^^^^^^^^^^^^^^^^^^^^^^^^^
  File "/home/cosmosapjw/bass-ac01-impl-20260826/tests/verification/test_artifact_identity.py", line 34, in _run_identity
    self.assertTrue(
AssertionError: '' is not true : identity verifier emitted no JSON receipt; stderr="/usr/bin/python3: can't open file '/home/cosmosapjw/bass-ac01-impl-20260826/scripts/verify_artifact_identity.py': [Errno 2] No such file or directory\n"

----------------------------------------------------------------------
Ran 1 test in 0.013s

FAILED (failures=1)
EXIT_STATUS=1

RED_TEST_COUNT=7
COMMAND: PYTHONDONTWRITEBYTECODE=1 python3 -m unittest tests.verification.test_artifact_identity.ArtifactIdentityTests.test_unmanifested_cache_fails_closed -v
test_unmanifested_cache_fails_closed (tests.verification.test_artifact_identity.ArtifactIdentityTests.test_unmanifested_cache_fails_closed) ... FAIL

======================================================================
FAIL: test_unmanifested_cache_fails_closed (tests.verification.test_artifact_identity.ArtifactIdentityTests.test_unmanifested_cache_fails_closed)
----------------------------------------------------------------------
Traceback (most recent call last):
  File "/home/cosmosapjw/bass-ac01-impl-20260826/tests/verification/test_artifact_identity.py", line 162, in test_unmanifested_cache_fails_closed
    self.assertEqual(completed.returncode, 3)
AssertionError: 2 != 3

----------------------------------------------------------------------
Ran 1 test in 0.037s

FAILED (failures=1)
EXIT_STATUS=1
RED_REASON=class_B_deterministic_evidence_P0_requires_exit_3

R3_SUCCESSOR_RED
COMMAND: PYTHONDONTWRITEBYTECODE=1 python3 -m unittest tests.verification.test_artifact_identity.ArtifactIdentityTests.test_forbidden_diff_is_p0 -v
test_forbidden_diff_is_p0 (tests.verification.test_artifact_identity.ArtifactIdentityTests.test_forbidden_diff_is_p0) ... FAIL

======================================================================
FAIL: test_forbidden_diff_is_p0 (tests.verification.test_artifact_identity.ArtifactIdentityTests.test_forbidden_diff_is_p0)
----------------------------------------------------------------------
Traceback (most recent call last):
  File "/home/cosmosapjw/bass-ac01-impl-20260826/tests/verification/test_artifact_identity.py", line 212, in test_forbidden_diff_is_p0
    self.assertEqual(completed.returncode, 3)
AssertionError: 2 != 3

----------------------------------------------------------------------
Ran 1 test in 0.047s

FAILED (failures=1)
EXIT_STATUS=1
RED_REASON=successor_contract_implementation_allowed_paths_not_supported

