AP_SOURCE_BEFORE InputForm[<|wolfram/BASS/Kernel/Authority/BG02Convention.wl -> e0185abaea54816fabd90170a48fb67dd45b27c8d4392734dc3f09d49dfa7efb, wolfram/BASS/Kernel/Geometry/StructureConstants.wl -> becef3c4f6b60e20c4eea1b361832239422ca8286b90dd10474203389e170f75, wolfram/BASS/Kernel/Geometry/LeviCivitaConnection.wl -> 1f28c921734194c5a3b79e8d31ae045f7bfce336e2641e6e01a9232a0cdbc13d, wolfram/BASS/Kernel/Geometry/ONFConnectionCurvature.wl -> c2428d4466f05d88097db8a51f194458618a8f5837c625bb20f402301545a34e, wolfram/BASS/Kernel/Background/EinsteinProjection.wl -> 65a60d806fa280aa4d0ee7843790896cd754880bb1a43239db2a59c1b0be4c5a, docs/bass_master_ssot_v2/BG_02_IMPLEMENTATION/BG_02_CONVENTION_V2.json -> 60dd32c8185d37850a6f0878ba7c461644f332b96f6fcf92ec12823cfd487868, AbstractProjection.wl -> fa5fb9e8e4bf63e228fc535468b8a674f52924e480b045271b6ae5e93da4ee5d, projection_tests.wl -> ae0367f4b86e4f290e54cab3747ab323634b0800f8a46feebb1058a00ac0eea1, run_projection.wls -> 2a22f6c45aa526fc887d13d23dbe3bbbc5687fbf21fa703acf053ab355ae0011|>]
AP_XTENSOR_INIT InputForm[{/home/cosmosapjw/.WolframEngine/Applications/xAct/xTensor/Kernel/init.m, de9dc682f479e05d3fca377a15036c823023fa444f3456603317fc0fd8e2b1a0}]
------------------------------------------------------------
Package xAct`xPerm`  version 1.2.4, {2025, 12, 29}
CopyRight (C) 2003-2026, Jose M. Martin-Garcia, under the General Public License.
Connecting to external linux executable...
Connection established.
------------------------------------------------------------
Package xAct`xTensor` version 1.3.0, {2025, 12, 29}
CopyRight (C) 2002-2026, Jose M. Martin-Garcia, under the General Public License.
------------------------------------------------------------
These packages come with ABSOLUTELY NO WARRANTY; for details type Disclaimer[]. This is free software, and you are welcome to redistribute it under certain conditions. See the General Public License for details.
------------------------------------------------------------
AP_PROOF_BEGIN
AP_REGRESSION_THROW_SENTINEL
AP_FINAL_BEGIN
{
	"status":"AP_INVALID_RESULT",
	"exit_code":2,
	"whole_invocation_messages":[]
}
AP_FINAL_END
