🐍 Found CPython 3.12 at /tmp/bass-rf03-r4.TxQxOk/venv/bin/python
🔗 Found pyo3 bindings
   Compiling proc-macro2 v1.0.107
   Compiling autocfg v1.5.1
   Compiling quote v1.0.47
   Compiling unicode-ident v1.0.24
   Compiling libm v0.2.16
   Compiling bytemuck v1.25.2
   Compiling rand_core v0.6.4
   Compiling crossbeam-utils v0.8.22
   Compiling cfg-if v1.0.4
   Compiling libc v0.2.189
   Compiling crossbeam-epoch v0.9.20
   Compiling nano-gemm-codegen v0.2.1
   Compiling crossbeam-deque v0.8.7
   Compiling paste v1.0.15
   Compiling bitflags v2.13.1
   Compiling version_check v0.9.5
   Compiling rayon-core v1.13.0
   Compiling pulp-wasm-simd-flag v0.1.1
   Compiling reborrow v0.5.5
   Compiling either v1.17.0
   Compiling once_cell v1.21.4
   Compiling dyn-stack-macros v0.1.3
   Compiling target-lexicon v0.13.5
   Compiling getrandom v0.3.4
   Compiling syn v1.0.109
   Compiling memchr v2.8.3
   Compiling ucd-trie v0.1.7
   Compiling seq-macro v0.3.6
   Compiling zerocopy v0.8.55
   Compiling rand v0.8.7
   Compiling raw-cpuid v11.6.0
   Compiling nano-gemm-core v0.2.1
   Compiling rawpointer v0.2.1
   Compiling defer v0.2.1
   Compiling dyn-stack v0.13.2
   Compiling safe_arch v1.1.0
   Compiling equator-macro v0.6.0
   Compiling byteorder v1.5.0
   Compiling thiserror v2.0.19
   Compiling generativity v1.2.1
   Compiling serde_core v1.0.229
   Compiling typenum v1.20.1
   Compiling pulp v0.22.3
   Compiling zmij v1.0.23
   Compiling heck v0.5.0
   Compiling num-traits v0.2.19
   Compiling pest v2.8.8
   Compiling matrixmultiply v0.3.11
   Compiling nano-gemm-c32 v0.2.1
   Compiling nano-gemm-c64 v0.2.1
   Compiling nano-gemm-f32 v0.2.1
   Compiling nano-gemm-f64 v0.2.1
   Compiling equator v0.6.0
   Compiling diffsol-la v0.1.0
   Compiling hashbrown v0.17.1
   Compiling serde_json v1.0.151
   Compiling foldhash v0.1.5
   Compiling equivalent v1.0.2
   Compiling serde v1.0.229
   Compiling hashbrown v0.15.5
   Compiling wide v1.5.0
   Compiling itoa v1.0.18
   Compiling diffsol v0.16.1
   Compiling pyo3-build-config v0.29.0
   Compiling crossbeam-channel v0.5.16
   Compiling crossbeam-queue v0.3.13
   Compiling log v0.4.33
   Compiling fixedbitset v0.5.7
   Compiling rustc-hash v2.1.3
   Compiling syn v2.0.119
   Compiling syn v3.0.3
   Compiling atomic-wait v1.1.0
   Compiling num_cpus v1.17.0
   Compiling pest_meta v2.8.8
   Compiling indexmap v2.14.0
   Compiling crossbeam v0.8.4
   Compiling pyo3-ffi v0.29.0
   Compiling pyo3 v0.29.0
   Compiling numpy v0.29.0
   Compiling rand_core v0.9.5
   Compiling rayon v1.12.0
   Compiling num-complex v0.4.6
   Compiling num-integer v0.1.46
   Compiling approx v0.5.1
   Compiling num-bigint v0.4.8
   Compiling petgraph v0.8.3
   Compiling thiserror-impl v2.0.19
   Compiling serde_derive v1.0.229
   Compiling ndarray v0.17.2
   Compiling interpol v0.2.1
   Compiling private-gemm-x86 v0.1.20
   Compiling pest_generator v2.8.8
   Compiling pyo3-macros-backend v0.29.0
   Compiling ppv-lite86 v0.2.21
   Compiling num-rational v0.4.2
   Compiling equator-macro v0.4.2
   Compiling equator-macro v0.2.1
   Compiling nalgebra-macros v0.3.0
   Compiling rand_chacha v0.9.0
   Compiling simba v0.10.0
   Compiling pest_derive v2.8.8
   Compiling rand v0.9.5
   Compiling py_literal v0.4.0
   Compiling equator v0.2.2
   Compiling equator v0.4.2
   Compiling rand_distr v0.5.1
   Compiling npyz v0.8.4
   Compiling spindle v0.2.6
   Compiling gemm-common v0.19.0
   Compiling qd v0.8.0
   Compiling faer-traits v0.24.0
   Compiling gemm-f32 v0.19.0
   Compiling gemm-c64 v0.19.0
   Compiling gemm-f64 v0.19.0
   Compiling gemm-c32 v0.19.0
   Compiling pyo3-macros v0.29.0
   Compiling gemm v0.19.0
   Compiling nalgebra v0.35.0
   Compiling nano-gemm v0.2.2
   Compiling faer v0.24.4
   Compiling diffsol-nl v0.1.0
   Compiling bianchi_rustcore v0.1.0 (/tmp/bass-rf04-scalar-proof.SzAsUr/mutant-stage-collapse-repair/_rustcore)
warning: unused variable: `background_q1`
   --> src/kinetic/rf04_typeii.rs:434:5
    |
434 |     background_q1: &[[f64; 5]],
    |     ^^^^^^^^^^^^^ help: if this is intentional, prefix it with an underscore: `_background_q1`
    |
    = note: `#[warn(unused_variables)]` (part of `#[warn(unused)]`) on by default

warning: unused variable: `background_q3`
   --> src/kinetic/rf04_typeii.rs:436:5
    |
436 |     background_q3: &[[f64; 5]],
    |     ^^^^^^^^^^^^^ help: if this is intentional, prefix it with an underscore: `_background_q3`

warning: function `lebedev26` is never used
   --> src/kinetic/rf04_typeii.rs:636:4
    |
636 | fn lebedev26() -> (Vec<[f64; 3]>, Vec<f64>) {
    |    ^^^^^^^^^
    |
    = note: `#[warn(dead_code)]` (part of `#[warn(unused)]`) on by default

warning: function `rf04_deterministic_batch_probe` is never used
   --> src/kinetic/rf04_typeii.rs:673:8
    |
673 | pub fn rf04_deterministic_batch_probe(threads: usize) -> Result<Vec<f64>, Rf04Error> {
    |        ^^^^^^^^^^^^^^^^^^^^^^^^^^^^^^

warning: constant `FORMULA_AUTHORITY_SHA256` is never used
 --> src/kinetic/../../../generated/rust/typeii/typeii_background.rs:4:11
  |
4 | pub const FORMULA_AUTHORITY_SHA256: &str =
  |           ^^^^^^^^^^^^^^^^^^^^^^^^

warning: function `jvp` is never used
  --> src/kinetic/../../../generated/rust/typeii/typeii_background.rs:52:8
   |
52 | pub fn jvp(state: &[f64; 5], gamma: f64, direction: &[f64; 5]) -> [f64; 5] {
   |        ^^^

warning: variant `CallerDividedResidualEstimate` is never constructed
  --> src/kinetic/../../../runtime/rust/typeii/typeii_krylov_adapt.rs:43:5
   |
37 | pub enum AdaptiveKrylovTargetSemantics {
   |          ----------------------------- variant in this enum
...
43 |     CallerDividedResidualEstimate { divisor: f64 },
   |     ^^^^^^^^^^^^^^^^^^^^^^^^^^^^^
   |
   = note: `AdaptiveKrylovTargetSemantics` has derived impls for the traits `Debug` and `Clone`, but these are intentionally ignored during dead code analysis

warning: fields `requested` and `floor` are never read
   --> src/kinetic/../../../runtime/rust/typeii/typeii_krylov_adapt.rs:176:9
    |
175 |     ToleranceBelowArithmeticFloor {
    |     ----------------------------- fields in this variant
176 |         requested: f64,
    |         ^^^^^^^^^
177 |         floor: f64,
    |         ^^^^^
    |
    = note: `AdaptiveKrylovError` has derived impls for the traits `Clone` and `Debug`, but these are intentionally ignored during dead code analysis

warning: field `field` is never read
   --> src/kinetic/../../../runtime/rust/typeii/typeii_krylov_adapt.rs:180:9
    |
179 |     InvalidKatoDomain {
    |     ----------------- field in this variant
180 |         field: &'static str,
    |         ^^^^^
    |
    = note: `AdaptiveKrylovError` has derived impls for the traits `Clone` and `Debug`, but these are intentionally ignored during dead code analysis

warning: field `error_ratio` is never read
   --> src/kinetic/../../../runtime/rust/typeii/typeii_krylov_adapt.rs:195:9
    |
194 |     DidNotConverge {
    |     -------------- field in this variant
195 |         error_ratio: f64,
    |         ^^^^^^^^^^^
    |
    = note: `AdaptiveKrylovError` has derived impls for the traits `Clone` and `Debug`, but these are intentionally ignored during dead code analysis

warning: field `source` is never read
   --> src/kinetic/../../../runtime/rust/typeii/typeii_krylov_adapt.rs:199:9
    |
198 |     KatoSubactionFailed {
    |     ------------------- field in this variant
199 |         source: Box<AdaptiveKrylovError>,
    |         ^^^^^^
    |
    = note: `AdaptiveKrylovError` has derived impls for the traits `Clone` and `Debug`, but these are intentionally ignored during dead code analysis

warning: variants `InvalidResidualBudgetDivisor` and `SingularPadeSolve` are never constructed
   --> src/kinetic/../../../runtime/rust/typeii/typeii_krylov_adapt.rs:172:5
    |
170 | pub enum AdaptiveKrylovError {
    |          ------------------- variants in this enum
171 |     InvalidOptions,
172 |     InvalidResidualBudgetDivisor {
    |     ^^^^^^^^^^^^^^^^^^^^^^^^^^^^
...
193 |     SingularPadeSolve,
    |     ^^^^^^^^^^^^^^^^^
    |
    = note: `AdaptiveKrylovError` has derived impls for the traits `Clone` and `Debug`, but these are intentionally ignored during dead code analysis

warning: function `adaptive_expm_action_with_residual_budget_divisor` is never used
   --> src/kinetic/../../../runtime/rust/typeii/typeii_krylov_adapt.rs:685:8
    |
685 | pub fn adaptive_expm_action_with_residual_budget_divisor<F>(
    |        ^^^^^^^^^^^^^^^^^^^^^^^^^^^^^^^^^^^^^^^^^^^^^^^^^

warning: function `adaptive_phi1_action` is never used
   --> src/kinetic/../../../runtime/rust/typeii/typeii_krylov_adapt.rs:951:8
    |
951 | pub fn adaptive_phi1_action<F>(
    |        ^^^^^^^^^^^^^^^^^^^^

warning: struct `KrylovOptions` is never constructed
 --> src/kinetic/../../../runtime/rust/typeii/typeii_runtime.rs:7:12
  |
7 | pub struct KrylovOptions {
  |            ^^^^^^^^^^^^^

warning: associated function `full` is never used
  --> src/kinetic/../../../runtime/rust/typeii/typeii_runtime.rs:14:12
   |
13 | impl KrylovOptions {
   | ------------------ associated function in this implementation
14 |     pub fn full(n: usize) -> Self {
   |            ^^^^

warning: variants `OperatorDimensionMismatch`, `SingularPadeSolve`, `KrylovDidNotConverge`, and `SubspaceTooSmall` are never constructed
  --> src/kinetic/../../../runtime/rust/typeii/typeii_runtime.rs:26:5
   |
24 | pub enum RuntimeError {
   |          ------------ variants in this enum
25 |     DimensionMismatch,
26 |     OperatorDimensionMismatch,
   |     ^^^^^^^^^^^^^^^^^^^^^^^^^
27 |     SingularPadeSolve,
   |     ^^^^^^^^^^^^^^^^^
28 |     KrylovDidNotConverge { estimate: f64 },
   |     ^^^^^^^^^^^^^^^^^^^^
29 |     SubspaceTooSmall { requested: usize, dimension: usize },
   |     ^^^^^^^^^^^^^^^^
   |
   = note: `RuntimeError` has derived impls for the traits `Clone` and `Debug`, but these are intentionally ignored during dead code analysis

warning: function `dot` is never used
  --> src/kinetic/../../../runtime/rust/typeii/typeii_runtime.rs:32:4
   |
32 | fn dot(a: &[f64], b: &[f64]) -> f64 {
   |    ^^^

warning: function `norm2` is never used
  --> src/kinetic/../../../runtime/rust/typeii/typeii_runtime.rs:36:4
   |
36 | fn norm2(a: &[f64]) -> f64 {
   |    ^^^^^

warning: function `matrix_one_norm` is never used
  --> src/kinetic/../../../runtime/rust/typeii/typeii_runtime.rs:40:4
   |
40 | fn matrix_one_norm(a: &DMatrix<f64>) -> f64 {
   |    ^^^^^^^^^^^^^^^

warning: function `expm_pade13` is never used
  --> src/kinetic/../../../runtime/rust/typeii/typeii_runtime.rs:46:4
   |
46 | fn expm_pade13(a: &DMatrix<f64>) -> Result<DMatrix<f64>, RuntimeError> {
   |    ^^^^^^^^^^^

warning: function `arnoldi_once` is never used
   --> src/kinetic/../../../runtime/rust/typeii/typeii_runtime.rs:102:4
    |
102 | fn arnoldi_once<F>(
    |    ^^^^^^^^^^^^

warning: function `expm_action_split` is never used
   --> src/kinetic/../../../runtime/rust/typeii/typeii_runtime.rs:168:4
    |
168 | fn expm_action_split<F>(
    |    ^^^^^^^^^^^^^^^^^

warning: function `expm_action` is never used
   --> src/kinetic/../../../runtime/rust/typeii/typeii_runtime.rs:191:8
    |
191 | pub fn expm_action<F>(
    |        ^^^^^^^^^^^

warning: function `phi1_action` is never used
   --> src/kinetic/../../../runtime/rust/typeii/typeii_runtime.rs:203:8
    |
203 | pub fn phi1_action<F>(
    |        ^^^^^^^^^^^

warning: function `kato_aem2_step` is never used
   --> src/kinetic/../../../runtime/rust/typeii/typeii_runtime.rs:265:8
    |
265 | pub fn kato_aem2_step(
    |        ^^^^^^^^^^^^^^

warning: method `pressure` is never used
  --> src/matter/eos.rs:33:12
   |
12 | impl GammaLawModel {
   | ------------------ method in this implementation
...
33 |     pub fn pressure(self, rest_density: f64) -> Result<f64, MatterError> {
   |            ^^^^^^^^

warning: constant `BACKGROUND_RTOL` is never used
  --> src/ode/background/events.rs:10:7
   |
10 | const BACKGROUND_RTOL: f64 = 1.0e-10;
   |       ^^^^^^^^^^^^^^^

warning: constant `BACKGROUND_ATOL` is never used
  --> src/ode/background/events.rs:11:7
   |
11 | const BACKGROUND_ATOL: f64 = 1.0e-12;
   |       ^^^^^^^^^^^^^^^

warning: variant `Neg` is never constructed
  --> src/ode/background/events.rs:26:5
   |
19 | pub(crate) enum EventExpression {
   |                 --------------- variant in this enum
...
26 |     Neg(Box<EventExpression>),
   |     ^^^
   |
   = note: `EventExpression` has derived impls for the traits `Debug` and `Clone`, but these are intentionally ignored during dead code analysis

warning: struct `CarrierCertificateInput` is never constructed
  --> src/ode/background/events.rs:73:19
   |
73 | pub(crate) struct CarrierCertificateInput<'a> {
   |                   ^^^^^^^^^^^^^^^^^^^^^^^

warning: enum `InitialDomainClassification` is never used
  --> src/ode/background/events.rs:90:17
   |
90 | pub(crate) enum InitialDomainClassification {
   |                 ^^^^^^^^^^^^^^^^^^^^^^^^^^^

warning: constant `CLOSED_AST_OPS` is never used
  --> src/ode/background/events.rs:99:18
   |
99 | pub(crate) const CLOSED_AST_OPS: [&str; 7] = [
   |                  ^^^^^^^^^^^^^^

warning: function `certify_carrier_subsegment` is never used
   --> src/ode/background/events.rs:521:15
    |
521 | pub(crate) fn certify_carrier_subsegment(
    |               ^^^^^^^^^^^^^^^^^^^^^^^^^^

warning: function `domain_margin` is never used
   --> src/ode/background/events.rs:592:15
    |
592 | pub(crate) fn domain_margin(
    |               ^^^^^^^^^^^^^

warning: function `initial_domain_classification` is never used
   --> src/ode/background/events.rs:613:15
    |
613 | pub(crate) fn initial_domain_classification(
    |               ^^^^^^^^^^^^^^^^^^^^^^^^^^^^^

warning: methods `coefficients` and `mul` are never used
   --> src/ode/background/exact.rs:88:19
    |
 61 | impl ExactPolynomial {
    | -------------------- methods in this implementation
...
 88 |     pub(crate) fn coefficients(&self) -> &[BigRational] {
    |                   ^^^^^^^^^^^^
...
157 |     pub(crate) fn mul(&self, rhs: &Self) -> Self {
    |                   ^^^

warning: associated items `from_bytes` and `as_bytes` are never used
  --> src/ode/background/history.rs:38:19
   |
28 | impl StateDigest {
   | ---------------- associated items in this implementation
...
38 |     pub(crate) fn from_bytes(bytes: [u8; 32]) -> Self {
   |                   ^^^^^^^^^^
...
42 |     pub(crate) fn as_bytes(&self) -> &[u8; 32] {
   |                   ^^^^^^^^

warning: method `freeze_epsilon` is never used
   --> src/ode/background/history.rs:337:19
    |
336 | impl EventRecord {
    | ---------------- method in this implementation
337 |     pub(crate) fn freeze_epsilon(&mut self, epsilon_g: f64) {
    |                   ^^^^^^^^^^^^^^

warning: method `as_str` is never used
   --> src/ode/background/history.rs:367:19
    |
366 | impl AllowedRearmSide {
    | --------------------- method in this implementation
367 |     pub(crate) fn as_str(self) -> &'static str {
    |                   ^^^^^^

warning: function `apply_mass` is never used
 --> src/ode/background/type_ix_dae.rs:9:15
  |
9 | pub(crate) fn apply_mass(input: &[f64; 7]) -> [f64; 7] {
  |               ^^^^^^^^^^

warning: `bianchi_rustcore` (lib) generated 41 warnings (run `cargo fix --lib -p bianchi_rustcore` to apply 2 suggestions)
    Finished `release` profile [optimized] target(s) in 1m 23s
📦 Built wheel for CPython 3.12 to /tmp/bass-rf04-scalar-proof.SzAsUr/mutant-stage-collapse-repair-evidence/wheels/bianchi_rustcore-0.1.0-cp312-cp312-manylinux_2_34_x86_64.whl
