START_UTC=2026-08-24T19:37:18Z
CWD=/tmp/BASS-RF00-20260824T181805Z/native-build-mirror/_rustcore
CARGO_HOME=/tmp/BASS-RF00-20260824T181805Z/offline-cargo-home
CARGO_NET_OFFLINE=true
CARGO_TARGET_DIR=/tmp/BASS-RF00-20260824T181805Z/target-rf00
COMMAND=/home/cosmosapjw/.rustup/toolchains/1.94.1-x86_64-unknown-linux-gnu/bin/cargo clippy --workspace --all-targets --locked --offline -- -D warnings
   Compiling proc-macro2 v1.0.107
   Compiling autocfg v1.5.1
   Compiling unicode-ident v1.0.24
   Compiling quote v1.0.47
   Compiling libm v0.2.16
    Checking bytemuck v1.25.2
    Checking rand_core v0.6.4
   Compiling crossbeam-utils v0.8.22
   Compiling crossbeam-epoch v0.9.20
   Compiling libc v0.2.189
    Checking cfg-if v1.0.4
   Compiling crossbeam-deque v0.8.7
   Compiling nano-gemm-codegen v0.2.1
   Compiling paste v1.0.15
   Compiling version_check v0.9.5
    Checking bitflags v2.13.1
   Compiling rayon-core v1.13.0
    Checking pulp-wasm-simd-flag v0.1.1
    Checking either v1.17.0
    Checking reborrow v0.5.5
   Compiling dyn-stack-macros v0.1.3
   Compiling target-lexicon v0.13.5
    Checking once_cell v1.21.4
   Compiling ucd-trie v0.1.7
   Compiling syn v1.0.109
   Compiling seq-macro v0.3.6
   Compiling zerocopy v0.8.55
    Checking rand v0.8.7
   Compiling memchr v2.8.3
    Checking raw-cpuid v11.6.0
   Compiling getrandom v0.3.4
    Checking nano-gemm-core v0.2.1
   Compiling defer v0.2.1
    Checking rawpointer v0.2.1
    Checking safe_arch v1.1.0
    Checking byteorder v1.5.0
    Checking dyn-stack v0.13.2
   Compiling equator-macro v0.6.0
    Checking generativity v1.2.1
   Compiling pulp v0.22.3
   Compiling serde_core v1.0.229
   Compiling thiserror v2.0.19
    Checking typenum v1.20.1
   Compiling num-traits v0.2.19
   Compiling matrixmultiply v0.3.11
   Compiling diffsol-la v0.1.0
   Compiling zmij v1.0.23
   Compiling heck v0.5.0
    Checking hashbrown v0.17.1
    Checking foldhash v0.1.5
   Compiling serde_json v1.0.151
   Compiling serde v1.0.229
   Compiling pest v2.8.8
    Checking wide v1.5.0
    Checking equivalent v1.0.2
    Checking hashbrown v0.15.5
    Checking equator v0.6.0
    Checking crossbeam-channel v0.5.16
    Checking crossbeam-queue v0.3.13
   Compiling nano-gemm-f32 v0.2.1
   Compiling nano-gemm-c32 v0.2.1
   Compiling pyo3-build-config v0.29.0
   Compiling nano-gemm-c64 v0.2.1
   Compiling nano-gemm-f64 v0.2.1
    Checking log v0.4.33
    Checking fixedbitset v0.5.7
    Checking itoa v1.0.18
   Compiling diffsol v0.16.1
    Checking rustc-hash v2.1.3
   Compiling syn v2.0.119
   Compiling syn v3.0.3
    Checking crossbeam v0.8.4
    Checking indexmap v2.14.0
   Compiling pyo3-ffi v0.29.0
   Compiling pyo3 v0.29.0
   Compiling numpy v0.29.0
    Checking rayon v1.12.0
    Checking atomic-wait v1.1.0
    Checking num_cpus v1.17.0
    Checking rand_core v0.9.5
    Checking petgraph v0.8.3
   Compiling pest_meta v2.8.8
    Checking num-complex v0.4.6
    Checking num-integer v0.1.46
    Checking approx v0.5.1
    Checking num-bigint v0.4.8
    Checking num-rational v0.4.2
    Checking ndarray v0.17.2
   Compiling thiserror-impl v2.0.19
   Compiling serde_derive v1.0.229
    Checking simba v0.10.0
   Compiling interpol v0.2.1
    Checking ppv-lite86 v0.2.21
   Compiling private-gemm-x86 v0.1.20
    Checking rand_chacha v0.9.0
   Compiling pest_generator v2.8.8
   Compiling pyo3-macros-backend v0.29.0
    Checking rand v0.9.5
    Checking rand_distr v0.5.1
   Compiling equator-macro v0.4.2
   Compiling equator-macro v0.2.1
   Compiling nalgebra-macros v0.3.0
   Compiling pest_derive v2.8.8
    Checking py_literal v0.4.0
    Checking equator v0.2.2
    Checking equator v0.4.2
    Checking spindle v0.2.6
    Checking gemm-common v0.19.0
    Checking qd v0.8.0
    Checking npyz v0.8.4
    Checking faer-traits v0.24.0
    Checking gemm-c32 v0.19.0
    Checking gemm-f32 v0.19.0
    Checking gemm-c64 v0.19.0
    Checking gemm-f64 v0.19.0
    Checking gemm v0.19.0
    Checking nalgebra v0.35.0
   Compiling pyo3-macros v0.29.0
    Checking nano-gemm v0.2.2
    Checking faer v0.24.4
    Checking diffsol-nl v0.1.0
    Checking bianchi_rustcore v0.1.0 (/tmp/BASS-RF00-20260824T181805Z/native-build-mirror/_rustcore)
    Finished `dev` profile [unoptimized + debuginfo] target(s) in 27.86s
EXIT_CODE=0
END_UTC=2026-08-24T19:37:46Z
