ARCHIVE_MEMBER_PREFLIGHT_PASS members=10440
CONTENT_MANIFEST_PASS files=8456
DEPENDENCY_PAYLOAD_PASS vendor_files=8397 vendor_dirs=176 wheels=24
BUILD_OVERRIDE_PREFLIGHT_PASS
Cloning into '/tmp/BASS-RF00-20260824T181805Z/restore-remote-readback'...
HEAD is now at 4073f5a architecture: establish typed Rust backend policy
   Compiling autocfg v1.5.1
   Compiling proc-macro2 v1.0.107
   Compiling quote v1.0.47
   Compiling unicode-ident v1.0.24
   Compiling libm v0.2.16
   Compiling bytemuck v1.25.2
   Compiling rand_core v0.6.4
   Compiling crossbeam-utils v0.8.22
   Compiling crossbeam-epoch v0.9.20
   Compiling cfg-if v1.0.4
   Compiling libc v0.2.189
   Compiling nano-gemm-codegen v0.2.1
   Compiling crossbeam-deque v0.8.7
   Compiling version_check v0.9.5
   Compiling bitflags v2.13.1
   Compiling rayon-core v1.13.0
   Compiling paste v1.0.15
   Compiling pulp-wasm-simd-flag v0.1.1
   Compiling either v1.17.0
   Compiling reborrow v0.5.5
   Compiling dyn-stack-macros v0.1.3
   Compiling once_cell v1.21.4
   Compiling target-lexicon v0.13.5
   Compiling memchr v2.8.3
   Compiling syn v1.0.109
   Compiling zerocopy v0.8.55
   Compiling ucd-trie v0.1.7
   Compiling getrandom v0.3.4
   Compiling rand v0.8.7
   Compiling raw-cpuid v11.6.0
   Compiling seq-macro v0.3.6
   Compiling nano-gemm-core v0.2.1
   Compiling defer v0.2.1
   Compiling rawpointer v0.2.1
   Compiling safe_arch v1.1.0
   Compiling thiserror v2.0.19
   Compiling generativity v1.2.1
   Compiling equator-macro v0.6.0
   Compiling serde_core v1.0.229
   Compiling dyn-stack v0.13.2
   Compiling byteorder v1.5.0
   Compiling pulp v0.22.3
   Compiling heck v0.5.0
   Compiling typenum v1.20.1
   Compiling zmij v1.0.23
   Compiling num-traits v0.2.19
   Compiling matrixmultiply v0.3.11
   Compiling diffsol-la v0.1.0
   Compiling serde_json v1.0.151
   Compiling hashbrown v0.17.1
   Compiling equivalent v1.0.2
   Compiling serde v1.0.229
   Compiling foldhash v0.1.5
   Compiling pest v2.8.8
   Compiling itoa v1.0.18
   Compiling crossbeam-channel v0.5.16
   Compiling crossbeam-queue v0.3.13
   Compiling wide v1.5.0
   Compiling nano-gemm-c32 v0.2.1
   Compiling nano-gemm-c64 v0.2.1
   Compiling pyo3-build-config v0.29.0
   Compiling nano-gemm-f64 v0.2.1
   Compiling nano-gemm-f32 v0.2.1
   Compiling equator v0.6.0
   Compiling hashbrown v0.15.5
   Compiling diffsol v0.16.1
   Compiling log v0.4.33
   Compiling fixedbitset v0.5.7
   Compiling rustc-hash v2.1.3
   Compiling syn v2.0.119
   Compiling syn v3.0.3
   Compiling crossbeam v0.8.4
   Compiling indexmap v2.14.0
   Compiling pyo3-ffi v0.29.0
   Compiling pyo3 v0.29.0
   Compiling numpy v0.29.0
   Compiling rayon v1.12.0
   Compiling atomic-wait v1.1.0
   Compiling num_cpus v1.17.0
   Compiling rand_core v0.9.5
   Compiling pest_meta v2.8.8
   Compiling petgraph v0.8.3
   Compiling num-complex v0.4.6
   Compiling num-integer v0.1.46
   Compiling approx v0.5.1
   Compiling num-bigint v0.4.8
   Compiling num-rational v0.4.2
   Compiling ndarray v0.17.2
   Compiling thiserror-impl v2.0.19
   Compiling serde_derive v1.0.229
   Compiling interpol v0.2.1
   Compiling simba v0.10.0
   Compiling private-gemm-x86 v0.1.20
   Compiling pest_generator v2.8.8
   Compiling pyo3-macros-backend v0.29.0
   Compiling ppv-lite86 v0.2.21
   Compiling rand_chacha v0.9.0
   Compiling equator-macro v0.4.2
   Compiling pest_derive v2.8.8
   Compiling equator-macro v0.2.1
   Compiling nalgebra-macros v0.3.0
   Compiling rand v0.9.5
   Compiling py_literal v0.4.0
   Compiling equator v0.2.2
   Compiling equator v0.4.2
   Compiling spindle v0.2.6
   Compiling npyz v0.8.4
   Compiling rand_distr v0.5.1
   Compiling gemm-common v0.19.0
   Compiling qd v0.8.0
   Compiling faer-traits v0.24.0
   Compiling gemm-f32 v0.19.0
   Compiling gemm-c64 v0.19.0
   Compiling gemm-f64 v0.19.0
   Compiling gemm-c32 v0.19.0
   Compiling gemm v0.19.0
   Compiling pyo3-macros v0.29.0
   Compiling nalgebra v0.35.0
   Compiling nano-gemm v0.2.2
   Compiling faer v0.24.4
   Compiling diffsol-nl v0.1.0
   Compiling bianchi_rustcore v0.1.0 (/tmp/BASS-RF00-20260824T181805Z/restore-remote-readback/_rustcore)
    Finished `test` profile [unoptimized + debuginfo] target(s) in 31.71s
     Running unittests src/lib.rs (target/debug/deps/bianchi_rustcore-636a889bb1d80c30)

running 124 tests
test core::conventions::tests::levi_civita_signs ... ok
test core::conventions::tests::rotation_is_cross_product ... ok
test geom::group::tests::exceptional_is_detected_by_constraint_degeneracy ... ok
test geom::group::tests::class_a_types ... ok
test geom::group::tests::ricci_matches_closed_form_r3 ... ok
test kinetic::characteristics::tests::massless_direction_flow_is_p_independent ... ok
test kinetic::characteristics::tests::norm_is_preserved_by_n_and_a_terms ... ok
test geom::group::tests::jacobi_is_enforced_by_construction_in_class_b ... ok
test kinetic::characteristics::tests::split_form_agrees_with_covariant_form ... ok
test kinetic::coeff_hier::tests::apply_matches_manual_sum ... ok
test kinetic::coeff_hier::tests::grid_len_matches_offsets ... ok
test kinetic::coeff_hier::tests::mass_down_empty_at_l0 ... ok
test kinetic::coeff_hier::tests::c2_wall_at_l11 - should panic ... ok
test kinetic::coeff_hier::tests::table_offsets_are_consistent ... ok
test kinetic::characteristics::tests::rk4_is_fourth_order ... ok
test kinetic::collide_exact::tests::eigenvalues_are_recomputed_correctly ... ok
test kinetic::collision::tests::legendre_matches_known_values ... ok
test kinetic::collision::tests::stiffness_flag_trips ... ok
test kinetic::collision::tests::viscosity_is_eight_over_twentyseven_with_910 ... ok
test kinetic::collide_exact::tests::stiff_limit_is_exact_and_stable ... ok
test kinetic::coupled::tests::nterm_iso_n_cancels ... ok
test kinetic::collide_exact::tests::number_is_conserved_exactly ... ok
test kinetic::coupled::tests::safe_guards_zero ... ok
test kinetic::pol_collide::modeb_tests::modeb_x_zero_is_identity ... ok
test kinetic::collision::tests::route_a_l2_damping_is_nine_tenths ... ok
test kinetic::coupled::tests::layout_offsets ... ok
test kinetic::collision::tests::phase_function_is_normalised ... ok
test kinetic::comoving::tests::frame_reproduces_isotropic_expansion_at_fourth_order ... ok
test kinetic::comoving::tests::log_space_survives_extreme_dynamic_range ... ok
test kinetic::qevolve::tests::bianchi_i_residual_is_identity ... ok
test kinetic::qevolve::tests::inverse_matrix_is_correct ... ok
test kinetic::pstf::tests::projection_removes_traces ... ok
test kinetic::pstf::tests::projection_is_idempotent ... ok
test kinetic::collide_exact::tests::positivity_is_structural ... ok
test kinetic::qevolve::tests::reduce_det_is_order_fixed ... ok
test kinetic::pol_collide::tests::eigenvalues_recomputed ... ok
test kinetic::comoving::tests::exact_collision_in_log_space_matches_linear_three_term ... ok
test kinetic::pol_collide::modeb_tests::modeb_slices_match_mode_a ... ok
test kinetic::pol_collide::tests::number_conserved_and_stiff_limit_finite ... ok
test kinetic::qevolve::tests::mode_b_reduces_to_mode_a_for_factorized_data ... ok
test kinetic::collision::tests::route_a_reproduces_analytic_eigenvalues ... ok
test kinetic::comoving::tests::ylm_l2_is_orthonormal_on_grid ... ok
test kinetic::quad::tilted_tests::boost_preserves_mass_shell ... ok
test kinetic::radial::tests::planck_shift_converges_at_high_order ... ok
test kinetic::radial::tests::power_law_shift_is_exact_in_log_space ... ok
test kinetic::radial::tests::stencil_weights_sum_to_one ... ok
test kinetic::quad::tests::dipole_activates_odd_l ... ok
test kinetic::sphere::tests::gl_weights_sum_and_exactness ... ok
test kinetic::sphere::tests::moments_rejects_a_short_distribution - should panic ... ok
test kinetic::qevolve::tests::mode_b_collision_acts_identically_on_every_radial_slice ... ok
test kinetic::sphere::tests::analyze_synthesize_roundtrip ... ok
test kinetic::tilted_hier::tests::contract_two_matches_a_hand_case ... ok
test kinetic::tilted_hier::tests::grid_indexing_round_trips ... ok
test kinetic::tilted_hier::tests::lu_solve_recovers_a_known_solution ... ok
test kinetic::sphere::tests::weights_sum_to_four_pi ... ok
test kinetic::tilted_hier::tests::safe_ratio_clamps_and_guards_zero ... ok
test kinetic::tilted_hier::tests::state_flattening_round_trips ... ok
test kinetic::tilted_terms::tests::spatial_derivative_vanishes_in_a_static_orthonormal_frame ... ok
test kinetic::tilted_terms::tests::flat_geometry_gives_plain_time_derivative ... ok
test kinetic::tilted_terms::tests::to_coord_then_to_tetrad_is_identity_for_an_orthonormal_frame ... ok
test kinetic::qevolve::tests::nu_schedule_model_mode_uses_state_lnh ... ok
test kinetic::transport::tests::identity_plan_when_no_direction_flow ... ok
test kinetic::typev::tests::accelerations_invert_the_spatial_equations ... ok
test kinetic::transport::tests::isotropic_expansion_scales_mode_a_analytically ... ok
test kinetic::typev::tests::projection_restores_both_constraints ... ok
test kinetic::typev::tests::zero_a_kills_the_weight_drift ... ok
test kinetic::typev::tests::pi_is_traceless ... ok
test kinetic::transport::tests::stencil_is_partition_of_unity ... ok
test kinetic::grid_collide::tests::expm_preserves_constant ... ok
test kinetic::quad::tilted_tests::zero_tilt_is_bit_exact ... ok
test kinetic::viscous::tests::relaxation_time_helper ... ok
test kinetic::grid_collide::tests::sinkhorn_doubly_stochastic ... ok
test kinetic::quad::tests::odd_l_vanishes_for_isotropic_f0 ... ok
test kinetic::viscous::tests::route_b_handset_is_exactly_minus_four ... ok
test kinetic::viscous::tests::route_b_rejects_isotropic_a_vec ... ok
test kinetic::viscous::tests::route_a_source_is_minus_eight_fifteenths ... ok
test kinetic::quad::tilted_tests::tilted_energy_density_exceeds_normal ... ok
test kinetic::quad::tilted_tests::boost_activates_odd_l_without_dipole ... ok
test ode::charts::tests::c2_charts_have_flrw_fixed_points ... ok
test ode::charts::tests::class_a_preserves_zero_n ... ok
test ode::charts::tests::exceptional_g_constraint_propagates_numerically ... ok
test ode::charts::tests::jac_mul_matches_finite_difference ... ok
test ode::charts::tests::kasner_circle_is_vacuum ... ok
test ode::charts::tests::type_ix_d_future_is_the_exact_negation ... ok
test ode::mixmaster::tests::kasner_u_round_trips ... ok
test ode::mixmaster::tests::log_walls_agree_with_linear_where_both_are_valid ... ok
test ode::mixmaster::tests::mixmaster_follows_the_bkl_map ... ok
test ode::mixmaster::tests::no_wall_no_bounce ... ok
test ode::mixmaster::tests::one_wall_bounces_once ... ok
test ode::mixmaster::tests::log_walls_survive_far_past_the_underflow_floor ... ok
test ode::solve::tests::bianchi_i_flat_dust_omega_to_one ... ok
test ode::solve::tests::constant_solution_survives_h_explosion_sweep ... ok
test ode::solve::tests::type_n_zero_is_preserved_exactly ... ok
test runtime_capability_tests::rayon_registry_has_at_least_one_thread ... ok
test thermo::dof::tests::asymptotes ... ok
test thermo::dof::tests::monotone_decreasing_with_cooling ... ok
test thermo::dof::tests::qcd_region_values ... ok
test thermo::fd::tests::massless_limit_w_is_one_third ... ok
test thermo::fd::tests::massless_rho_matches_analytic ... ok
test thermo::fd::tests::n_integral_matches_analytic ... ok
test thermo::fd::tests::nonrelativistic_limit_w_to_zero ... ok
test ode::solve::tests::whiplash_threshold_truncates_tilted_run ... ok
test kinetic::quad::tests::massless_w_is_one_third ... ok
test kinetic::viscous::tests::route_a_massless_damping_is_minus_four ... ok
test kinetic::viscous::tests::massive_damping_is_anisotropic ... ok
test kinetic::sphere::tests::spherical_harmonics_are_orthonormal ... ok
test kinetic::collide_exact::tests::matches_dense_matrix_exponential ... ok
test kinetic::collision::tests::collision_damps_l2_by_nine_tenths ... ok
test kinetic::collision::tests::photon_number_conserved ... ok
test kinetic::viscous::tests::eckart_limit_matches ... ok
test kinetic::quad::tests::isotropic_background_has_no_anisotropic_stress ... ok
test kinetic::viscous::tests::route_b_source_is_exactly_minus_eight_fifteenths ... ok
test kinetic::qevolve::tests::mode_b_free_stream_is_exactly_invariant ... ok
test kinetic::quad::tilted_tests::dipole_matches_closed_form ... ok
test kinetic::collision::tests::free_streaming_limit_is_exact ... ok
test kinetic::viscous::tests::mass_increases_damping ... ok
test kinetic::viscous::tests::derived_tau_pi_and_eta ... ok
test kinetic::collision::tests::tight_coupling_scales_as_inverse_rate ... ok
test kinetic::qevolve::tests::ensemble_is_bitwise_identical_to_serial ... ok
test kinetic::qevolve::tests::evolution_is_deterministic ... ok
test kinetic::hierarchy::tests::isotropic_background_keeps_pi_zero ... ok
test kinetic::hierarchy::tests::trajectory_matches_quadrature_massless ... ok
test kinetic::viscous::tests::two_routes_agree ... ok
test kinetic::collision::tests::collisional_integration_drives_pi_down ... ok

test result: ok. 124 passed; 0 failed; 0 ignored; 0 measured; 0 filtered out; finished in 7.20s

   Doc-tests bianchi_rustcore

running 0 tests

test result: ok. 0 passed; 0 failed; 0 ignored; 0 measured; 0 filtered out; finished in 0.00s

Looking in links: /tmp/BASS-RF00-20260824T181805Z/restore-remote-readback/.bass-repro-inputs/wheelhouse
Processing /tmp/BASS-RF00-20260824T181805Z/restore-remote-readback/.bass-repro-inputs/wheelhouse/setuptools-68.1.2-py3-none-any.whl (from -r /tmp/BASS-RF00-20260824T181805Z/restore-remote-readback/.bass-repro-inputs/PYTHON_BUILD_RESOLVED.lock (line 1))
Processing /tmp/BASS-RF00-20260824T181805Z/restore-remote-readback/.bass-repro-inputs/wheelhouse/wheel-0.42.0-py3-none-any.whl (from -r /tmp/BASS-RF00-20260824T181805Z/restore-remote-readback/.bass-repro-inputs/PYTHON_BUILD_RESOLVED.lock (line 2))
Installing collected packages: wheel, setuptools
Successfully installed setuptools-68.1.2 wheel-0.42.0
Looking in links: /tmp/BASS-RF00-20260824T181805Z/restore-remote-readback/.bass-repro-inputs/wheelhouse
Processing /tmp/BASS-RF00-20260824T181805Z/restore-remote-readback/.bass-repro-inputs/wheelhouse/pygments-2.21.0-py3-none-any.whl (from -r /tmp/BASS-RF00-20260824T181805Z/restore-remote-readback/.bass-repro-inputs/PYTHON_RESOLVED.lock (line 1))
Processing /tmp/BASS-RF00-20260824T181805Z/restore-remote-readback/.bass-repro-inputs/wheelhouse/diffrax-0.7.2-py3-none-any.whl (from -r /tmp/BASS-RF00-20260824T181805Z/restore-remote-readback/.bass-repro-inputs/PYTHON_RESOLVED.lock (line 2))
Processing /tmp/BASS-RF00-20260824T181805Z/restore-remote-readback/.bass-repro-inputs/wheelhouse/equinox-0.13.8-py3-none-any.whl (from -r /tmp/BASS-RF00-20260824T181805Z/restore-remote-readback/.bass-repro-inputs/PYTHON_RESOLVED.lock (line 3))
Processing /tmp/BASS-RF00-20260824T181805Z/restore-remote-readback/.bass-repro-inputs/wheelhouse/iniconfig-2.3.0-py3-none-any.whl (from -r /tmp/BASS-RF00-20260824T181805Z/restore-remote-readback/.bass-repro-inputs/PYTHON_RESOLVED.lock (line 4))
Processing /tmp/BASS-RF00-20260824T181805Z/restore-remote-readback/.bass-repro-inputs/wheelhouse/jax-0.10.2-py3-none-any.whl (from -r /tmp/BASS-RF00-20260824T181805Z/restore-remote-readback/.bass-repro-inputs/PYTHON_RESOLVED.lock (line 5))
Processing /tmp/BASS-RF00-20260824T181805Z/restore-remote-readback/.bass-repro-inputs/wheelhouse/jaxlib-0.10.2-cp312-cp312-manylinux_2_27_x86_64.whl (from -r /tmp/BASS-RF00-20260824T181805Z/restore-remote-readback/.bass-repro-inputs/PYTHON_RESOLVED.lock (line 6))
Processing /tmp/BASS-RF00-20260824T181805Z/restore-remote-readback/.bass-repro-inputs/wheelhouse/jaxtyping-0.3.11-py3-none-any.whl (from -r /tmp/BASS-RF00-20260824T181805Z/restore-remote-readback/.bass-repro-inputs/PYTHON_RESOLVED.lock (line 7))
Processing /tmp/BASS-RF00-20260824T181805Z/restore-remote-readback/.bass-repro-inputs/wheelhouse/lineax-0.1.1-py3-none-any.whl (from -r /tmp/BASS-RF00-20260824T181805Z/restore-remote-readback/.bass-repro-inputs/PYTHON_RESOLVED.lock (line 8))
Processing /tmp/BASS-RF00-20260824T181805Z/restore-remote-readback/.bass-repro-inputs/wheelhouse/maturin-1.14.1-py3-none-manylinux_2_12_x86_64.manylinux2010_x86_64.musllinux_1_1_x86_64.whl (from -r /tmp/BASS-RF00-20260824T181805Z/restore-remote-readback/.bass-repro-inputs/PYTHON_RESOLVED.lock (line 9))
Processing /tmp/BASS-RF00-20260824T181805Z/restore-remote-readback/.bass-repro-inputs/wheelhouse/ml_dtypes-0.6.0-cp312-cp312-manylinux_2_27_x86_64.manylinux_2_28_x86_64.whl (from -r /tmp/BASS-RF00-20260824T181805Z/restore-remote-readback/.bass-repro-inputs/PYTHON_RESOLVED.lock (line 10))
Processing /tmp/BASS-RF00-20260824T181805Z/restore-remote-readback/.bass-repro-inputs/wheelhouse/mpmath-1.3.0-py3-none-any.whl (from -r /tmp/BASS-RF00-20260824T181805Z/restore-remote-readback/.bass-repro-inputs/PYTHON_RESOLVED.lock (line 11))
Processing /tmp/BASS-RF00-20260824T181805Z/restore-remote-readback/.bass-repro-inputs/wheelhouse/numpy-2.4.4-cp312-cp312-manylinux_2_27_x86_64.manylinux_2_28_x86_64.whl (from -r /tmp/BASS-RF00-20260824T181805Z/restore-remote-readback/.bass-repro-inputs/PYTHON_RESOLVED.lock (line 12))
Processing /tmp/BASS-RF00-20260824T181805Z/restore-remote-readback/.bass-repro-inputs/wheelhouse/opt_einsum-3.4.0-py3-none-any.whl (from -r /tmp/BASS-RF00-20260824T181805Z/restore-remote-readback/.bass-repro-inputs/PYTHON_RESOLVED.lock (line 13))
Processing /tmp/BASS-RF00-20260824T181805Z/restore-remote-readback/.bass-repro-inputs/wheelhouse/optimistix-0.1.0-py3-none-any.whl (from -r /tmp/BASS-RF00-20260824T181805Z/restore-remote-readback/.bass-repro-inputs/PYTHON_RESOLVED.lock (line 14))
Processing /tmp/BASS-RF00-20260824T181805Z/restore-remote-readback/.bass-repro-inputs/wheelhouse/packaging-26.3-py3-none-any.whl (from -r /tmp/BASS-RF00-20260824T181805Z/restore-remote-readback/.bass-repro-inputs/PYTHON_RESOLVED.lock (line 15))
Requirement already satisfied: pip==24.0 in /tmp/BASS-RF00-20260824T181805Z/restore-remote-readback/.bass-repro-venv/lib/python3.12/site-packages (from -r /tmp/BASS-RF00-20260824T181805Z/restore-remote-readback/.bass-repro-inputs/PYTHON_RESOLVED.lock (line 16)) (24.0)
Processing /tmp/BASS-RF00-20260824T181805Z/restore-remote-readback/.bass-repro-inputs/wheelhouse/pluggy-1.6.0-py3-none-any.whl (from -r /tmp/BASS-RF00-20260824T181805Z/restore-remote-readback/.bass-repro-inputs/PYTHON_RESOLVED.lock (line 17))
Processing /tmp/BASS-RF00-20260824T181805Z/restore-remote-readback/.bass-repro-inputs/wheelhouse/pytest-9.1.1-py3-none-any.whl (from -r /tmp/BASS-RF00-20260824T181805Z/restore-remote-readback/.bass-repro-inputs/PYTHON_RESOLVED.lock (line 18))
Processing /tmp/BASS-RF00-20260824T181805Z/restore-remote-readback/.bass-repro-inputs/wheelhouse/scipy-1.17.1-cp312-cp312-manylinux_2_27_x86_64.manylinux_2_28_x86_64.whl (from -r /tmp/BASS-RF00-20260824T181805Z/restore-remote-readback/.bass-repro-inputs/PYTHON_RESOLVED.lock (line 19))
Processing /tmp/BASS-RF00-20260824T181805Z/restore-remote-readback/.bass-repro-inputs/wheelhouse/sympy-1.14.0-py3-none-any.whl (from -r /tmp/BASS-RF00-20260824T181805Z/restore-remote-readback/.bass-repro-inputs/PYTHON_RESOLVED.lock (line 20))
Processing /tmp/BASS-RF00-20260824T181805Z/restore-remote-readback/.bass-repro-inputs/wheelhouse/typing_extensions-4.16.0-py3-none-any.whl (from -r /tmp/BASS-RF00-20260824T181805Z/restore-remote-readback/.bass-repro-inputs/PYTHON_RESOLVED.lock (line 21))
Processing /tmp/BASS-RF00-20260824T181805Z/restore-remote-readback/.bass-repro-inputs/wheelhouse/wadler_lindig-0.1.7-py3-none-any.whl (from -r /tmp/BASS-RF00-20260824T181805Z/restore-remote-readback/.bass-repro-inputs/PYTHON_RESOLVED.lock (line 22))
Installing collected packages: mpmath, wadler_lindig, typing_extensions, sympy, Pygments, pluggy, packaging, opt_einsum, numpy, maturin, iniconfig, scipy, pytest, ml_dtypes, jaxtyping, jaxlib, jax, equinox, lineax, optimistix, diffrax
Successfully installed Pygments-2.21.0 diffrax-0.7.2 equinox-0.13.8 iniconfig-2.3.0 jax-0.10.2 jaxlib-0.10.2 jaxtyping-0.3.11 lineax-0.1.1 maturin-1.14.1 ml_dtypes-0.6.0 mpmath-1.3.0 numpy-2.4.4 opt_einsum-3.4.0 optimistix-0.1.0 packaging-26.3 pluggy-1.6.0 pytest-9.1.1 scipy-1.17.1 sympy-1.14.0 typing_extensions-4.16.0 wadler_lindig-0.1.7
Processing /tmp/BASS-RF00-20260824T181805Z/restore-remote-readback/.bass-repro-inputs/native-wheel/bianchi_rustcore-0.1.0-cp312-cp312-manylinux_2_34_x86_64.whl
Installing collected packages: bianchi-rustcore
Successfully installed bianchi-rustcore-0.1.0
Looking in links: /tmp/BASS-RF00-20260824T181805Z/restore-remote-readback/.bass-repro-inputs/wheelhouse
Processing /tmp/BASS-RF00-20260824T181805Z/restore-remote-readback
  Preparing metadata (pyproject.toml): started
  Preparing metadata (pyproject.toml): finished with status 'done'
Building wheels for collected packages: bianchi-solver
  Building wheel for bianchi-solver (pyproject.toml): started
  Building wheel for bianchi-solver (pyproject.toml): finished with status 'done'
  Created wheel for bianchi-solver: filename=bianchi_solver-0.1.0-py3-none-any.whl size=652065 sha256=00051920ca02efef646f833b0e4ca0eada81ab8fc05cc6afe47bb219eab91cba
  Stored in directory: /home/cosmosapjw/.cache/pip/wheels/75/b4/eb/8a29a7f8c20cebe6b5a19867ee11c88deebe536339c864dc97
Successfully built bianchi-solver
Installing collected packages: bianchi-solver
Successfully installed bianchi-solver-0.1.0
An NVIDIA GPU may be present on this machine, but a CUDA-enabled jaxlib is not installed. Falling back to cpu.
RF00_TYPED_NATIVE_IMPORT_CALL_PASS
.....................................................................    [100%]
69 passed in 2.26s
RESTORE_VERIFY_PASS
destination=/tmp/BASS-RF00-20260824T181805Z/restore-remote-readback
commit=4073f5a66910142545167b2987bfe350239fd7c9
tree=f0d98afc9139281a04a0dece2221a055a85c2fb0
lock_sha256=d500208e9353ade1cb74693918598846628219e6e7bd2e2bce9ec85e29eb6310
config_sha256=77e9219c27274120197571fd165cbe4121963b5ad3bc0b20b383c86ef0ce6c2b
native_wheel_sha256=e050974a78e5e02dc5ce8b77aa1dff5bf2bd62d2f52cb2cdcccf8b49d57f3917
