START_UTC=2026-08-24T19:38:48Z
CWD=/tmp/BASS-RF00-20260824T181805Z/native-build-mirror/_rustcore
PIP_NO_INDEX=1
CARGO_HOME=/tmp/BASS-RF00-20260824T181805Z/offline-cargo-home
CARGO_NET_OFFLINE=true
CARGO_TARGET_DIR=/tmp/BASS-RF00-20260824T181805Z/target-rf00
COMMAND=/tmp/BASS-NATIVE-DELTA-20260824T092016Z/env/venv-smoke-bff2852-final/bin/python -m maturin build --release --locked --out /tmp/BASS-RF00-20260824T181805Z/dist-rf00
🐍 Found CPython 3.12 at /usr/bin/python3
🔗 Found pyo3 bindings
📡 Using build options features from pyproject.toml
   Compiling proc-macro2 v1.0.107
   Compiling autocfg v1.5.1
   Compiling quote v1.0.47
   Compiling unicode-ident v1.0.24
   Compiling libm v0.2.16
   Compiling bytemuck v1.25.2
   Compiling rand_core v0.6.4
   Compiling crossbeam-utils v0.8.22
   Compiling crossbeam-epoch v0.9.20
   Compiling libc v0.2.189
   Compiling cfg-if v1.0.4
   Compiling crossbeam-deque v0.8.7
   Compiling nano-gemm-codegen v0.2.1
   Compiling bitflags v2.13.1
   Compiling rayon-core v1.13.0
   Compiling version_check v0.9.5
   Compiling paste v1.0.15
   Compiling reborrow v0.5.5
   Compiling pulp-wasm-simd-flag v0.1.1
   Compiling either v1.17.0
   Compiling once_cell v1.21.4
   Compiling dyn-stack-macros v0.1.3
   Compiling target-lexicon v0.13.5
   Compiling syn v1.0.109
   Compiling getrandom v0.3.4
   Compiling zerocopy v0.8.55
   Compiling seq-macro v0.3.6
   Compiling ucd-trie v0.1.7
   Compiling rand v0.8.7
   Compiling raw-cpuid v11.6.0
   Compiling memchr v2.8.3
   Compiling nano-gemm-core v0.2.1
   Compiling rawpointer v0.2.1
   Compiling defer v0.2.1
   Compiling safe_arch v1.1.0
   Compiling dyn-stack v0.13.2
   Compiling serde_core v1.0.229
   Compiling equator-macro v0.6.0
   Compiling thiserror v2.0.19
   Compiling generativity v1.2.1
   Compiling pulp v0.22.3
   Compiling byteorder v1.5.0
   Compiling typenum v1.20.1
   Compiling diffsol-la v0.1.0
   Compiling num-traits v0.2.19
   Compiling matrixmultiply v0.3.11
   Compiling heck v0.5.0
   Compiling zmij v1.0.23
   Compiling foldhash v0.1.5
   Compiling serde_json v1.0.151
   Compiling equivalent v1.0.2
   Compiling hashbrown v0.17.1
   Compiling serde v1.0.229
   Compiling log v0.4.33
   Compiling hashbrown v0.15.5
   Compiling diffsol v0.16.1
   Compiling equator v0.6.0
   Compiling fixedbitset v0.5.7
   Compiling pest v2.8.8
   Compiling nano-gemm-c32 v0.2.1
   Compiling crossbeam-queue v0.3.13
   Compiling crossbeam-channel v0.5.16
   Compiling pyo3-build-config v0.29.0
   Compiling nano-gemm-f32 v0.2.1
   Compiling nano-gemm-c64 v0.2.1
   Compiling nano-gemm-f64 v0.2.1
   Compiling wide v1.5.0
   Compiling itoa v1.0.18
   Compiling syn v2.0.119
   Compiling syn v3.0.3
   Compiling rustc-hash v2.1.3
   Compiling crossbeam v0.8.4
   Compiling indexmap v2.14.0
   Compiling pyo3-ffi v0.29.0
   Compiling pyo3 v0.29.0
   Compiling numpy v0.29.0
   Compiling atomic-wait v1.1.0
   Compiling num_cpus v1.17.0
   Compiling rayon v1.12.0
   Compiling rand_core v0.9.5
   Compiling pest_meta v2.8.8
   Compiling petgraph v0.8.3
   Compiling num-complex v0.4.6
   Compiling num-integer v0.1.46
   Compiling approx v0.5.1
   Compiling num-bigint v0.4.8
   Compiling num-rational v0.4.2
   Compiling thiserror-impl v2.0.19
   Compiling serde_derive v1.0.229
   Compiling ndarray v0.17.2
   Compiling interpol v0.2.1
   Compiling private-gemm-x86 v0.1.20
   Compiling simba v0.10.0
   Compiling pest_generator v2.8.8
   Compiling pyo3-macros-backend v0.29.0
   Compiling ppv-lite86 v0.2.21
   Compiling equator-macro v0.4.2
   Compiling equator-macro v0.2.1
   Compiling nalgebra-macros v0.3.0
   Compiling pest_derive v2.8.8
   Compiling rand_chacha v0.9.0
   Compiling equator v0.2.2
   Compiling rand v0.9.5
   Compiling py_literal v0.4.0
   Compiling equator v0.4.2
   Compiling spindle v0.2.6
   Compiling npyz v0.8.4
   Compiling rand_distr v0.5.1
   Compiling gemm-common v0.19.0
   Compiling qd v0.8.0
   Compiling faer-traits v0.24.0
   Compiling gemm-f32 v0.19.0
   Compiling gemm-c64 v0.19.0
   Compiling gemm-c32 v0.19.0
   Compiling gemm-f64 v0.19.0
   Compiling pyo3-macros v0.29.0
   Compiling gemm v0.19.0
   Compiling nalgebra v0.35.0
   Compiling nano-gemm v0.2.2
   Compiling faer v0.24.4
   Compiling diffsol-nl v0.1.0
   Compiling bianchi_rustcore v0.1.0 (/tmp/BASS-RF00-20260824T181805Z/native-build-mirror/_rustcore)
    Finished `release` profile [optimized] target(s) in 56.21s
📦 Built wheel for CPython 3.12 to /tmp/BASS-RF00-20260824T181805Z/dist-rf00/bianchi_rustcore-0.1.0-cp312-cp312-manylinux_2_34_x86_64.whl
EXIT_CODE=0
END_UTC=2026-08-24T19:39:45Z
