START_UTC=2026-08-24T19:43:10Z
CWD=/tmp/BASS-RF00-20260824T181805Z/worktree
PIP_NO_INDEX=1
COMMAND=/tmp/BASS-RF00-20260824T181805Z/venv-rf00-final/bin/python -m pip install --no-index --find-links /tmp/BASS-NATIVE-DELTA-20260824T092016Z/artifact-r2/normalized-staging-final/BASS_NATIVE_REPRO_BASS-NATIVE-DELTA-20260824T092016Z/python/wheelhouse --find-links /tmp/BASS-RF00-20260824T181805Z/rf00-install-retry1-BRbuc7/build-wheelhouse --constraint requirements.lock /tmp/BASS-RF00-20260824T181805Z/dist-rf00/bianchi_rustcore-0.1.0-cp312-cp312-manylinux_2_34_x86_64.whl .
Looking in links: /tmp/BASS-NATIVE-DELTA-20260824T092016Z/artifact-r2/normalized-staging-final/BASS_NATIVE_REPRO_BASS-NATIVE-DELTA-20260824T092016Z/python/wheelhouse, /tmp/BASS-RF00-20260824T181805Z/rf00-install-retry1-BRbuc7/build-wheelhouse
Processing /tmp/BASS-RF00-20260824T181805Z/dist-rf00/bianchi_rustcore-0.1.0-cp312-cp312-manylinux_2_34_x86_64.whl
Processing /tmp/BASS-RF00-20260824T181805Z/worktree
  Installing build dependencies: started
  Installing build dependencies: finished with status 'done'
  Getting requirements to build wheel: started
  Getting requirements to build wheel: finished with status 'done'
  Preparing metadata (pyproject.toml): started
  Preparing metadata (pyproject.toml): finished with status 'done'
Processing /tmp/BASS-NATIVE-DELTA-20260824T092016Z/artifact-r2/normalized-staging-final/BASS_NATIVE_REPRO_BASS-NATIVE-DELTA-20260824T092016Z/python/wheelhouse/jax-0.10.2-py3-none-any.whl (from bianchi-solver==0.1.0)
Processing /tmp/BASS-NATIVE-DELTA-20260824T092016Z/artifact-r2/normalized-staging-final/BASS_NATIVE_REPRO_BASS-NATIVE-DELTA-20260824T092016Z/python/wheelhouse/diffrax-0.7.2-py3-none-any.whl (from bianchi-solver==0.1.0)
Processing /tmp/BASS-NATIVE-DELTA-20260824T092016Z/artifact-r2/normalized-staging-final/BASS_NATIVE_REPRO_BASS-NATIVE-DELTA-20260824T092016Z/python/wheelhouse/equinox-0.13.8-py3-none-any.whl (from bianchi-solver==0.1.0)
Processing /tmp/BASS-NATIVE-DELTA-20260824T092016Z/artifact-r2/normalized-staging-final/BASS_NATIVE_REPRO_BASS-NATIVE-DELTA-20260824T092016Z/python/wheelhouse/optimistix-0.1.0-py3-none-any.whl (from bianchi-solver==0.1.0)
Processing /tmp/BASS-NATIVE-DELTA-20260824T092016Z/artifact-r2/normalized-staging-final/BASS_NATIVE_REPRO_BASS-NATIVE-DELTA-20260824T092016Z/python/wheelhouse/lineax-0.1.1-py3-none-any.whl (from bianchi-solver==0.1.0)
Processing /tmp/BASS-NATIVE-DELTA-20260824T092016Z/artifact-r2/normalized-staging-final/BASS_NATIVE_REPRO_BASS-NATIVE-DELTA-20260824T092016Z/python/wheelhouse/sympy-1.14.0-py3-none-any.whl (from bianchi-solver==0.1.0)
Processing /tmp/BASS-NATIVE-DELTA-20260824T092016Z/artifact-r2/normalized-staging-final/BASS_NATIVE_REPRO_BASS-NATIVE-DELTA-20260824T092016Z/python/wheelhouse/numpy-2.4.4-cp312-cp312-manylinux_2_27_x86_64.manylinux_2_28_x86_64.whl (from bianchi-solver==0.1.0)
Processing /tmp/BASS-NATIVE-DELTA-20260824T092016Z/artifact-r2/normalized-staging-final/BASS_NATIVE_REPRO_BASS-NATIVE-DELTA-20260824T092016Z/python/wheelhouse/scipy-1.17.1-cp312-cp312-manylinux_2_27_x86_64.manylinux_2_28_x86_64.whl (from bianchi-solver==0.1.0)
Processing /tmp/BASS-NATIVE-DELTA-20260824T092016Z/artifact-r2/normalized-staging-final/BASS_NATIVE_REPRO_BASS-NATIVE-DELTA-20260824T092016Z/python/wheelhouse/jaxtyping-0.3.11-py3-none-any.whl (from diffrax>=0.7.2->bianchi-solver==0.1.0)
Processing /tmp/BASS-NATIVE-DELTA-20260824T092016Z/artifact-r2/normalized-staging-final/BASS_NATIVE_REPRO_BASS-NATIVE-DELTA-20260824T092016Z/python/wheelhouse/typing_extensions-4.16.0-py3-none-any.whl (from diffrax>=0.7.2->bianchi-solver==0.1.0)
Processing /tmp/BASS-NATIVE-DELTA-20260824T092016Z/artifact-r2/normalized-staging-final/BASS_NATIVE_REPRO_BASS-NATIVE-DELTA-20260824T092016Z/python/wheelhouse/wadler_lindig-0.1.7-py3-none-any.whl (from diffrax>=0.7.2->bianchi-solver==0.1.0)
Processing /tmp/BASS-NATIVE-DELTA-20260824T092016Z/artifact-r2/normalized-staging-final/BASS_NATIVE_REPRO_BASS-NATIVE-DELTA-20260824T092016Z/python/wheelhouse/jaxlib-0.10.2-cp312-cp312-manylinux_2_27_x86_64.whl (from jax>=0.10.2->bianchi-solver==0.1.0)
Processing /tmp/BASS-NATIVE-DELTA-20260824T092016Z/artifact-r2/normalized-staging-final/BASS_NATIVE_REPRO_BASS-NATIVE-DELTA-20260824T092016Z/python/wheelhouse/ml_dtypes-0.6.0-cp312-cp312-manylinux_2_27_x86_64.manylinux_2_28_x86_64.whl (from jax>=0.10.2->bianchi-solver==0.1.0)
Processing /tmp/BASS-NATIVE-DELTA-20260824T092016Z/artifact-r2/normalized-staging-final/BASS_NATIVE_REPRO_BASS-NATIVE-DELTA-20260824T092016Z/python/wheelhouse/opt_einsum-3.4.0-py3-none-any.whl (from jax>=0.10.2->bianchi-solver==0.1.0)
Processing /tmp/BASS-NATIVE-DELTA-20260824T092016Z/artifact-r2/normalized-staging-final/BASS_NATIVE_REPRO_BASS-NATIVE-DELTA-20260824T092016Z/python/wheelhouse/mpmath-1.3.0-py3-none-any.whl (from sympy>=1.14->bianchi-solver==0.1.0)
Building wheels for collected packages: bianchi-solver
  Building wheel for bianchi-solver (pyproject.toml): started
  Building wheel for bianchi-solver (pyproject.toml): finished with status 'done'
  Created wheel for bianchi-solver: filename=bianchi_solver-0.1.0-py3-none-any.whl size=652065 sha256=3d0c111614e0e5f329889f1f11c06ecf7f300d89ecc081a6b266f95c51bde3c2
  Stored in directory: /tmp/pip-ephem-wheel-cache-co3m2er4/wheels/dc/c4/92/109891effc5cd5fc4f11857a664680fbaca36f9cd210b68f90
Successfully built bianchi-solver
Installing collected packages: mpmath, wadler-lindig, typing-extensions, sympy, opt_einsum, numpy, bianchi-rustcore, scipy, ml_dtypes, jaxtyping, jaxlib, jax, equinox, lineax, optimistix, diffrax, bianchi-solver
Successfully installed bianchi-rustcore-0.1.0 bianchi-solver-0.1.0 diffrax-0.7.2 equinox-0.13.8 jax-0.10.2 jaxlib-0.10.2 jaxtyping-0.3.11 lineax-0.1.1 ml_dtypes-0.6.0 mpmath-1.3.0 numpy-2.4.4 opt_einsum-3.4.0 optimistix-0.1.0 scipy-1.17.1 sympy-1.14.0 typing-extensions-4.16.0 wadler-lindig-0.1.7
EXIT_CODE=0
END_UTC=2026-08-24T19:43:23Z
