SC_SOURCE_BEFORE InputForm[<|wolfram/BASS/Kernel/Authority/BG02Convention.wl -> e0185abaea54816fabd90170a48fb67dd45b27c8d4392734dc3f09d49dfa7efb, wolfram/BASS/Kernel/Geometry/StructureConstants.wl -> becef3c4f6b60e20c4eea1b361832239422ca8286b90dd10474203389e170f75, wolfram/BASS/Kernel/Geometry/LeviCivitaConnection.wl -> 1f28c921734194c5a3b79e8d31ae045f7bfce336e2641e6e01a9232a0cdbc13d, wolfram/BASS/Kernel/Geometry/ONFConnectionCurvature.wl -> c2428d4466f05d88097db8a51f194458618a8f5837c625bb20f402301545a34e, wolfram/BASS/Kernel/Background/EinsteinProjection.wl -> 65a60d806fa280aa4d0ee7843790896cd754880bb1a43239db2a59c1b0be4c5a, docs/bass_master_ssot_v2/BG_02_IMPLEMENTATION/BG_02_CONVENTION_V2.json -> 60dd32c8185d37850a6f0878ba7c461644f332b96f6fcf92ec12823cfd487868, StateConstraints.wl -> 3adc3925e9542e9fb9fe6eb4787767e82bf035237af684383dc890ea6a39d825, state_constraints_tests.wl -> 33c0f2e289200794a3355b73e88080562dfa02d0f9f552bd5ba6bf12c7e0ae3d, run_state_constraints.wls -> 9d260a125e5051abda7f82c8250f5c70a0d9b1fd3cced461b4e98ee4583a45c7, plot_state_constraints.py -> 1dc1aee4379f71476ab92e3b122c00b8e6d8beeb7a70c4cd6d3883ef0ba8c948|>]
SC_TESTS_BEGIN InputForm[{SC01_FLAT_BASELINE, SC02_BIANCHI_V_MOMENTUM, SC03_BIANCHI_II_CURVATURE, SC04_H_ZERO_REGULAR, SC05_EXCEPTIONAL_CONSTRAINT_STATE, SC06_OFFDIAGONAL_DELETION, SC07_FULL_TRANSVERSE_FLUX, SC08_PROPER_FRAME_COVARIANCE, SC09_INPUT_UNCHANGED, SC10_MISSING_INPUT, SC11_REJECT_DERIVED_OVERRIDE, SC12_REJECT_NONSYMMETRIC_N, SC13_REJECT_TRACEFUL_SHEAR, SC14_REJECT_JACOBI_VIOLATION, SC15_REJECT_INEXACT, SC16_REJECT_NONREAL, SC17_REJECT_SHAPE, SC18_OWNER_GENERAL_SLOTS, SC19_DIAGNOSTIC_ROWS_CONSISTENCY}]
SC_TEST_EVENT InputForm[<|EventName -> TestEvaluated, EventID -> 9414f82e-e8d0-4552-9b9c-615a639f6ebb, TestObject -> TestObject[<|MetaInformation -> None, AbsoluteTime -> 3.997751077155531`15.655420733789791*^9, SameTest -> SameQ, SameMessages -> Testing`MessageMatchQ, MemoryConstraint -> Infinity, TimeConstraint -> Infinity, CreationID -> 9657f823-5bf1-47ca-8566-0c6f84512479, TestID -> SC01_FLAT_BASELINE, TestFileName -> , EvaluationID -> 9414f82e-e8d0-4552-9b9c-615a639f6ebb, Input -> HoldForm[{flat$11278[Hamiltonian], flat$11278[Momentum], flat$11278[Carriers][R3]}], ExpectedOutput -> HoldForm[{3, {0, 0, 0}, 0}], ExpectedMessages -> HoldForm[{}], ActualOutput -> HoldForm[{3, {0, 0, 0}, 0}], ActualMessages -> {}, AbsoluteTimeUsed -> 0.000096`2.132786230871562, CPUTimeUsed -> 0.0014619999999894162, MemoryUsed -> 3520, IntermediateTestsTree -> {}, Outcome -> Success, FailureType -> None|>], Outcome -> Success, FailureType -> None|>]
SC_TEST_EVENT InputForm[<|EventName -> TestEvaluated, EventID -> 4273888f-c598-4d62-80a0-5bfbd91f254f, TestObject -> TestObject[<|MetaInformation -> None, AbsoluteTime -> 3.997751077184259`15.655420733792914*^9, SameTest -> SameQ, SameMessages -> Testing`MessageMatchQ, MemoryConstraint -> Infinity, TimeConstraint -> Infinity, CreationID -> 431d97a3-8304-4438-a413-3549132bbde7, TestID -> SC02_BIANCHI_V_MOMENTUM, TestFileName -> , EvaluationID -> 4273888f-c598-4d62-80a0-5bfbd91f254f, Input -> HoldForm[{vr$11278[Hamiltonian], vr$11278[Momentum], vr$11278[Carriers][DivergenceK]}], ExpectedOutput -> HoldForm[{-1/3, {2, 0, 0}, {-2, 0, 0}}], ExpectedMessages -> HoldForm[{}], ActualOutput -> HoldForm[{-1/3, {2, 0, 0}, {-2, 0, 0}}], ActualMessages -> {}, AbsoluteTimeUsed -> 0.000065`1.9634283544748494, CPUTimeUsed -> 0.0012099999999861666, MemoryUsed -> 3936, IntermediateTestsTree -> {}, Outcome -> Success, FailureType -> None|>], Outcome -> Success, FailureType -> None|>]
SC_TEST_EVENT InputForm[<|EventName -> TestEvaluated, EventID -> 1033cf9b-a073-4426-9502-1a81506a3126, TestObject -> TestObject[<|MetaInformation -> None, AbsoluteTime -> 3.997751077184429`15.65542073379293*^9, SameTest -> SameQ, SameMessages -> Testing`MessageMatchQ, MemoryConstraint -> Infinity, TimeConstraint -> Infinity, CreationID -> 83a9680d-9326-4e59-9674-a0e5730b7933, TestID -> SC03_BIANCHI_II_CURVATURE, TestFileName -> , EvaluationID -> 1033cf9b-a073-4426-9502-1a81506a3126, Input -> HoldForm[{iir$11278[Hamiltonian], iir$11278[Carriers][R3]}], ExpectedOutput -> HoldForm[{11/4, -1/2}], ExpectedMessages -> HoldForm[{}], ActualOutput -> HoldForm[{11/4, -1/2}], ActualMessages -> {}, AbsoluteTimeUsed -> 0.000058`1.9139429913949313, CPUTimeUsed -> 0.0011130000000036944, MemoryUsed -> 3448, IntermediateTestsTree -> {}, Outcome -> Success, FailureType -> None|>], Outcome -> Success, FailureType -> None|>]
SC_TEST_EVENT InputForm[<|EventName -> TestEvaluated, EventID -> 818b88ee-1171-42aa-a341-61b115dd6895, TestObject -> TestObject[<|MetaInformation -> None, AbsoluteTime -> 3.997751077184556`15.655420733792944*^9, SameTest -> SameQ, SameMessages -> Testing`MessageMatchQ, MemoryConstraint -> Infinity, TimeConstraint -> Infinity, CreationID -> d4a33eb0-c073-49cb-bdec-d5d28abbe031, TestID -> SC04_H_ZERO_REGULAR, TestFileName -> , EvaluationID -> 818b88ee-1171-42aa-a341-61b115dd6895, Input -> HoldForm[{ixr$11278[Hamiltonian], ixr$11278[Momentum], ixr$11278[Carriers][R3]}], ExpectedOutput -> HoldForm[{3/4, {0, 0, 0}, 3/2}], ExpectedMessages -> HoldForm[{}], ActualOutput -> HoldForm[{3/4, {0, 0, 0}, 3/2}], ActualMessages -> {}, AbsoluteTimeUsed -> 0.000052`1.8665183414667932, CPUTimeUsed -> 0.0009579999999971278, MemoryUsed -> 3456, IntermediateTestsTree -> {}, Outcome -> Success, FailureType -> None|>], Outcome -> Success, FailureType -> None|>]
SC_TEST_EVENT InputForm[<|EventName -> TestEvaluated, EventID -> c3ffb796-e488-49eb-a5cb-85e65b50b890, TestObject -> TestObject[<|MetaInformation -> None, AbsoluteTime -> 3.997751077184676`15.655420733792957*^9, SameTest -> SameQ, SameMessages -> Testing`MessageMatchQ, MemoryConstraint -> Infinity, TimeConstraint -> Infinity, CreationID -> 92e521e3-7b62-44d1-80d1-ea74b161e6e6, TestID -> SC05_EXCEPTIONAL_CONSTRAINT_STATE, TestFileName -> , EvaluationID -> c3ffb796-e488-49eb-a5cb-85e65b50b890, Input -> HoldForm[FullSimplify[{ex$11278[Hamiltonian], ex$11278[Momentum]}, Assumptions -> assumptions$11278]], ExpectedOutput -> HoldForm[{0, {0, 0, 0}}], ExpectedMessages -> HoldForm[{}], ActualOutput -> HoldForm[{0, {0, 0, 0}}], ActualMessages -> {}, AbsoluteTimeUsed -> 0.000539`2.8821037630187325, CPUTimeUsed -> 0.010868999999999573, MemoryUsed -> 3512, IntermediateTestsTree -> {}, Outcome -> Success, FailureType -> None|>], Outcome -> Success, FailureType -> None|>]
SC_TEST_EVENT InputForm[<|EventName -> TestEvaluated, EventID -> 8a64dfbd-dad3-4cd2-98cb-008f53d5495f, TestObject -> TestObject[<|MetaInformation -> None, AbsoluteTime -> 3.99775107718479`15.655420733792969*^9, SameTest -> SameQ, SameMessages -> Testing`MessageMatchQ, MemoryConstraint -> Infinity, TimeConstraint -> Infinity, CreationID -> 5eb7b35f-d0da-45bb-930f-6a70ee9b7e93, TestID -> SC06_OFFDIAGONAL_DELETION, TestFileName -> , EvaluationID -> 8a64dfbd-dad3-4cd2-98cb-008f53d5495f, Input -> HoldForm[FullSimplify[{dropped$11278[Hamiltonian] - ex$11278[Hamiltonian] - u$11278^2/ell$11278^2, ex$11278[Carriers][sigma2] - 2*u$11278^2/ell$11278^2, dropped$11278[Momentum] - ex$11278[Momentum]}, Assumptions -> assumptions$11278]], ExpectedOutput -> HoldForm[{0, 0, {0, 0, 0}}], ExpectedMessages -> HoldForm[{}], ActualOutput -> HoldForm[{0, 0, {0, 0, 0}}], ActualMessages -> {}, AbsoluteTimeUsed -> 0.000477`2.8290333768721077, CPUTimeUsed -> 0.009433000000015568, MemoryUsed -> 3520, IntermediateTestsTree -> {}, Outcome -> Success, FailureType -> None|>], Outcome -> Success, FailureType -> None|>]
SC_TEST_EVENT InputForm[<|EventName -> TestEvaluated, EventID -> 92f885a3-aea6-4891-b320-49f8268ad244, TestObject -> TestObject[<|MetaInformation -> None, AbsoluteTime -> 3.997751077184904`15.655420733792981*^9, SameTest -> SameQ, SameMessages -> Testing`MessageMatchQ, MemoryConstraint -> Infinity, TimeConstraint -> Infinity, CreationID -> b2cbd0ea-9a83-42b5-a688-8d3712df04b1, TestID -> SC07_FULL_TRANSVERSE_FLUX, TestFileName -> , EvaluationID -> 92f885a3-aea6-4891-b320-49f8268ad244, Input -> HoldForm[{gr$11278[Carriers][DivergenceK], gr$11278[Momentum]}], ExpectedOutput -> HoldForm[{{-36, -10, -10}, {178/5, 74/7, 104/11}}], ExpectedMessages -> HoldForm[{}], ActualOutput -> HoldForm[{{-36, -10, -10}, {178/5, 74/7, 104/11}}], ActualMessages -> {}, AbsoluteTimeUsed -> 0.000049`1.8407110778605074, CPUTimeUsed -> 0.0009649999999936654, MemoryUsed -> 3448, IntermediateTestsTree -> {}, Outcome -> Success, FailureType -> None|>], Outcome -> Success, FailureType -> None|>]
SC_TEST_EVENT InputForm[<|EventName -> TestEvaluated, EventID -> bc36bd60-069b-42f4-bf15-af64e3293d1c, TestObject -> TestObject[<|MetaInformation -> None, AbsoluteTime -> 3.997751077185018`15.655420733792994*^9, SameTest -> SameQ, SameMessages -> Testing`MessageMatchQ, MemoryConstraint -> Infinity, TimeConstraint -> Infinity, CreationID -> 60bd7e17-b682-461d-b91b-f43449e652c4, TestID -> SC08_PROPER_FRAME_COVARIANCE, TestFileName -> , EvaluationID -> bc36bd60-069b-42f4-bf15-af64e3293d1c, Input -> HoldForm[FullSimplify[{rr$11278[Hamiltonian] - gr$11278[Hamiltonian], rr$11278[Momentum] - rot$11278 . gr$11278[Momentum], rr$11278[Carriers][Ricci] - rot$11278 . gr$11278[Carriers][Ricci] . Transpose[rot$11278]}]], ExpectedOutput -> HoldForm[{0, {0, 0, 0}, {{0, 0, 0}, {0, 0, 0}, {0, 0, 0}}}], ExpectedMessages -> HoldForm[{}], ActualOutput -> HoldForm[{0, {0, 0, 0}, {{0, 0, 0}, {0, 0, 0}, {0, 0, 0}}}], ActualMessages -> {}, AbsoluteTimeUsed -> 0.005073`3.8557798601493984, CPUTimeUsed -> 0.08687099999998793, MemoryUsed -> 4040, IntermediateTestsTree -> {}, Outcome -> Success, FailureType -> None|>], Outcome -> Success, FailureType -> None|>]
SC_TEST_EVENT InputForm[<|EventName -> TestEvaluated, EventID -> b19c31cd-ae09-4c8c-877a-d34c0b43faaf, TestObject -> TestObject[<|MetaInformation -> None, AbsoluteTime -> 3.997751077185128`15.655420733793008*^9, SameTest -> SameQ, SameMessages -> Testing`MessageMatchQ, MemoryConstraint -> Infinity, TimeConstraint -> Infinity, CreationID -> 0aa64fcc-5ec1-4dcf-8387-5ff5a9344bf3, TestID -> SC09_INPUT_UNCHANGED, TestFileName -> , EvaluationID -> b19c31cd-ae09-4c8c-877a-d34c0b43faaf, Input -> HoldForm[exstate$11278 === exbefore$11278 && ex$11278[InputState] === exbefore$11278], ExpectedOutput -> HoldForm[True], ExpectedMessages -> HoldForm[{}], ActualOutput -> HoldForm[True], ActualMessages -> {}, AbsoluteTimeUsed -> 0.000062`1.9429066873302476, CPUTimeUsed -> 0.001148000000000593, MemoryUsed -> 3400, IntermediateTestsTree -> {}, Outcome -> Success, FailureType -> None|>], Outcome -> Success, FailureType -> None|>]
SC_TEST_EVENT InputForm[<|EventName -> TestEvaluated, EventID -> bec9792b-06f7-4e62-8547-02546376a439, TestObject -> TestObject[<|MetaInformation -> None, AbsoluteTime -> 3.997751077185236`15.655420733793015*^9, SameTest -> SameQ, SameMessages -> Testing`MessageMatchQ, MemoryConstraint -> Infinity, TimeConstraint -> Infinity, CreationID -> 8cc7ccda-a0bc-424e-a33f-c8257582fbbe, TestID -> SC10_MISSING_INPUT, TestFileName -> , EvaluationID -> bec9792b-06f7-4e62-8547-02546376a439, Input -> HoldForm[MatchQ[eval$11278[KeyDrop[base$11278, {q}]], Failure[StateKeys, _Association]]], ExpectedOutput -> HoldForm[True], ExpectedMessages -> HoldForm[{}], ActualOutput -> HoldForm[True], ActualMessages -> {}, AbsoluteTimeUsed -> 0.000226`2.504623436979395, CPUTimeUsed -> 0.004199999999997317, MemoryUsed -> 3640, IntermediateTestsTree -> {}, Outcome -> Success, FailureType -> None|>], Outcome -> Success, FailureType -> None|>]
SC_TEST_EVENT InputForm[<|EventName -> TestEvaluated, EventID -> 6d49e26e-0f1e-412a-bfb9-d730b7f81800, TestObject -> TestObject[<|MetaInformation -> None, AbsoluteTime -> 3.997751077185343`15.65542073379303*^9, SameTest -> SameQ, SameMessages -> Testing`MessageMatchQ, MemoryConstraint -> Infinity, TimeConstraint -> Infinity, CreationID -> 6db3fb71-72eb-474c-8bf3-92575465a046, TestID -> SC11_REJECT_DERIVED_OVERRIDE, TestFileName -> , EvaluationID -> 6d49e26e-0f1e-412a-bfb9-d730b7f81800, Input -> HoldForm[MatchQ[eval$11278[Join[base$11278, Association[sigma2 -> 99]]], Failure[StateKeys, _Association]]], ExpectedOutput -> HoldForm[True], ExpectedMessages -> HoldForm[{}], ActualOutput -> HoldForm[True], ActualMessages -> {}, AbsoluteTimeUsed -> 0.000297`2.6232714471492065, CPUTimeUsed -> 0.0030500000000017735, MemoryUsed -> 3640, IntermediateTestsTree -> {}, Outcome -> Success, FailureType -> None|>], Outcome -> Success, FailureType -> None|>]
SC_TEST_EVENT InputForm[<|EventName -> TestEvaluated, EventID -> ce61a346-f6e9-49ea-a0e7-ef01b7eb69a0, TestObject -> TestObject[<|MetaInformation -> None, AbsoluteTime -> 3.997751077185458`15.655420733793042*^9, SameTest -> SameQ, SameMessages -> Testing`MessageMatchQ, MemoryConstraint -> Infinity, TimeConstraint -> Infinity, CreationID -> ee9f8cff-0dae-4469-883d-8e7a019544e2, TestID -> SC12_REJECT_NONSYMMETRIC_N, TestFileName -> , EvaluationID -> ce61a346-f6e9-49ea-a0e7-ef01b7eb69a0, Input -> HoldForm[MatchQ[eval$11278[Join[base$11278, Association[nB -> badN$11278]]], Failure[NNotSymmetric, _Association]]], ExpectedOutput -> HoldForm[True], ExpectedMessages -> HoldForm[{}], ActualOutput -> HoldForm[True], ActualMessages -> {}, AbsoluteTimeUsed -> 0.00035`2.69458304218227, CPUTimeUsed -> 0.00034999999999740794, MemoryUsed -> 3840, IntermediateTestsTree -> {}, Outcome -> Success, FailureType -> None|>], Outcome -> Success, FailureType -> None|>]
SC_TEST_EVENT InputForm[<|EventName -> TestEvaluated, EventID -> a2dd9f4a-0be9-4074-9909-060524f107ae, TestObject -> TestObject[<|MetaInformation -> None, AbsoluteTime -> 3.997751077185563`15.655420733793054*^9, SameTest -> SameQ, SameMessages -> Testing`MessageMatchQ, MemoryConstraint -> Infinity, TimeConstraint -> Infinity, CreationID -> 3d64a2cc-6438-49ce-87a6-d8cc36abcb30, TestID -> SC13_REJECT_TRACEFUL_SHEAR, TestFileName -> , EvaluationID -> a2dd9f4a-0be9-4074-9909-060524f107ae, Input -> HoldForm[MatchQ[eval$11278[Join[base$11278, Association[sigma -> IdentityMatrix[3]]]], Failure[ShearNotSTF, _Association]]], ExpectedOutput -> HoldForm[True], ExpectedMessages -> HoldForm[{}], ActualOutput -> HoldForm[True], ActualMessages -> {}, AbsoluteTimeUsed -> 0.001083`3.185143454457314, CPUTimeUsed -> 0.0006720000000086657, MemoryUsed -> 3768, IntermediateTestsTree -> {}, Outcome -> Success, FailureType -> None|>], Outcome -> Success, FailureType -> None|>]
SC_TEST_EVENT InputForm[<|EventName -> TestEvaluated, EventID -> 249a528a-e5a1-4c97-83d7-16d9ca010091, TestObject -> TestObject[<|MetaInformation -> None, AbsoluteTime -> 3.997751077185669`15.655420733793063*^9, SameTest -> SameQ, SameMessages -> Testing`MessageMatchQ, MemoryConstraint -> Infinity, TimeConstraint -> Infinity, CreationID -> a0c56b66-a743-480a-a587-8b4402b3a7f3, TestID -> SC14_REJECT_JACOBI_VIOLATION, TestFileName -> , EvaluationID -> 249a528a-e5a1-4c97-83d7-16d9ca010091, Input -> HoldForm[MatchQ[eval$11278[Join[base$11278, Association[aB -> {1, 0, 0}, nB -> IdentityMatrix[3]]]], Failure[JacobiNotEstablished, _Association]]], ExpectedOutput -> HoldForm[True], ExpectedMessages -> HoldForm[{}], ActualOutput -> HoldForm[True], ActualMessages -> {}, AbsoluteTimeUsed -> 0.000368`2.7163628165055114, CPUTimeUsed -> 0.0003600000000005821, MemoryUsed -> 3640, IntermediateTestsTree -> {}, Outcome -> Success, FailureType -> None|>], Outcome -> Success, FailureType -> None|>]
SC_TEST_EVENT InputForm[<|EventName -> TestEvaluated, EventID -> c748ec4e-dbb7-46db-9142-cf087de51056, TestObject -> TestObject[<|MetaInformation -> None, AbsoluteTime -> 3.997751077185775`15.655420733793076*^9, SameTest -> SameQ, SameMessages -> Testing`MessageMatchQ, MemoryConstraint -> Infinity, TimeConstraint -> Infinity, CreationID -> ba4fb2de-c212-48e6-8822-43e8719d9708, TestID -> SC15_REJECT_INEXACT, TestFileName -> , EvaluationID -> c748ec4e-dbb7-46db-9142-cf087de51056, Input -> HoldForm[MatchQ[eval$11278[Join[base$11278, Association[Hgeom -> 1.]]], Failure[ExactInputRequired, _Association]]], ExpectedOutput -> HoldForm[True], ExpectedMessages -> HoldForm[{}], ActualOutput -> HoldForm[True], ActualMessages -> {}, AbsoluteTimeUsed -> 0.000254`2.555348714451932, CPUTimeUsed -> 0.000263000000003899, MemoryUsed -> 3704, IntermediateTestsTree -> {}, Outcome -> Success, FailureType -> None|>], Outcome -> Success, FailureType -> None|>]
SC_TEST_EVENT InputForm[<|EventName -> TestEvaluated, EventID -> f679285c-f605-48ce-b71b-fce7a2668f85, TestObject -> TestObject[<|MetaInformation -> None, AbsoluteTime -> 3.997751077185887`15.655420733793088*^9, SameTest -> SameQ, SameMessages -> Testing`MessageMatchQ, MemoryConstraint -> Infinity, TimeConstraint -> Infinity, CreationID -> fc697ee9-f891-42c0-906f-4bf9b924db80, TestID -> SC16_REJECT_NONREAL, TestFileName -> , EvaluationID -> f679285c-f605-48ce-b71b-fce7a2668f85, Input -> HoldForm[MatchQ[eval$11278[Join[base$11278, Association[Hgeom -> I]]], Failure[RealInputNotEstablished, _Association]]], ExpectedOutput -> HoldForm[True], ExpectedMessages -> HoldForm[{}], ActualOutput -> HoldForm[True], ActualMessages -> {}, AbsoluteTimeUsed -> 0.000268`2.5786497918607827, CPUTimeUsed -> 0.00026099999999473766, MemoryUsed -> 3704, IntermediateTestsTree -> {}, Outcome -> Success, FailureType -> None|>], Outcome -> Success, FailureType -> None|>]
SC_TEST_EVENT InputForm[<|EventName -> TestEvaluated, EventID -> 290ed958-6c75-40fa-bb98-e35958f93d15, TestObject -> TestObject[<|MetaInformation -> None, AbsoluteTime -> 3.99775107718603`15.655420733793106*^9, SameTest -> SameQ, SameMessages -> Testing`MessageMatchQ, MemoryConstraint -> Infinity, TimeConstraint -> Infinity, CreationID -> 335a3ed9-4e34-4410-9907-eb7e1146e9e6, TestID -> SC17_REJECT_SHAPE, TestFileName -> , EvaluationID -> 290ed958-6c75-40fa-bb98-e35958f93d15, Input -> HoldForm[MatchQ[eval$11278[Join[base$11278, Association[q -> {0, 0}]]], Failure[StateShape, _Association]]], ExpectedOutput -> HoldForm[True], ExpectedMessages -> HoldForm[{}], ActualOutput -> HoldForm[True], ActualMessages -> {}, AbsoluteTimeUsed -> 0.000129`2.261104708131243, CPUTimeUsed -> 0.00012900000000115597, MemoryUsed -> 3640, IntermediateTestsTree -> {}, Outcome -> Success, FailureType -> None|>], Outcome -> Success, FailureType -> None|>]
SC_TEST_EVENT InputForm[<|EventName -> TestEvaluated, EventID -> d10f98e2-b5c4-4806-ada9-64c97e3d9ae0, TestObject -> TestObject[<|MetaInformation -> None, AbsoluteTime -> 3.997751077186149`15.655420733793118*^9, SameTest -> SameQ, SameMessages -> Testing`MessageMatchQ, MemoryConstraint -> Infinity, TimeConstraint -> Infinity, CreationID -> 10b845a6-a334-4190-a675-8c69c40ebc3b, TestID -> SC18_OWNER_GENERAL_SLOTS, TestFileName -> , EvaluationID -> d10f98e2-b5c4-4806-ada9-64c97e3d9ae0, Input -> HoldForm[Expand[BG02MomentumComponent[dx$11278, gx$11278, kx$11278, qx$11278] + dx$11278 - gx$11278 + kx$11278*qx$11278]], ExpectedOutput -> HoldForm[0], ExpectedMessages -> HoldForm[{}], ActualOutput -> HoldForm[0], ActualMessages -> {}, AbsoluteTimeUsed -> 0.003735`3.7228056039834114, CPUTimeUsed -> 0.035471999999998616, MemoryUsed -> 3512, IntermediateTestsTree -> {}, Outcome -> Success, FailureType -> None|>], Outcome -> Success, FailureType -> None|>]
SC_TEST_EVENT InputForm[<|EventName -> TestEvaluated, EventID -> dd2d7097-eeec-4c8e-9340-bb3a96cf26d9, TestObject -> TestObject[<|MetaInformation -> None, AbsoluteTime -> 3.997751077186264`15.65542073379313*^9, SameTest -> SameQ, SameMessages -> Testing`MessageMatchQ, MemoryConstraint -> Infinity, TimeConstraint -> Infinity, CreationID -> 4d045d17-1903-4b81-bf0d-a8c649e2a7db, TestID -> SC19_DIAGNOSTIC_ROWS_CONSISTENCY, TestFileName -> , EvaluationID -> dd2d7097-eeec-4c8e-9340-bb3a96cf26d9, Input -> HoldForm[FullSimplify[({#1[Hfull] - (1 - #1[u]^2), #1[Hdeleted] - 1} & ) /@ diagRows$11278]], ExpectedOutput -> HoldForm[{{0, 0}, {0, 0}, {0, 0}, {0, 0}, {0, 0}}], ExpectedMessages -> HoldForm[{}], ActualOutput -> HoldForm[{{0, 0}, {0, 0}, {0, 0}, {0, 0}, {0, 0}}], ActualMessages -> {}, AbsoluteTimeUsed -> 0.000081`2.0590000167106437, CPUTimeUsed -> 0.0014369999999956917, MemoryUsed -> 3752, IntermediateTestsTree -> {}, Outcome -> Success, FailureType -> None|>], Outcome -> Success, FailureType -> None|>]
SC_FINAL_BEGIN
{
	"stage":"BG02_STATE_TO_CONSTRAINT_MAP_V1",
	"status":"PASS_RESEARCH_COMPONENT_ONLY",
	"exit_code":0,
	"wolfram_version":"15.0.0 for Linux x86 (64-bit) (May 26, 2026)",
	"native_xact":false,
	"production_admitted":false,
	"required_ids":[
		"SC01_FLAT_BASELINE",
		"SC02_BIANCHI_V_MOMENTUM",
		"SC03_BIANCHI_II_CURVATURE",
		"SC04_H_ZERO_REGULAR",
		"SC05_EXCEPTIONAL_CONSTRAINT_STATE",
		"SC06_OFFDIAGONAL_DELETION",
		"SC07_FULL_TRANSVERSE_FLUX",
		"SC08_PROPER_FRAME_COVARIANCE",
		"SC09_INPUT_UNCHANGED",
		"SC10_MISSING_INPUT",
		"SC11_REJECT_DERIVED_OVERRIDE",
		"SC12_REJECT_NONSYMMETRIC_N",
		"SC13_REJECT_TRACEFUL_SHEAR",
		"SC14_REJECT_JACOBI_VIOLATION",
		"SC15_REJECT_INEXACT",
		"SC16_REJECT_NONREAL",
		"SC17_REJECT_SHAPE",
		"SC18_OWNER_GENERAL_SLOTS",
		"SC19_DIAGNOSTIC_ROWS_CONSISTENCY"
	],
	"observed_ids":[
		"SC01_FLAT_BASELINE",
		"SC02_BIANCHI_V_MOMENTUM",
		"SC03_BIANCHI_II_CURVATURE",
		"SC04_H_ZERO_REGULAR",
		"SC05_EXCEPTIONAL_CONSTRAINT_STATE",
		"SC06_OFFDIAGONAL_DELETION",
		"SC07_FULL_TRANSVERSE_FLUX",
		"SC08_PROPER_FRAME_COVARIANCE",
		"SC09_INPUT_UNCHANGED",
		"SC10_MISSING_INPUT",
		"SC11_REJECT_DERIVED_OVERRIDE",
		"SC12_REJECT_NONSYMMETRIC_N",
		"SC13_REJECT_TRACEFUL_SHEAR",
		"SC14_REJECT_JACOBI_VIOLATION",
		"SC15_REJECT_INEXACT",
		"SC16_REJECT_NONREAL",
		"SC17_REJECT_SHAPE",
		"SC18_OWNER_GENERAL_SLOTS",
		"SC19_DIAGNOSTIC_ROWS_CONSISTENCY"
	],
	"exact_ids":true,
	"rows":[
		{
			"id":"SC01_FLAT_BASELINE",
			"outcome":"Success",
			"actual":"HoldForm[{3, {0, 0, 0}, 0}]",
			"expected":"HoldForm[{3, {0, 0, 0}, 0}]",
			"actual_messages":"{}",
			"expected_messages":"HoldForm[{}]"
		},
		{
			"id":"SC02_BIANCHI_V_MOMENTUM",
			"outcome":"Success",
			"actual":"HoldForm[{-1\/3, {2, 0, 0}, {-2, 0, 0}}]",
			"expected":"HoldForm[{-1\/3, {2, 0, 0}, {-2, 0, 0}}]",
			"actual_messages":"{}",
			"expected_messages":"HoldForm[{}]"
		},
		{
			"id":"SC03_BIANCHI_II_CURVATURE",
			"outcome":"Success",
			"actual":"HoldForm[{11\/4, -1\/2}]",
			"expected":"HoldForm[{11\/4, -1\/2}]",
			"actual_messages":"{}",
			"expected_messages":"HoldForm[{}]"
		},
		{
			"id":"SC04_H_ZERO_REGULAR",
			"outcome":"Success",
			"actual":"HoldForm[{3\/4, {0, 0, 0}, 3\/2}]",
			"expected":"HoldForm[{3\/4, {0, 0, 0}, 3\/2}]",
			"actual_messages":"{}",
			"expected_messages":"HoldForm[{}]"
		},
		{
			"id":"SC05_EXCEPTIONAL_CONSTRAINT_STATE",
			"outcome":"Success",
			"actual":"HoldForm[{0, {0, 0, 0}}]",
			"expected":"HoldForm[{0, {0, 0, 0}}]",
			"actual_messages":"{}",
			"expected_messages":"HoldForm[{}]"
		},
		{
			"id":"SC06_OFFDIAGONAL_DELETION",
			"outcome":"Success",
			"actual":"HoldForm[{0, 0, {0, 0, 0}}]",
			"expected":"HoldForm[{0, 0, {0, 0, 0}}]",
			"actual_messages":"{}",
			"expected_messages":"HoldForm[{}]"
		},
		{
			"id":"SC07_FULL_TRANSVERSE_FLUX",
			"outcome":"Success",
			"actual":"HoldForm[{{-36, -10, -10}, {178\/5, 74\/7, 104\/11}}]",
			"expected":"HoldForm[{{-36, -10, -10}, {178\/5, 74\/7, 104\/11}}]",
			"actual_messages":"{}",
			"expected_messages":"HoldForm[{}]"
		},
		{
			"id":"SC08_PROPER_FRAME_COVARIANCE",
			"outcome":"Success",
			"actual":"HoldForm[{0, {0, 0, 0}, {{0, 0, 0}, {0, 0, 0}, {0, 0, 0}}}]",
			"expected":"HoldForm[{0, {0, 0, 0}, {{0, 0, 0}, {0, 0, 0}, {0, 0, 0}}}]",
			"actual_messages":"{}",
			"expected_messages":"HoldForm[{}]"
		},
		{
			"id":"SC09_INPUT_UNCHANGED",
			"outcome":"Success",
			"actual":"HoldForm[True]",
			"expected":"HoldForm[True]",
			"actual_messages":"{}",
			"expected_messages":"HoldForm[{}]"
		},
		{
			"id":"SC10_MISSING_INPUT",
			"outcome":"Success",
			"actual":"HoldForm[True]",
			"expected":"HoldForm[True]",
			"actual_messages":"{}",
			"expected_messages":"HoldForm[{}]"
		},
		{
			"id":"SC11_REJECT_DERIVED_OVERRIDE",
			"outcome":"Success",
			"actual":"HoldForm[True]",
			"expected":"HoldForm[True]",
			"actual_messages":"{}",
			"expected_messages":"HoldForm[{}]"
		},
		{
			"id":"SC12_REJECT_NONSYMMETRIC_N",
			"outcome":"Success",
			"actual":"HoldForm[True]",
			"expected":"HoldForm[True]",
			"actual_messages":"{}",
			"expected_messages":"HoldForm[{}]"
		},
		{
			"id":"SC13_REJECT_TRACEFUL_SHEAR",
			"outcome":"Success",
			"actual":"HoldForm[True]",
			"expected":"HoldForm[True]",
			"actual_messages":"{}",
			"expected_messages":"HoldForm[{}]"
		},
		{
			"id":"SC14_REJECT_JACOBI_VIOLATION",
			"outcome":"Success",
			"actual":"HoldForm[True]",
			"expected":"HoldForm[True]",
			"actual_messages":"{}",
			"expected_messages":"HoldForm[{}]"
		},
		{
			"id":"SC15_REJECT_INEXACT",
			"outcome":"Success",
			"actual":"HoldForm[True]",
			"expected":"HoldForm[True]",
			"actual_messages":"{}",
			"expected_messages":"HoldForm[{}]"
		},
		{
			"id":"SC16_REJECT_NONREAL",
			"outcome":"Success",
			"actual":"HoldForm[True]",
			"expected":"HoldForm[True]",
			"actual_messages":"{}",
			"expected_messages":"HoldForm[{}]"
		},
		{
			"id":"SC17_REJECT_SHAPE",
			"outcome":"Success",
			"actual":"HoldForm[True]",
			"expected":"HoldForm[True]",
			"actual_messages":"{}",
			"expected_messages":"HoldForm[{}]"
		},
		{
			"id":"SC18_OWNER_GENERAL_SLOTS",
			"outcome":"Success",
			"actual":"HoldForm[0]",
			"expected":"HoldForm[0]",
			"actual_messages":"{}",
			"expected_messages":"HoldForm[{}]"
		},
		{
			"id":"SC19_DIAGNOSTIC_ROWS_CONSISTENCY",
			"outcome":"Success",
			"actual":"HoldForm[{{0, 0}, {0, 0}, {0, 0}, {0, 0}, {0, 0}}]",
			"expected":"HoldForm[{{0, 0}, {0, 0}, {0, 0}, {0, 0}, {0, 0}}]",
			"actual_messages":"{}",
			"expected_messages":"HoldForm[{}]"
		}
	],
	"runtime_failures":"{}",
	"source_before":{
		"wolfram\/BASS\/Kernel\/Authority\/BG02Convention.wl":"e0185abaea54816fabd90170a48fb67dd45b27c8d4392734dc3f09d49dfa7efb",
		"wolfram\/BASS\/Kernel\/Geometry\/StructureConstants.wl":"becef3c4f6b60e20c4eea1b361832239422ca8286b90dd10474203389e170f75",
		"wolfram\/BASS\/Kernel\/Geometry\/LeviCivitaConnection.wl":"1f28c921734194c5a3b79e8d31ae045f7bfce336e2641e6e01a9232a0cdbc13d",
		"wolfram\/BASS\/Kernel\/Geometry\/ONFConnectionCurvature.wl":"c2428d4466f05d88097db8a51f194458618a8f5837c625bb20f402301545a34e",
		"wolfram\/BASS\/Kernel\/Background\/EinsteinProjection.wl":"65a60d806fa280aa4d0ee7843790896cd754880bb1a43239db2a59c1b0be4c5a",
		"docs\/bass_master_ssot_v2\/BG_02_IMPLEMENTATION\/BG_02_CONVENTION_V2.json":"60dd32c8185d37850a6f0878ba7c461644f332b96f6fcf92ec12823cfd487868",
		"StateConstraints.wl":"3adc3925e9542e9fb9fe6eb4787767e82bf035237af684383dc890ea6a39d825",
		"state_constraints_tests.wl":"33c0f2e289200794a3355b73e88080562dfa02d0f9f552bd5ba6bf12c7e0ae3d",
		"run_state_constraints.wls":"9d260a125e5051abda7f82c8250f5c70a0d9b1fd3cced461b4e98ee4583a45c7",
		"plot_state_constraints.py":"1dc1aee4379f71476ab92e3b122c00b8e6d8beeb7a70c4cd6d3883ef0ba8c948"
	},
	"source_after":{
		"wolfram\/BASS\/Kernel\/Authority\/BG02Convention.wl":"e0185abaea54816fabd90170a48fb67dd45b27c8d4392734dc3f09d49dfa7efb",
		"wolfram\/BASS\/Kernel\/Geometry\/StructureConstants.wl":"becef3c4f6b60e20c4eea1b361832239422ca8286b90dd10474203389e170f75",
		"wolfram\/BASS\/Kernel\/Geometry\/LeviCivitaConnection.wl":"1f28c921734194c5a3b79e8d31ae045f7bfce336e2641e6e01a9232a0cdbc13d",
		"wolfram\/BASS\/Kernel\/Geometry\/ONFConnectionCurvature.wl":"c2428d4466f05d88097db8a51f194458618a8f5837c625bb20f402301545a34e",
		"wolfram\/BASS\/Kernel\/Background\/EinsteinProjection.wl":"65a60d806fa280aa4d0ee7843790896cd754880bb1a43239db2a59c1b0be4c5a",
		"docs\/bass_master_ssot_v2\/BG_02_IMPLEMENTATION\/BG_02_CONVENTION_V2.json":"60dd32c8185d37850a6f0878ba7c461644f332b96f6fcf92ec12823cfd487868",
		"StateConstraints.wl":"3adc3925e9542e9fb9fe6eb4787767e82bf035237af684383dc890ea6a39d825",
		"state_constraints_tests.wl":"33c0f2e289200794a3355b73e88080562dfa02d0f9f552bd5ba6bf12c7e0ae3d",
		"run_state_constraints.wls":"9d260a125e5051abda7f82c8250f5c70a0d9b1fd3cced461b4e98ee4583a45c7",
		"plot_state_constraints.py":"1dc1aee4379f71476ab92e3b122c00b8e6d8beeb7a70c4cd6d3883ef0ba8c948"
	},
	"source_unchanged":true,
	"diagnostic_rows":[
		{
			"u":-2,
			"Hfull":-3,
			"Hdeleted":1,
			"sigma2":8
		},
		{
			"u":-1,
			"Hfull":0,
			"Hdeleted":1,
			"sigma2":2
		},
		{
			"u":0,
			"Hfull":1,
			"Hdeleted":1,
			"sigma2":0
		},
		{
			"u":1,
			"Hfull":0,
			"Hdeleted":1,
			"sigma2":2
		},
		{
			"u":2,
			"Hfull":-3,
			"Hdeleted":1,
			"sigma2":8
		}
	],
	"diagnostic_units":"fixed reference length ell*=1; Hfull\/Hdeleted represent ell*^2 times the Hamiltonian residual"
}
SC_FINAL_END
