BASS8B2B3_FRESH_CONTENT_REPRODUCTION_20260825.tar.xz.part000: OK
BASS8B2B3_FRESH_CONTENT_REPRODUCTION_20260825.tar.xz.part001: OK
BASS8B2B3_FRESH_CONTENT_REPRODUCTION_20260825.tar.xz.part002: OK
BASS8B2B3_FRESH_CONTENT_REPRODUCTION_20260825.tar.xz.part003: OK
BASS8B2B3_FRESH_CONTENT_REPRODUCTION_20260825.tar.xz.part004: OK
BASS8B2B3_FRESH_CONTENT_REPRODUCTION_20260825.tar.xz.part005: OK
BASS8B2B3_FRESH_CONTENT_REPRODUCTION_20260825.tar.xz.part006: OK
BASS8B2B3_FRESH_CONTENT_REPRODUCTION_20260825.tar.xz.part007: OK
BASS8B2B3_FRESH_CONTENT_REPRODUCTION_20260825.tar.xz: OK
CONTENT_IDENTITY.json: OK
OMITTED_BINARY_LEDGER.json: OK
ORIGINAL_MEMBER_ATLAS.sha256: OK
README.md: OK
TRANSPORT_BUILD_RECEIPT.json: OK
run_content_replay.sh: OK
source_snapshot/CLAIM_BOUNDARY.md: OK
source_snapshot/DECISION.json: OK
source_snapshot/EVIDENCE_SUMMARY.json: OK
source_snapshot/MANIFEST.sha256: OK
source_snapshot/NEXT_ACTION.md: OK
source_snapshot/PHYS_MATH_AUDIT.md: OK
source_snapshot/PHYS_MATH_CODE_AUDIT.md: OK
source_snapshot/PLOT_CRAG_AUDIT.md: OK
source_snapshot/PROVENANCE.json: OK
source_snapshot/README.md: OK
source_snapshot/REPRODUCTION_CONTRACT.json: OK
source_snapshot/REPRODUCTION_NOT_RECOVERY.md: OK
source_snapshot/TEST_MATRIX.json: OK
source_snapshot/audit/fresh_projector_left_kato_numerical_audit.json: OK
source_snapshot/audit/fresh_wolfram_exact_receipt.json: OK
source_snapshot/audit/fresh_xact_screen_receipt.json: OK
source_snapshot/audit/input_archives.sha256: OK
source_snapshot/audit/run_fresh_projector_left_kato_numerical_audit.py: OK
source_snapshot/audit/source_hashes.sha256: OK
source_snapshot/audit/thresholds.json: OK
source_snapshot/build_package.py: OK
source_snapshot/host_replay/run_xact_audit.sh: OK
source_snapshot/inputs/bass8b2a/__init__.py: OK
source_snapshot/inputs/bass8b2a/electron_state_binding.py: OK
source_snapshot/inputs/bass8b2b0/generic_vector_paired_carrier.py: OK
source_snapshot/inputs/bass8b2b1/direction_dependent_rate_dual.py: OK
source_snapshot/inputs/bass8b2b2/generic_vector_bundle_differential.py: OK
source_snapshot/logs/FRESH_NUMERICAL_AUDIT_500_80_120.exit: OK
source_snapshot/logs/FRESH_NUMERICAL_AUDIT_500_80_120.log: OK
source_snapshot/logs/FRESH_NUMERICAL_AUDIT_500_80_120.pid: OK
source_snapshot/logs/FRESH_WOLFRAM_XACT_EXECUTION_SUMMARY.txt: OK
source_snapshot/logs/GREEN_01_reproduction_identity.log: OK
source_snapshot/logs/GREEN_02_focused_15.log: OK
source_snapshot/logs/GREEN_03_fresh_audit_contract.log: OK
source_snapshot/logs/GREEN_04_package_tools.log: OK
source_snapshot/logs/GREEN_05_core_53.log: OK
source_snapshot/logs/GREEN_06_reproduction_controls_9.log: OK
source_snapshot/logs/GREEN_07_all_62.log: OK
source_snapshot/logs/GREEN_08_reproduction_verifier.log: OK
source_snapshot/logs/GREEN_09_verify_root_contract.log: OK
source_snapshot/logs/GREEN_11_semantic_preseal.log: OK
source_snapshot/logs/GREEN_12_zip_permission_restore.log: OK
source_snapshot/logs/GREEN_13_all_67_preseal.log: OK
source_snapshot/logs/GREEN_14_semantic_preseal.log: OK
source_snapshot/logs/RED_00_missing_reproduction_modules.log: OK
source_snapshot/logs/RED_01_final_exact_witness_and_receipts_missing.log: OK
source_snapshot/logs/RED_02_final_witness_receipts_absent.log: OK
source_snapshot/logs/RED_03_package_tools_missing.log: OK
source_snapshot/logs/RED_04_reproduction_verifier_missing.log: OK
source_snapshot/logs/RED_05_verify_root_missing.log: OK
source_snapshot/logs/RED_06_zip_permission_restore_missing.log: OK
source_snapshot/predecessor_tests/bass8b2b0/test_generic_vector_paired_carrier.py: OK
source_snapshot/predecessor_tests/bass8b2b1/test_direction_dependent_rate_dual.py: OK
source_snapshot/predecessor_tests/bass8b2b2/test_generic_vector_bundle_differential.py: OK
source_snapshot/provenance/quarantine/README.md: OK
source_snapshot/pytest.ini: OK
source_snapshot/run_all.sh: OK
source_snapshot/source/exact_projector_kato_witness.py: OK
source_snapshot/source/exact_projector_kato_witness.wl: OK
source_snapshot/source/package_tools.py: OK
source_snapshot/source/projector_left_functional_audit.py: OK
source_snapshot/source/reproduction_identity.py: OK
source_snapshot/source/verify_reproduction.py: OK
source_snapshot/source/xact_screen_projector_witness.wl: OK
source_snapshot/tests/test_fresh_audit_contract.py: OK
source_snapshot/tests/test_package_tools.py: OK
source_snapshot/tests/test_projector_left_functional_audit.py: OK
source_snapshot/tests/test_reproduction_identity.py: OK
source_snapshot/tests/test_reproduction_verifier.py: OK
source_snapshot/tests/test_verify_root_contract.py: OK
source_snapshot/verify_package.py: OK
transport_tests/test_content_transport_equivalence.py: OK
verify_content_identity.py: OK
{
  "authority_row_promoted": false,
  "byte_present_members": 71,
  "content_digest_sha256": "c9ea848447c9709f56aaa3ef43a8dbfc06682d476125b1b570beeeb2c3a39aaf",
  "hash_only_members": 7,
  "historical_artifact_recovered": false,
  "original_members": 78,
  "schema": "bass8b2b3-content-identity-verification-v1",
  "status": "PASS_FRESH_REPRODUCTION_CONTENT_IDENTITY"
}
BASS8B2B3_FRESH_CONTENT_IDENTITY_PASS
BASS8B2B3_FRESH_REMOTE_CONTENT_RESTORE_PASS
