   Compiling bianchi_rustcore v0.1.0 (/home/cosmosapjw/bass/_rustcore)
error[E0599]: no variant or associated item named `NonFiniteSource` found for enum `FrameError` in the current scope
  --> tests/microphysics_boundary.rs:24:25
   |
24 |         Err(FrameError::NonFiniteSource)
   |                         ^^^^^^^^^^^^^^^ variant or associated item not found in `FrameError`

error[E0599]: no variant or associated item named `NonFiniteSource` found for enum `FrameError` in the current scope
  --> tests/microphysics_boundary.rs:29:29
   |
29 |             Err(FrameError::NonFiniteSource)
   |                             ^^^^^^^^^^^^^^^ variant or associated item not found in `FrameError`

error[E0599]: no variant or associated item named `NonFiniteSource` found for enum `FrameError` in the current scope
  --> tests/microphysics_boundary.rs:33:29
   |
33 |             Err(FrameError::NonFiniteSource)
   |                             ^^^^^^^^^^^^^^^ variant or associated item not found in `FrameError`

error[E0599]: no variant or associated item named `NonFiniteSource` found for enum `FrameError` in the current scope
   --> tests/microphysics_boundary.rs:132:45
    |
132 |         Err(RecHostError::Frame(FrameError::NonFiniteSource))
    |                                             ^^^^^^^^^^^^^^^ variant or associated item not found in `FrameError`

For more information about this error, try `rustc --explain E0599`.
error: could not compile `bianchi_rustcore` (test "microphysics_boundary") due to 4 previous errors
