   Compiling bianchi_rustcore v0.1.0 (/home/cosmosapjw/bass/_rustcore)
    Finished `dev` profile [unoptimized + debuginfo] target(s) in 0.36s
     Running `_rustcore/target/debug/examples/microphysics_fixed_input`
FIXED_INPUT_ONLY: no history integration or scientific admission
stationary: gamma=1.000000, D_forward=1.000000, D_backward=1.000000, E_normal=20.000000 eV, E_material=20.000000 eV
moving: gamma=1.250000, D_forward=0.500000, D_backward=2.000000, E_normal=20.000000 eV, E_material=10.000000 eV
REC He584: photon occupation delta_J coefficient (J s^-1, normal time)=Mat2([[Complex64 { re: 7.282122794296206e-32, im: 0.0 }, Complex64 { re: 0.0, im: 0.0 }], [Complex64 { re: 0.0, im: 0.0 }, Complex64 { re: 7.282122794296206e-32, im: 0.0 }]]); atomic source (m^-3 s^-1, normal time)=Mat3([[Complex64 { re: -171782296.27680632, im: 0.0 }, Complex64 { re: 0.0, im: 0.0 }, Complex64 { re: 0.0, im: 0.0 }], [Complex64 { re: 0.0, im: 0.0 }, Complex64 { re: -171782296.27680632, im: 0.0 }, Complex64 { re: 0.0, im: 0.0 }], [Complex64 { re: 0.0, im: 0.0 }, Complex64 { re: 0.0, im: 0.0 }, Complex64 { re: 0.0, im: 0.0 }]]); event rate=3.435646e8 m^-3 s^-1
REC p bound-free: E_normal=39.392396 eV, E_material=19.696198 eV; photon occupation source per normal second=Mat2([[Complex64 { re: 8.65708438198468e-53, im: 0.0 }, Complex64 { re: 0.0, im: 0.0 }], [Complex64 { re: 0.0, im: 0.0 }, Complex64 { re: 8.65708438198468e-53, im: 0.0 }]]); atomic source=Mat3([[Complex64 { re: 1.5188571441763165e-13, im: 0.0 }, Complex64 { re: 0.0, im: 0.0 }, Complex64 { re: 0.0, im: 0.0 }], [Complex64 { re: 0.0, im: 0.0 }, Complex64 { re: 1.5188571441763165e-13, im: 0.0 }, Complex64 { re: 0.0, im: 0.0 }], [Complex64 { re: 0.0, im: 0.0 }, Complex64 { re: 0.0, im: 0.0 }, Complex64 { re: 4.817537476250456e-14, im: 0.0 }]]); event rate=-3.519468e-13 m^-3 s^-1 J^-1 sr^-1 per original material dE_J dOmega
REC s bound-free: E_normal=40.596892 eV, E_material=20.298446 eV; photon occupation source per normal second=Mat2([[Complex64 { re: 5.080850109295072e-52, im: 0.0 }, Complex64 { re: 0.0, im: 0.0 }], [Complex64 { re: 0.0, im: 0.0 }, Complex64 { re: 5.080850109295072e-52, im: 0.0 }]]); atomic source=2.193828e-12, event rate=-2.193828e-12 m^-3 s^-1 J^-1 sr^-1 per original material dE_J dOmega
REC pair: E_normal=[20.61577515311981, 5.153943788279952] eV, E_material=[10.307888, 10.307888] eV; tagged occupation sources per normal second per partner sr=[Mat2([[Complex64 { re: 1.4994591809546977e-22, im: 0.0 }, Complex64 { re: 0.0, im: 0.0 }], [Complex64 { re: 0.0, im: 0.0 }, Complex64 { re: 1.4994591809546977e-22, im: 0.0 }]]), Mat2([[Complex64 { re: 5.997836723818791e-22, im: 0.0 }, Complex64 { re: 0.0, im: 0.0 }], [Complex64 { re: 0.0, im: 0.0 }, Complex64 { re: 5.997836723818791e-22, im: 0.0 }]])]; atomic event=2.757367e-1 m^-3 s^-1 per original material dy dOmega1 dOmega2
REC below p threshold: PhysicalZeroBelowThreshold
REC q=1.6 typed domain error: Source(MissingAuthority { family: "P_BOUND_FREE_JACOBS_HIGH", value: 1.6, detail: "outside represented material-energy band; no low/high splice or extrapolation" })
REI transform fixed z: State { n_comoving_per_cmpc3: [1.0, 1.0, 1.0, 1.0], x_hii: 0.5, helium: [0.3333333333333333, 0.3333333333333333, 0.3333333333333333], u_erg_per_cm3: 1.0, gamma_hi_per_s: 1.0 }
REI PCHIP at x=0: -2.500000
REI PCHIP typed domain error: OutsideTableDomain { x: 2.1, lower: -2.0, upper: 2.0 }
REI opacity: [0.0820849986238988, 3.322046459189834, 3.239961460565935, 0.833132947002669] cMpc^-1
REI photon source: [1.1099760454568949e-15, -2.547057126290862e-13, -3.7503849707999996e-13, -1.3011034185599998e-13] comoving count cMpc^-3 s^-1
REI photoionization gamma: HI=9.012144e-79, HeI=1.632635e-78, HeII=2.612216e-79 s^-1
REI positive projection: [2.0, 6.0] in input mass units
REI signed transfer: SignedLift { positive: [0.0, 0.0], negative: [1.0, 3.0], signed: [-1.0, -3.0] } in input rate units
