   Compiling target-lexicon v0.13.5
    Checking once_cell v1.21.4
   Compiling matrixmultiply v0.3.11
   Compiling syn v2.0.119
    Checking num-complex v0.4.6
    Checking num-integer v0.1.46
   Compiling heck v0.5.0
    Checking rustc-hash v2.1.3
    Checking num-bigint v0.4.8
    Checking num-rational v0.4.2
    Checking pulp v0.22.3
    Checking nano-gemm-c64 v0.2.1
    Checking nano-gemm-c32 v0.2.1
    Checking simba v0.10.0
    Checking ndarray v0.17.2
   Compiling pyo3-build-config v0.29.0
   Compiling pyo3-ffi v0.29.0
   Compiling pyo3 v0.29.0
   Compiling numpy v0.29.0
   Compiling pest_generator v2.8.8
   Compiling pyo3-macros-backend v0.29.0
    Checking gemm-common v0.19.0
    Checking qd v0.8.0
    Checking faer-traits v0.24.0
   Compiling equator-macro v0.4.2
   Compiling equator-macro v0.2.1
   Compiling nalgebra-macros v0.3.0
    Checking gemm-c64 v0.19.0
    Checking gemm-c32 v0.19.0
    Checking gemm-f64 v0.19.0
    Checking gemm-f32 v0.19.0
   Compiling pest_derive v2.8.8
    Checking equator v0.2.2
    Checking equator v0.4.2
    Checking py_literal v0.4.0
    Checking spindle v0.2.6
    Checking nalgebra v0.35.0
    Checking npyz v0.8.4
    Checking private-gemm-x86 v0.1.20
    Checking gemm v0.19.0
   Compiling pyo3-macros v0.29.0
    Checking nano-gemm v0.2.2
    Checking faer v0.24.4
    Checking diffsol-la v0.1.0
    Checking diffsol-nl v0.1.0
    Checking diffsol v0.16.1
    Checking bianchi_rustcore v0.1.0 (/home/cosmosapjw/bass/_rustcore)
    Finished `dev` profile [unoptimized + debuginfo] target(s) in 31.55s
