   Compiling proc-macro2 v1.0.107
   Compiling autocfg v1.5.1
   Compiling quote v1.0.47
   Compiling unicode-ident v1.0.24
   Compiling libm v0.2.16
   Compiling bytemuck v1.25.2
   Compiling rand_core v0.6.4
   Compiling crossbeam-utils v0.8.22
   Compiling crossbeam-epoch v0.9.20
   Compiling cfg-if v1.0.4
   Compiling libc v0.2.189
   Compiling nano-gemm-codegen v0.2.1
   Compiling crossbeam-deque v0.8.7
   Compiling version_check v0.9.5
   Compiling rayon-core v1.13.0
   Compiling paste v1.0.15
   Compiling bitflags v2.13.1
   Compiling pulp-wasm-simd-flag v0.1.1
   Compiling either v1.17.0
   Compiling reborrow v0.5.5
   Compiling once_cell v1.21.4
   Compiling dyn-stack-macros v0.1.3
   Compiling target-lexicon v0.13.5
   Compiling memchr v2.8.3
   Compiling getrandom v0.3.4
   Compiling seq-macro v0.3.6
   Compiling syn v1.0.109
   Compiling rand v0.8.7
   Compiling raw-cpuid v11.6.0
   Compiling zerocopy v0.8.55
   Compiling ucd-trie v0.1.7
   Compiling nano-gemm-core v0.2.1
   Compiling defer v0.2.1
   Compiling rawpointer v0.2.1
   Compiling safe_arch v1.1.0
   Compiling dyn-stack v0.13.2
   Compiling byteorder v1.5.0
   Compiling equator-macro v0.6.0
   Compiling pulp v0.22.3
   Compiling thiserror v2.0.19
   Compiling generativity v1.2.1
   Compiling serde_core v1.0.229
   Compiling diffsol-la v0.1.0
   Compiling typenum v1.20.1
   Compiling zmij v1.0.23
   Compiling num-traits v0.2.19
   Compiling matrixmultiply v0.3.11
   Compiling heck v0.5.0
   Compiling foldhash v0.1.5
   Compiling pest v2.8.8
   Compiling equivalent v1.0.2
   Compiling serde_json v1.0.151
   Compiling serde v1.0.229
   Compiling hashbrown v0.17.1
   Compiling hashbrown v0.15.5
   Compiling nano-gemm-f64 v0.2.1
   Compiling nano-gemm-c64 v0.2.1
   Compiling nano-gemm-c32 v0.2.1
   Compiling nano-gemm-f32 v0.2.1
   Compiling pyo3-build-config v0.29.0
   Compiling crossbeam-queue v0.3.13
   Compiling crossbeam-channel v0.5.16
   Compiling wide v1.5.0
   Compiling equator v0.6.0
   Compiling fixedbitset v0.5.7
   Compiling itoa v1.0.18
   Compiling diffsol v0.16.1
   Compiling log v0.4.33
   Compiling rustc-hash v2.1.3
   Compiling syn v2.0.119
   Compiling syn v3.0.3
   Compiling crossbeam v0.8.4
   Compiling indexmap v2.14.0
   Compiling pyo3-ffi v0.29.0
   Compiling pyo3 v0.29.0
   Compiling numpy v0.29.0
   Compiling rayon v1.12.0
   Compiling atomic-wait v1.1.0
   Compiling num_cpus v1.17.0
   Compiling pest_meta v2.8.8
   Compiling rand_core v0.9.5
   Compiling petgraph v0.8.3
   Compiling num-complex v0.4.6
   Compiling num-integer v0.1.46
   Compiling approx v0.5.1
   Compiling num-bigint v0.4.8
   Compiling ndarray v0.17.2
   Compiling thiserror-impl v2.0.19
   Compiling serde_derive v1.0.229
   Compiling num-rational v0.4.2
   Compiling interpol v0.2.1
   Compiling private-gemm-x86 v0.1.20
   Compiling simba v0.10.0
   Compiling ppv-lite86 v0.2.21
   Compiling pest_generator v2.8.8
   Compiling pyo3-macros-backend v0.29.0
   Compiling rand_chacha v0.9.0
   Compiling rand v0.9.5
   Compiling equator-macro v0.4.2
   Compiling equator-macro v0.2.1
   Compiling nalgebra-macros v0.3.0
   Compiling pest_derive v2.8.8
   Compiling py_literal v0.4.0
   Compiling equator v0.2.2
   Compiling equator v0.4.2
   Compiling rand_distr v0.5.1
   Compiling spindle v0.2.6
   Compiling npyz v0.8.4
   Compiling gemm-common v0.19.0
   Compiling qd v0.8.0
   Compiling faer-traits v0.24.0
   Compiling gemm-f32 v0.19.0
   Compiling gemm-c64 v0.19.0
   Compiling gemm-c32 v0.19.0
   Compiling gemm-f64 v0.19.0
   Compiling gemm v0.19.0
   Compiling pyo3-macros v0.29.0
   Compiling nalgebra v0.35.0
   Compiling nano-gemm v0.2.2
   Compiling faer v0.24.4
   Compiling diffsol-nl v0.1.0
   Compiling bianchi_rustcore v0.1.0 (/tmp/bass-rf04-local01-20260831.oSLzzEfM/worktree/_rustcore)
warning: constant `TRAJECTORY_ROUTE_ID` is never used
  --> src/kinetic/rf04_polarized_v2.rs:12:11
   |
12 | pub const TRAJECTORY_ROUTE_ID: &str = "kinetic.typeii.polarized_trajectory_v2";
   |           ^^^^^^^^^^^^^^^^^^^
   |
   = note: `#[warn(dead_code)]` (part of `#[warn(unused)]`) on by default

warning: constant `BATCH_ROUTE_ID` is never used
  --> src/kinetic/rf04_polarized_v2.rs:13:11
   |
13 | pub const BATCH_ROUTE_ID: &str = "kinetic.typeii.polarized_batch_v2";
   |           ^^^^^^^^^^^^^^

warning: struct `PolarizedTrajectoryV2` is never constructed
  --> src/kinetic/rf04_polarized_v2.rs:29:12
   |
29 | pub struct PolarizedTrajectoryV2 {
   |            ^^^^^^^^^^^^^^^^^^^^^

warning: struct `PolarizedBatchV2` is never constructed
  --> src/kinetic/rf04_polarized_v2.rs:34:12
   |
34 | pub struct PolarizedBatchV2 {
   |            ^^^^^^^^^^^^^^^^

warning: variants `Input` and `Capability` are never constructed
  --> src/kinetic/rf04_polarized_v2.rs:43:5
   |
42 | pub enum Rf04PolarizedV2Error {
   |          -------------------- variants in this enum
43 |     Input { code: &'static str, detail: String },
   |     ^^^^^
44 |     Capability { code: &'static str, detail: String },
   |     ^^^^^^^^^^
   |
   = note: `Rf04PolarizedV2Error` has derived impls for the traits `Debug` and `Clone`, but these are intentionally ignored during dead code analysis

warning: constant `FORMULA_AUTHORITY_SHA256` is never used
 --> src/kinetic/../../../generated/rust/typeii/typeii_background.rs:4:11
  |
4 | pub const FORMULA_AUTHORITY_SHA256: &str =
  |           ^^^^^^^^^^^^^^^^^^^^^^^^

warning: variant `CallerDividedResidualEstimate` is never constructed
  --> src/kinetic/../../../runtime/rust/typeii/typeii_krylov_adapt.rs:43:5
   |
37 | pub enum AdaptiveKrylovTargetSemantics {
   |          ----------------------------- variant in this enum
...
43 |     CallerDividedResidualEstimate { divisor: f64 },
   |     ^^^^^^^^^^^^^^^^^^^^^^^^^^^^^
   |
   = note: `AdaptiveKrylovTargetSemantics` has derived impls for the traits `Debug` and `Clone`, but these are intentionally ignored during dead code analysis

warning: fields `requested` and `floor` are never read
   --> src/kinetic/../../../runtime/rust/typeii/typeii_krylov_adapt.rs:176:9
    |
175 |     ToleranceBelowArithmeticFloor {
    |     ----------------------------- fields in this variant
176 |         requested: f64,
    |         ^^^^^^^^^
177 |         floor: f64,
    |         ^^^^^
    |
    = note: `AdaptiveKrylovError` has derived impls for the traits `Clone` and `Debug`, but these are intentionally ignored during dead code analysis

warning: field `field` is never read
   --> src/kinetic/../../../runtime/rust/typeii/typeii_krylov_adapt.rs:180:9
    |
179 |     InvalidKatoDomain {
    |     ----------------- field in this variant
180 |         field: &'static str,
    |         ^^^^^
    |
    = note: `AdaptiveKrylovError` has derived impls for the traits `Clone` and `Debug`, but these are intentionally ignored during dead code analysis

warning: field `error_ratio` is never read
   --> src/kinetic/../../../runtime/rust/typeii/typeii_krylov_adapt.rs:195:9
    |
194 |     DidNotConverge {
    |     -------------- field in this variant
195 |         error_ratio: f64,
    |         ^^^^^^^^^^^
    |
    = note: `AdaptiveKrylovError` has derived impls for the traits `Clone` and `Debug`, but these are intentionally ignored during dead code analysis

warning: field `source` is never read
   --> src/kinetic/../../../runtime/rust/typeii/typeii_krylov_adapt.rs:199:9
    |
198 |     KatoSubactionFailed {
    |     ------------------- field in this variant
199 |         source: Box<AdaptiveKrylovError>,
    |         ^^^^^^
    |
    = note: `AdaptiveKrylovError` has derived impls for the traits `Clone` and `Debug`, but these are intentionally ignored during dead code analysis

warning: variants `InvalidResidualBudgetDivisor` and `SingularPadeSolve` are never constructed
   --> src/kinetic/../../../runtime/rust/typeii/typeii_krylov_adapt.rs:172:5
    |
170 | pub enum AdaptiveKrylovError {
    |          ------------------- variants in this enum
171 |     InvalidOptions,
172 |     InvalidResidualBudgetDivisor {
    |     ^^^^^^^^^^^^^^^^^^^^^^^^^^^^
...
193 |     SingularPadeSolve,
    |     ^^^^^^^^^^^^^^^^^
    |
    = note: `AdaptiveKrylovError` has derived impls for the traits `Clone` and `Debug`, but these are intentionally ignored during dead code analysis

warning: function `adaptive_expm_action_with_residual_budget_divisor` is never used
   --> src/kinetic/../../../runtime/rust/typeii/typeii_krylov_adapt.rs:685:8
    |
685 | pub fn adaptive_expm_action_with_residual_budget_divisor<F>(
    |        ^^^^^^^^^^^^^^^^^^^^^^^^^^^^^^^^^^^^^^^^^^^^^^^^^

warning: function `adaptive_phi1_action` is never used
   --> src/kinetic/../../../runtime/rust/typeii/typeii_krylov_adapt.rs:951:8
    |
951 | pub fn adaptive_phi1_action<F>(
    |        ^^^^^^^^^^^^^^^^^^^^

warning: struct `KrylovOptions` is never constructed
 --> src/kinetic/../../../runtime/rust/typeii/typeii_runtime.rs:7:12
  |
7 | pub struct KrylovOptions {
  |            ^^^^^^^^^^^^^

warning: associated function `full` is never used
  --> src/kinetic/../../../runtime/rust/typeii/typeii_runtime.rs:14:12
   |
13 | impl KrylovOptions {
   | ------------------ associated function in this implementation
14 |     pub fn full(n: usize) -> Self {
   |            ^^^^

warning: variants `OperatorDimensionMismatch`, `SingularPadeSolve`, `KrylovDidNotConverge`, and `SubspaceTooSmall` are never constructed
  --> src/kinetic/../../../runtime/rust/typeii/typeii_runtime.rs:26:5
   |
24 | pub enum RuntimeError {
   |          ------------ variants in this enum
25 |     DimensionMismatch,
26 |     OperatorDimensionMismatch,
   |     ^^^^^^^^^^^^^^^^^^^^^^^^^
27 |     SingularPadeSolve,
   |     ^^^^^^^^^^^^^^^^^
28 |     KrylovDidNotConverge { estimate: f64 },
   |     ^^^^^^^^^^^^^^^^^^^^
29 |     SubspaceTooSmall { requested: usize, dimension: usize },
   |     ^^^^^^^^^^^^^^^^
   |
   = note: `RuntimeError` has derived impls for the traits `Clone` and `Debug`, but these are intentionally ignored during dead code analysis

warning: function `dot` is never used
  --> src/kinetic/../../../runtime/rust/typeii/typeii_runtime.rs:32:4
   |
32 | fn dot(a: &[f64], b: &[f64]) -> f64 {
   |    ^^^

warning: function `norm2` is never used
  --> src/kinetic/../../../runtime/rust/typeii/typeii_runtime.rs:36:4
   |
36 | fn norm2(a: &[f64]) -> f64 {
   |    ^^^^^

warning: function `matrix_one_norm` is never used
  --> src/kinetic/../../../runtime/rust/typeii/typeii_runtime.rs:40:4
   |
40 | fn matrix_one_norm(a: &DMatrix<f64>) -> f64 {
   |    ^^^^^^^^^^^^^^^

warning: function `expm_pade13` is never used
  --> src/kinetic/../../../runtime/rust/typeii/typeii_runtime.rs:46:4
   |
46 | fn expm_pade13(a: &DMatrix<f64>) -> Result<DMatrix<f64>, RuntimeError> {
   |    ^^^^^^^^^^^

warning: function `arnoldi_once` is never used
   --> src/kinetic/../../../runtime/rust/typeii/typeii_runtime.rs:102:4
    |
102 | fn arnoldi_once<F>(
    |    ^^^^^^^^^^^^

warning: function `expm_action_split` is never used
   --> src/kinetic/../../../runtime/rust/typeii/typeii_runtime.rs:168:4
    |
168 | fn expm_action_split<F>(
    |    ^^^^^^^^^^^^^^^^^

warning: function `expm_action` is never used
   --> src/kinetic/../../../runtime/rust/typeii/typeii_runtime.rs:191:8
    |
191 | pub fn expm_action<F>(
    |        ^^^^^^^^^^^

warning: function `phi1_action` is never used
   --> src/kinetic/../../../runtime/rust/typeii/typeii_runtime.rs:203:8
    |
203 | pub fn phi1_action<F>(
    |        ^^^^^^^^^^^

warning: function `kato_aem2_step` is never used
   --> src/kinetic/../../../runtime/rust/typeii/typeii_runtime.rs:265:8
    |
265 | pub fn kato_aem2_step(
    |        ^^^^^^^^^^^^^^

warning: variant `Neg` is never constructed
  --> src/ode/background/events.rs:26:5
   |
19 | pub(crate) enum EventExpression {
   |                 --------------- variant in this enum
...
26 |     Neg(Box<EventExpression>),
   |     ^^^
   |
   = note: `EventExpression` has derived impls for the traits `Debug` and `Clone`, but these are intentionally ignored during dead code analysis

warning: methods `coefficients` and `mul` are never used
   --> src/ode/background/exact.rs:88:19
    |
 61 | impl ExactPolynomial {
    | -------------------- methods in this implementation
...
 88 |     pub(crate) fn coefficients(&self) -> &[BigRational] {
    |                   ^^^^^^^^^^^^
...
157 |     pub(crate) fn mul(&self, rhs: &Self) -> Self {
    |                   ^^^

warning: associated items `from_bytes` and `as_bytes` are never used
  --> src/ode/background/history.rs:38:19
   |
28 | impl StateDigest {
   | ---------------- associated items in this implementation
...
38 |     pub(crate) fn from_bytes(bytes: [u8; 32]) -> Self {
   |                   ^^^^^^^^^^
...
42 |     pub(crate) fn as_bytes(&self) -> &[u8; 32] {
   |                   ^^^^^^^^

warning: method `freeze_epsilon` is never used
   --> src/ode/background/history.rs:337:19
    |
336 | impl EventRecord {
    | ---------------- method in this implementation
337 |     pub(crate) fn freeze_epsilon(&mut self, epsilon_g: f64) {
    |                   ^^^^^^^^^^^^^^

warning: method `as_str` is never used
   --> src/ode/background/history.rs:367:19
    |
366 | impl AllowedRearmSide {
    | --------------------- method in this implementation
367 |     pub(crate) fn as_str(self) -> &'static str {
    |                   ^^^^^^

warning: `bianchi_rustcore` (lib test) generated 31 warnings
    Finished `test` profile [unoptimized + debuginfo] target(s) in 39.42s
     Running unittests src/lib.rs (/tmp/bass-rf04-local01-20260831.oSLzzEfM/red-target/debug/deps/bianchi_rustcore-19049eac26c6cf05)

running 9 tests

thread 'kinetic::rf04_polarized_v2_tests::rf04_polarized_v2_fixed_eulerian_history_shape_is_admitted' (1689991) panicked at src/kinetic/rf04_polarized_v2_tests.rs:91:5:
valid fixed-grid history was rejected: Err(NotImplemented { code: "RF04_POLARIZED_V2_NOT_IMPLEMENTED", detail: "fixed-Eulerian history validation is pending RF04-POL-COMPOSE-03" })
note: run with `RUST_BACKTRACE=1` environment variable to display a backtrace

thread 'kinetic::rf04_polarized_v2_tests::rf04_polarized_v2_free_support_constants_are_rejected' (1689992) panicked at src/kinetic/rf04_polarized_v2_tests.rs:30:5:
assertion `left == right` failed
  left: "RF04_POLARIZED_V2_NOT_IMPLEMENTED"
 right: "RF04_REMAP_SUPPORT_BOUND_MISMATCH"

thread 'kinetic::rf04_polarized_v2_tests::rf04_polarized_v2_empty_row_is_rejected' (1689990) panicked at src/kinetic/rf04_polarized_v2_tests.rs:30:5:
assertion `left == right` failed
  left: "RF04_POLARIZED_V2_NOT_IMPLEMENTED"
 right: "RF04_EMPTY_REMAP_ROW"

thread 'kinetic::rf04_polarized_v2_tests::rf04_polarized_v2_history_grid_mutation_is_rejected' (1689993) panicked at src/kinetic/rf04_polarized_v2_tests.rs:102:5:
assertion `left == right` failed
  left: "RF04_POLARIZED_V2_NOT_IMPLEMENTED"
 right: "RF04_HISTORY_GRID_MISMATCH"

thread 'kinetic::rf04_polarized_v2_tests::rf04_polarized_v2_negative_and_nonfinite_weights_are_rejected' (1689994) panicked at src/kinetic/rf04_polarized_v2_tests.rs:30:5:
assertion `left == right` failed
  left: "RF04_POLARIZED_V2_NOT_IMPLEMENTED"
 right: "RF04_NEGATIVE_REMAP_WEIGHT"

thread 'kinetic::rf04_polarized_v2_tests::rf04_polarized_v2_partition_mutation_is_rejected' (1689995) panicked at src/kinetic/rf04_polarized_v2_tests.rs:30:5:
assertion `left == right` failed
  left: "RF04_POLARIZED_V2_NOT_IMPLEMENTED"
 right: "RF04_REMAP_PARTITION_MISMATCH"

thread 'kinetic::rf04_polarized_v2_tests::rf04_polarized_v2_stale_grid_and_plan_hashes_are_rejected' (1689996) panicked at src/kinetic/rf04_polarized_v2_tests.rs:30:5:
assertion `left == right` failed
  left: "RF04_POLARIZED_V2_NOT_IMPLEMENTED"
 right: "RF04_DIRECTION_GRID_IDENTITY_MISMATCH"
test kinetic::rf04_polarized_v2_tests::rf04_polarized_v2_empty_row_is_rejected ... FAILED
test kinetic::rf04_polarized_v2_tests::rf04_polarized_v2_history_grid_mutation_is_rejected ... FAILED
test kinetic::rf04_polarized_v2_tests::rf04_polarized_v2_negative_and_nonfinite_weights_are_rejected ... FAILED
test kinetic::rf04_polarized_v2_tests::rf04_polarized_v2_fixed_eulerian_history_shape_is_admitted ... FAILED
test kinetic::rf04_polarized_v2_tests::rf04_polarized_v2_free_support_constants_are_rejected ... FAILED
test kinetic::rf04_polarized_v2_tests::rf04_polarized_v2_partition_mutation_is_rejected ... FAILED
test kinetic::rf04_polarized_v2_tests::rf04_polarized_v2_stale_grid_and_plan_hashes_are_rejected ... FAILED
test kinetic::rf04_polarized_v2_tests::rf04_polarized_v2_v1_polarized_dispatch_remains_fail_closed ... ok

thread 'kinetic::rf04_polarized_v2_tests::rf04_polarized_v2_valid_content_addressed_plan_is_admitted' (1689998) panicked at src/kinetic/rf04_polarized_v2_tests.rs:36:5:
valid v2 plan was rejected: Err(NotImplemented { code: "RF04_POLARIZED_V2_NOT_IMPLEMENTED", detail: "content-addressed remap-plan validation is pending RF04-POL-GEOMETRY-02" })
test kinetic::rf04_polarized_v2_tests::rf04_polarized_v2_valid_content_addressed_plan_is_admitted ... FAILED

failures:

failures:
    kinetic::rf04_polarized_v2_tests::rf04_polarized_v2_empty_row_is_rejected
    kinetic::rf04_polarized_v2_tests::rf04_polarized_v2_fixed_eulerian_history_shape_is_admitted
    kinetic::rf04_polarized_v2_tests::rf04_polarized_v2_free_support_constants_are_rejected
    kinetic::rf04_polarized_v2_tests::rf04_polarized_v2_history_grid_mutation_is_rejected
    kinetic::rf04_polarized_v2_tests::rf04_polarized_v2_negative_and_nonfinite_weights_are_rejected
    kinetic::rf04_polarized_v2_tests::rf04_polarized_v2_partition_mutation_is_rejected
    kinetic::rf04_polarized_v2_tests::rf04_polarized_v2_stale_grid_and_plan_hashes_are_rejected
    kinetic::rf04_polarized_v2_tests::rf04_polarized_v2_valid_content_addressed_plan_is_admitted

test result: FAILED. 1 passed; 8 failed; 0 ignored; 0 measured; 205 filtered out; finished in 0.00s

error: test failed, to rerun pass `--lib`
