{
  "contract": "BINARY64_ORACLE_CLOSEOUT_V2",
  "status": "PASS_SCOPED",
  "science_solver_calls": 0,
  "rust_rebuilds": 0,
  "repair_count": 0,
  "receiver_calls_new": 1,
  "receiver_launches_cumulative": 2,
  "v1_status": "HOLD_ORACLE_CONTRACT",
  "cases": {
    "flrw": {
      "producer_preflight": "PASS",
      "execution": "REUSED_WITHOUT_RERUN",
      "stdout_sha256": "a093f9d7eb5ff406125401324cfdb7d51a8d8f79ec9342f8981f63d872f78455",
      "receipt": {
        "command": [
          "/home/cosmosapjw/bass_worktrees/rei-pr96-bass-snapshot-readback-20261010/_rustcore/target/debug/examples/rei_pr104_cell_receiver"
        ],
        "exit": 0,
        "wall_s": 0.04595788900041953
      },
      "validation": {
        "status": "PASS_SCOPED",
        "cells": 16384,
        "rho": "0.999999995174716402958142899112415825819625455350819822938350",
        "Btau": "2.73090203585737398586196122276175854725425115843367783337356E-13",
        "max_tau_absolute": "4.189910290402860555827742325415662989485099411E-16",
        "max_survival_absolute": "4.52014739785558103678990968228185983836279355E-16",
        "max_P_relative": "7.49081977674175374012583506064897247417398866551517426044053E-16",
        "closure_absolute": 4.440892098500626e-16,
        "observer_tail": "UNKNOWN",
        "observer_total": null,
        "observer_visibility": null,
        "segment_end": "conditional backward tau, survival, interval P"
      }
    },
    "rp01": {
      "producer_preflight": "PASS",
      "command": [
        "/home/cosmosapjw/bass_worktrees/rei-pr96-bass-snapshot-readback-20261010/_rustcore/target/debug/examples/rei_pr104_cell_receiver"
      ],
      "exit": 0,
      "wall_s": 0.05244389199651778,
      "child_user_cpu_s": 0.035387999999999996,
      "child_system_cpu_s": 0.005898,
      "child_maxrss_kib": 105096,
      "stdout_sha256": "33744b100046b159673d41995f1beea136aca3e13ea17c6029f6690ed1e47097",
      "stderr_sha256": "e3b0c44298fc1c149afbf4c8996fb92427ae41e4649b934ca495991b7852b855",
      "validation": {
        "status": "PASS_SCOPED",
        "cells": 16384,
        "rho": "0.999999995174716402958142899112415825819625455350819822938350",
        "Btau": "2.72899748117906216283069315324180986004585723001222320281234E-13",
        "max_tau_absolute": "1.820796890052203285645252940884633768847677924E-16",
        "max_survival_absolute": "2.28228077147423812215506086468227184604601858E-16",
        "max_P_relative": "4.68505051264802084288209970721108683830722438974394568073279E-16",
        "closure_absolute": 2.220446049250313e-16,
        "observer_tail": "UNKNOWN",
        "observer_total": null,
        "observer_visibility": null,
        "segment_end": "conditional backward tau, survival, interval P"
      }
    }
  },
  "archive_sha256": "0ea76585670d2dbb2154e19cad15a4606b43eb25e4bec8094290e9b64f405a18",
  "receiver_source_sha256": "6dc9e3b6366e481a486c2b4a56ce90e733589fda95da2ae22ba5ef6a78f1663f",
  "binary_sha256": "532fde5b68b439ddc73503190a2889b80ee07968861d7044089c7ba85ba2a54b",
  "both_preflight": "PASS"
}
