------------------------------------------------------------
Package xAct`xPerm`  version 1.2.4, {2025, 12, 29}
CopyRight (C) 2003-2026, Jose M. Martin-Garcia, under the General Public License.
Connecting to external linux executable...
Connection established.
------------------------------------------------------------
Package xAct`xTensor` version 1.3.0, {2025, 12, 29}
CopyRight (C) 2002-2026, Jose M. Martin-Garcia, under the General Public License.
------------------------------------------------------------
These packages come with ABSOLUTELY NO WARRANTY; for details type Disclaimer[]. This is free software, and you are welcome to redistribute it under certain conditions. See the General Public License for details.
------------------------------------------------------------
** DefManifold: Defining manifold RM. 
** DefVBundle: Defining vbundle TangentRM. 
** DefTensor: Defining symmetric metric tensor met[-ia, -ib]. 
** DefTensor: Defining antisymmetric tensor epsilonmet[-ia, -ib, -ic, -id]. 
** DefTensor: Defining tetrametric Tetramet[-ia, -ib, -ic, -id]. 
** DefTensor: Defining tetrametric Tetramet†[-ia, -ib, -ic, -id]. 
** DefCovD: Defining covariant derivative RCD[-ia]. 
** DefTensor: Defining vanishing torsion tensor TorsionRCD[ia, -ib, -ic]. 
** DefTensor: Defining symmetric Christoffel tensor ChristoffelRCD[ia, -ib, -ic]. 
** DefTensor: Defining Riemann tensor RiemannRCD[-ia, -ib, -ic, -id]. 
** DefTensor: Defining symmetric Ricci tensor RicciRCD[-ia, -ib]. 
** DefCovD: Contractions of Riemann automatically replaced by Ricci.
** DefTensor: Defining Ricci scalar RicciScalarRCD[]. 
** DefCovD: Contractions of Ricci automatically replaced by RicciScalar.
** DefTensor: Defining symmetric Einstein tensor EinsteinRCD[-ia, -ib]. 
** DefTensor: Defining Weyl tensor WeylRCD[-ia, -ib, -ic, -id]. 
** DefTensor: Defining symmetric TFRicci tensor TFRicciRCD[-ia, -ib]. 
** DefTensor: Defining Kretschmann scalar KretschmannRCD[]. 
** DefCovD: Computing RiemannToWeylRules for dim 4
** DefCovD: Computing RicciToTFRicci for dim 4
** DefCovD: Computing RicciToEinsteinRules for dim 4
** DefTensor: Defining weight +2 density Detmet[].      Determinant.
** DefTensor: Defining tensor nu[ia]. 
** DefTensor: Defining tensor flux[-ia]. 
** DefTensor: Defining tensor KK[-ia, -ib]. 
** DefTensor: Defining tensor Sigma[-ia, -ib]. 
** DefTensor: Defining tensor HH[]. 

Validate::inhom: Found inhomogeneous indices: {IndexList[], IndexList[-ia, -ib]}.

Validate::inhom: Found inhomogeneous indices: {IndexList[-ia], IndexList[-ib]}.

Validate::inhom: Found inhomogeneous indices: {IndexList[-ia, -ib], IndexList[-ic, -id]}.

Validate::inhom: Found inhomogeneous indices: {IndexList[-ia], IndexList[-ib]}.

General::stop: Further output of Validate::inhom will be suppressed during this calculation.
REGRESSION_JSON_BEGIN
{
	"mode":"red",
	"rows":[
		{
			"id":"REG_MAKERULE_HELPER_EVALUATION",
			"outcome":"Failure",
			"actual":"HoldForm[False]",
			"expected":"HoldForm[True]"
		},
		{
			"id":"REG_ITERATOR_ORTHOGONALITY",
			"outcome":"Failure",
			"actual":"HoldForm[False]",
			"expected":"HoldForm[True]"
		},
		{
			"id":"REG_ITERATOR_TRACE",
			"outcome":"Failure",
			"actual":"HoldForm[False]",
			"expected":"HoldForm[True]"
		},
		{
			"id":"REG_COVARIANT_VECTOR_REINDEX",
			"outcome":"Failure",
			"actual":"HoldForm[False]",
			"expected":"HoldForm[True]"
		},
		{
			"id":"REG_COVARIANT_TENSOR_REINDEX",
			"outcome":"Failure",
			"actual":"HoldForm[False]",
			"expected":"HoldForm[True]"
		},
		{
			"id":"REG_TANGENTIAL_TENSOR_RETAINED",
			"outcome":"Success",
			"actual":"HoldForm[True]",
			"expected":"HoldForm[True]"
		},
		{
			"id":"REG_TIMELIKE_NORM_RETAINED",
			"outcome":"Success",
			"actual":"HoldForm[True]",
			"expected":"HoldForm[True]"
		},
		{
			"id":"REG_REINDEX_WITH_EXISTING_DUMMY",
			"outcome":"Failure",
			"actual":"HoldForm[False]",
			"expected":"HoldForm[True]"
		}
	],
	"helper_messages":[
		"HoldForm[Validate::inhom]"
	],
	"passed":false
}
REGRESSION_JSON_END
