......................                                                   [100%]
=============================== warnings summary ===============================
tests/test_rf02b_scalar_ops.py::test_rhs_and_exact_jvp_match_the_explicit_python_oracle[class_a]
tests/test_rf02b_scalar_ops.py::test_rhs_and_exact_jvp_match_the_explicit_python_oracle[class_b]
tests/test_rf02b_scalar_ops.py::test_rhs_and_exact_jvp_match_the_explicit_python_oracle[exceptional]
tests/test_rf02b_scalar_ops.py::test_rhs_and_exact_jvp_match_the_explicit_python_oracle[type_ix_d]
tests/test_rf02b_scalar_ops.py::test_rhs_and_exact_jvp_match_the_explicit_python_oracle[type_ix_d_future]
tests/test_rf02b_scalar_ops.py::test_packed_order_swap_mutation_is_detected_by_the_independent_oracle
  /home/runner/work/_temp/r4-extract/BASS_NATIVE_REPRO_BASS-RF01-NATIVE-20260825T035620Z/source/bianchi/backend.py:50: UnverifiedNativeDevelopmentWarning: UNVERIFIED_DEVELOPMENT_NATIVE_PAYLOAD:route=background.chart_rhs;reason=installed_file_size_mismatch:bianchi_rustcore-0.1.0.dist-info/sboms/bianchi_rustcore.cyclonedx.json;origin=/home/runner/work/_temp/rf02b-venv/lib/python3.12/site-packages/bianchi_rustcore/bianchi_rustcore.cpython-312-x86_64-linux-gnu.so
    selected = select_backend(

tests/test_rf02b_scalar_ops.py::test_rhs_and_exact_jvp_match_the_explicit_python_oracle[class_a]
tests/test_rf02b_scalar_ops.py::test_rhs_and_exact_jvp_match_the_explicit_python_oracle[class_b]
tests/test_rf02b_scalar_ops.py::test_rhs_and_exact_jvp_match_the_explicit_python_oracle[exceptional]
tests/test_rf02b_scalar_ops.py::test_rhs_and_exact_jvp_match_the_explicit_python_oracle[type_ix_d]
tests/test_rf02b_scalar_ops.py::test_rhs_and_exact_jvp_match_the_explicit_python_oracle[type_ix_d_future]
  /home/runner/work/_temp/r4-extract/BASS_NATIVE_REPRO_BASS-RF01-NATIVE-20260825T035620Z/source/bianchi/backend.py:50: UnverifiedNativeDevelopmentWarning: UNVERIFIED_DEVELOPMENT_NATIVE_PAYLOAD:route=background.chart_jvp;reason=installed_file_size_mismatch:bianchi_rustcore-0.1.0.dist-info/sboms/bianchi_rustcore.cyclonedx.json;origin=/home/runner/work/_temp/rf02b-venv/lib/python3.12/site-packages/bianchi_rustcore/bianchi_rustcore.cpython-312-x86_64-linux-gnu.so
    selected = select_backend(

tests/test_rf02b_scalar_ops.py::test_signed_constraints_and_projection_match_python_authority[class_a]
tests/test_rf02b_scalar_ops.py::test_signed_constraints_and_projection_match_python_authority[class_b]
tests/test_rf02b_scalar_ops.py::test_signed_constraints_and_projection_match_python_authority[class_b]
tests/test_rf02b_scalar_ops.py::test_signed_constraints_and_projection_match_python_authority[exceptional]
tests/test_rf02b_scalar_ops.py::test_signed_constraints_and_projection_match_python_authority[type_ix_d]
tests/test_rf02b_scalar_ops.py::test_signed_constraints_and_projection_match_python_authority[type_ix_d]
tests/test_rf02b_scalar_ops.py::test_signed_constraints_and_projection_match_python_authority[type_ix_d_future]
  /home/runner/work/_temp/r4-extract/BASS_NATIVE_REPRO_BASS-RF01-NATIVE-20260825T035620Z/source/bianchi/backend.py:50: UnverifiedNativeDevelopmentWarning: UNVERIFIED_DEVELOPMENT_NATIVE_PAYLOAD:route=background.chart_constraints;reason=installed_file_size_mismatch:bianchi_rustcore-0.1.0.dist-info/sboms/bianchi_rustcore.cyclonedx.json;origin=/home/runner/work/_temp/rf02b-venv/lib/python3.12/site-packages/bianchi_rustcore/bianchi_rustcore.cpython-312-x86_64-linux-gnu.so
    selected = select_backend(

tests/test_rf02b_scalar_ops.py::test_signed_constraints_and_projection_match_python_authority[class_a]
tests/test_rf02b_scalar_ops.py::test_signed_constraints_and_projection_match_python_authority[class_b]
tests/test_rf02b_scalar_ops.py::test_signed_constraints_and_projection_match_python_authority[exceptional]
tests/test_rf02b_scalar_ops.py::test_signed_constraints_and_projection_match_python_authority[type_ix_d]
tests/test_rf02b_scalar_ops.py::test_signed_constraints_and_projection_match_python_authority[type_ix_d_future]
  /home/runner/work/_temp/r4-extract/BASS_NATIVE_REPRO_BASS-RF01-NATIVE-20260825T035620Z/source/bianchi/backend.py:50: UnverifiedNativeDevelopmentWarning: UNVERIFIED_DEVELOPMENT_NATIVE_PAYLOAD:route=background.chart_project;reason=installed_file_size_mismatch:bianchi_rustcore-0.1.0.dist-info/sboms/bianchi_rustcore.cyclonedx.json;origin=/home/runner/work/_temp/rf02b-venv/lib/python3.12/site-packages/bianchi_rustcore/bianchi_rustcore.cpython-312-x86_64-linux-gnu.so
    selected = select_backend(

-- Docs: https://docs.pytest.org/en/stable/how-to/capture-warnings.html
22 passed, 23 warnings in 5.73s
