{
  "scope": "TEST_ONLY_PYTHON_ORACLE_MUTANTS_NOT_NATIVE",
  "native_mutation_claim": false,
  "source_sha256": "95dd8b708bde8209bbcedb027f3f08b2aeb34c83af0ef153e345a3c529daa016",
  "mutations": [
    {
      "mutation": "normal_frame_rate_removed",
      "selector": "test_paired_grid_conserves_independent_rate_dual_not_naive_weights",
      "exit_code": 1,
      "assertion_failures": 1,
      "collection_or_runtime_errors": 0,
      "result": "KILLED_ORACLE_MUTANT",
      "log_sha256": "4b4d8a447818f1e9e2863a3af1b79b5429ff4d3d62d77c2cf5bc3fa3473363e5"
    },
    {
      "mutation": "kato_added_instead_of_subtracted",
      "selector": "test_scalar_aem2_converges_to_A_plus_C_without_extra_K",
      "exit_code": 1,
      "assertion_failures": 1,
      "collection_or_runtime_errors": 0,
      "result": "KILLED_ORACLE_MUTANT",
      "log_sha256": "700ecb14bdb42aba80b781d31a3128ca399029ed742e435e67e1eadb74700084"
    },
    {
      "mutation": "polarized_thomson_gain_halved",
      "selector": "test_rank9_rest_collision_and_complex_hermitian_psd",
      "exit_code": 1,
      "assertion_failures": 1,
      "collection_or_runtime_errors": 0,
      "result": "KILLED_ORACLE_MUTANT",
      "log_sha256": "cf8a984eecaad2523f9b7e229a4b415964db70acc67d1defe48bdb763c74b1dc"
    }
  ]
}
