🐍 Found CPython 3.12 at /tmp/bass-rf03-r4.TxQxOk/venv/bin/python
🔗 Found pyo3 bindings
   Compiling bianchi_rustcore v0.1.0 (/tmp/bass-rf04-native-slice.fhxMnS/worktree/_rustcore)
warning: function `lebedev26` is never used
   --> src/kinetic/rf04_typeii.rs:636:4
    |
636 | fn lebedev26() -> (Vec<[f64; 3]>, Vec<f64>) {
    |    ^^^^^^^^^
    |
    = note: `#[warn(dead_code)]` (part of `#[warn(unused)]`) on by default

warning: function `rf04_deterministic_batch_probe` is never used
   --> src/kinetic/rf04_typeii.rs:673:8
    |
673 | pub fn rf04_deterministic_batch_probe(threads: usize) -> Result<Vec<f64>, Rf04Error> {
    |        ^^^^^^^^^^^^^^^^^^^^^^^^^^^^^^

warning: constant `FORMULA_AUTHORITY_SHA256` is never used
 --> src/kinetic/../../../generated/rust/typeii/typeii_background.rs:4:11
  |
4 | pub const FORMULA_AUTHORITY_SHA256: &str =
  |           ^^^^^^^^^^^^^^^^^^^^^^^^

warning: function `jvp` is never used
  --> src/kinetic/../../../generated/rust/typeii/typeii_background.rs:52:8
   |
52 | pub fn jvp(state: &[f64; 5], gamma: f64, direction: &[f64; 5]) -> [f64; 5] {
   |        ^^^

warning: variant `CallerDividedResidualEstimate` is never constructed
  --> src/kinetic/../../../runtime/rust/typeii/typeii_krylov_adapt.rs:43:5
   |
37 | pub enum AdaptiveKrylovTargetSemantics {
   |          ----------------------------- variant in this enum
...
43 |     CallerDividedResidualEstimate { divisor: f64 },
   |     ^^^^^^^^^^^^^^^^^^^^^^^^^^^^^
   |
   = note: `AdaptiveKrylovTargetSemantics` has derived impls for the traits `Debug` and `Clone`, but these are intentionally ignored during dead code analysis

warning: fields `requested` and `floor` are never read
   --> src/kinetic/../../../runtime/rust/typeii/typeii_krylov_adapt.rs:176:9
    |
175 |     ToleranceBelowArithmeticFloor {
    |     ----------------------------- fields in this variant
176 |         requested: f64,
    |         ^^^^^^^^^
177 |         floor: f64,
    |         ^^^^^
    |
    = note: `AdaptiveKrylovError` has derived impls for the traits `Clone` and `Debug`, but these are intentionally ignored during dead code analysis

warning: field `field` is never read
   --> src/kinetic/../../../runtime/rust/typeii/typeii_krylov_adapt.rs:180:9
    |
179 |     InvalidKatoDomain {
    |     ----------------- field in this variant
180 |         field: &'static str,
    |         ^^^^^
    |
    = note: `AdaptiveKrylovError` has derived impls for the traits `Clone` and `Debug`, but these are intentionally ignored during dead code analysis

warning: field `error_ratio` is never read
   --> src/kinetic/../../../runtime/rust/typeii/typeii_krylov_adapt.rs:195:9
    |
194 |     DidNotConverge {
    |     -------------- field in this variant
195 |         error_ratio: f64,
    |         ^^^^^^^^^^^
    |
    = note: `AdaptiveKrylovError` has derived impls for the traits `Clone` and `Debug`, but these are intentionally ignored during dead code analysis

warning: field `source` is never read
   --> src/kinetic/../../../runtime/rust/typeii/typeii_krylov_adapt.rs:199:9
    |
198 |     KatoSubactionFailed {
    |     ------------------- field in this variant
199 |         source: Box<AdaptiveKrylovError>,
    |         ^^^^^^
    |
    = note: `AdaptiveKrylovError` has derived impls for the traits `Clone` and `Debug`, but these are intentionally ignored during dead code analysis

warning: variants `InvalidResidualBudgetDivisor` and `SingularPadeSolve` are never constructed
   --> src/kinetic/../../../runtime/rust/typeii/typeii_krylov_adapt.rs:172:5
    |
170 | pub enum AdaptiveKrylovError {
    |          ------------------- variants in this enum
171 |     InvalidOptions,
172 |     InvalidResidualBudgetDivisor {
    |     ^^^^^^^^^^^^^^^^^^^^^^^^^^^^
...
193 |     SingularPadeSolve,
    |     ^^^^^^^^^^^^^^^^^
    |
    = note: `AdaptiveKrylovError` has derived impls for the traits `Clone` and `Debug`, but these are intentionally ignored during dead code analysis

warning: function `adaptive_expm_action_with_residual_budget_divisor` is never used
   --> src/kinetic/../../../runtime/rust/typeii/typeii_krylov_adapt.rs:685:8
    |
685 | pub fn adaptive_expm_action_with_residual_budget_divisor<F>(
    |        ^^^^^^^^^^^^^^^^^^^^^^^^^^^^^^^^^^^^^^^^^^^^^^^^^

warning: function `adaptive_phi1_action` is never used
   --> src/kinetic/../../../runtime/rust/typeii/typeii_krylov_adapt.rs:951:8
    |
951 | pub fn adaptive_phi1_action<F>(
    |        ^^^^^^^^^^^^^^^^^^^^

warning: struct `KrylovOptions` is never constructed
 --> src/kinetic/../../../runtime/rust/typeii/typeii_runtime.rs:7:12
  |
7 | pub struct KrylovOptions {
  |            ^^^^^^^^^^^^^

warning: associated function `full` is never used
  --> src/kinetic/../../../runtime/rust/typeii/typeii_runtime.rs:14:12
   |
13 | impl KrylovOptions {
   | ------------------ associated function in this implementation
14 |     pub fn full(n: usize) -> Self {
   |            ^^^^

warning: variants `OperatorDimensionMismatch`, `SingularPadeSolve`, `KrylovDidNotConverge`, and `SubspaceTooSmall` are never constructed
  --> src/kinetic/../../../runtime/rust/typeii/typeii_runtime.rs:26:5
   |
24 | pub enum RuntimeError {
   |          ------------ variants in this enum
25 |     DimensionMismatch,
26 |     OperatorDimensionMismatch,
   |     ^^^^^^^^^^^^^^^^^^^^^^^^^
27 |     SingularPadeSolve,
   |     ^^^^^^^^^^^^^^^^^
28 |     KrylovDidNotConverge { estimate: f64 },
   |     ^^^^^^^^^^^^^^^^^^^^
29 |     SubspaceTooSmall { requested: usize, dimension: usize },
   |     ^^^^^^^^^^^^^^^^
   |
   = note: `RuntimeError` has derived impls for the traits `Clone` and `Debug`, but these are intentionally ignored during dead code analysis

warning: function `dot` is never used
  --> src/kinetic/../../../runtime/rust/typeii/typeii_runtime.rs:32:4
   |
32 | fn dot(a: &[f64], b: &[f64]) -> f64 {
   |    ^^^

warning: function `norm2` is never used
  --> src/kinetic/../../../runtime/rust/typeii/typeii_runtime.rs:36:4
   |
36 | fn norm2(a: &[f64]) -> f64 {
   |    ^^^^^

warning: function `matrix_one_norm` is never used
  --> src/kinetic/../../../runtime/rust/typeii/typeii_runtime.rs:40:4
   |
40 | fn matrix_one_norm(a: &DMatrix<f64>) -> f64 {
   |    ^^^^^^^^^^^^^^^

warning: function `expm_pade13` is never used
  --> src/kinetic/../../../runtime/rust/typeii/typeii_runtime.rs:46:4
   |
46 | fn expm_pade13(a: &DMatrix<f64>) -> Result<DMatrix<f64>, RuntimeError> {
   |    ^^^^^^^^^^^

warning: function `arnoldi_once` is never used
   --> src/kinetic/../../../runtime/rust/typeii/typeii_runtime.rs:102:4
    |
102 | fn arnoldi_once<F>(
    |    ^^^^^^^^^^^^

warning: function `expm_action_split` is never used
   --> src/kinetic/../../../runtime/rust/typeii/typeii_runtime.rs:168:4
    |
168 | fn expm_action_split<F>(
    |    ^^^^^^^^^^^^^^^^^

warning: function `expm_action` is never used
   --> src/kinetic/../../../runtime/rust/typeii/typeii_runtime.rs:191:8
    |
191 | pub fn expm_action<F>(
    |        ^^^^^^^^^^^

warning: function `phi1_action` is never used
   --> src/kinetic/../../../runtime/rust/typeii/typeii_runtime.rs:203:8
    |
203 | pub fn phi1_action<F>(
    |        ^^^^^^^^^^^

warning: function `kato_aem2_step` is never used
   --> src/kinetic/../../../runtime/rust/typeii/typeii_runtime.rs:265:8
    |
265 | pub fn kato_aem2_step(
    |        ^^^^^^^^^^^^^^

warning: method `pressure` is never used
  --> src/matter/eos.rs:33:12
   |
12 | impl GammaLawModel {
   | ------------------ method in this implementation
...
33 |     pub fn pressure(self, rest_density: f64) -> Result<f64, MatterError> {
   |            ^^^^^^^^

warning: constant `BACKGROUND_RTOL` is never used
  --> src/ode/background/events.rs:10:7
   |
10 | const BACKGROUND_RTOL: f64 = 1.0e-10;
   |       ^^^^^^^^^^^^^^^

warning: constant `BACKGROUND_ATOL` is never used
  --> src/ode/background/events.rs:11:7
   |
11 | const BACKGROUND_ATOL: f64 = 1.0e-12;
   |       ^^^^^^^^^^^^^^^

warning: variant `Neg` is never constructed
  --> src/ode/background/events.rs:26:5
   |
19 | pub(crate) enum EventExpression {
   |                 --------------- variant in this enum
...
26 |     Neg(Box<EventExpression>),
   |     ^^^
   |
   = note: `EventExpression` has derived impls for the traits `Debug` and `Clone`, but these are intentionally ignored during dead code analysis

warning: struct `CarrierCertificateInput` is never constructed
  --> src/ode/background/events.rs:73:19
   |
73 | pub(crate) struct CarrierCertificateInput<'a> {
   |                   ^^^^^^^^^^^^^^^^^^^^^^^

warning: enum `InitialDomainClassification` is never used
  --> src/ode/background/events.rs:90:17
   |
90 | pub(crate) enum InitialDomainClassification {
   |                 ^^^^^^^^^^^^^^^^^^^^^^^^^^^

warning: constant `CLOSED_AST_OPS` is never used
  --> src/ode/background/events.rs:99:18
   |
99 | pub(crate) const CLOSED_AST_OPS: [&str; 7] = [
   |                  ^^^^^^^^^^^^^^

warning: function `certify_carrier_subsegment` is never used
   --> src/ode/background/events.rs:521:15
    |
521 | pub(crate) fn certify_carrier_subsegment(
    |               ^^^^^^^^^^^^^^^^^^^^^^^^^^

warning: function `domain_margin` is never used
   --> src/ode/background/events.rs:592:15
    |
592 | pub(crate) fn domain_margin(
    |               ^^^^^^^^^^^^^

warning: function `initial_domain_classification` is never used
   --> src/ode/background/events.rs:613:15
    |
613 | pub(crate) fn initial_domain_classification(
    |               ^^^^^^^^^^^^^^^^^^^^^^^^^^^^^

warning: methods `coefficients` and `mul` are never used
   --> src/ode/background/exact.rs:88:19
    |
 61 | impl ExactPolynomial {
    | -------------------- methods in this implementation
...
 88 |     pub(crate) fn coefficients(&self) -> &[BigRational] {
    |                   ^^^^^^^^^^^^
...
157 |     pub(crate) fn mul(&self, rhs: &Self) -> Self {
    |                   ^^^

warning: associated items `from_bytes` and `as_bytes` are never used
  --> src/ode/background/history.rs:38:19
   |
28 | impl StateDigest {
   | ---------------- associated items in this implementation
...
38 |     pub(crate) fn from_bytes(bytes: [u8; 32]) -> Self {
   |                   ^^^^^^^^^^
...
42 |     pub(crate) fn as_bytes(&self) -> &[u8; 32] {
   |                   ^^^^^^^^

warning: method `freeze_epsilon` is never used
   --> src/ode/background/history.rs:337:19
    |
336 | impl EventRecord {
    | ---------------- method in this implementation
337 |     pub(crate) fn freeze_epsilon(&mut self, epsilon_g: f64) {
    |                   ^^^^^^^^^^^^^^

warning: method `as_str` is never used
   --> src/ode/background/history.rs:367:19
    |
366 | impl AllowedRearmSide {
    | --------------------- method in this implementation
367 |     pub(crate) fn as_str(self) -> &'static str {
    |                   ^^^^^^

warning: function `apply_mass` is never used
 --> src/ode/background/type_ix_dae.rs:9:15
  |
9 | pub(crate) fn apply_mass(input: &[f64; 7]) -> [f64; 7] {
  |               ^^^^^^^^^^

warning: `bianchi_rustcore` (lib) generated 39 warnings
    Finished `release` profile [optimized] target(s) in 26.79s
📦 Built wheel for CPython 3.12 to /tmp/bass-rf04-scalar-proof.SzAsUr/repair-wheels/bianchi_rustcore-0.1.0-cp312-cp312-manylinux_2_34_x86_64.whl
