   Compiling proc-macro2 v1.0.107
   Compiling autocfg v1.5.1
   Compiling quote v1.0.47
   Compiling unicode-ident v1.0.24
   Compiling libm v0.2.16
   Compiling bytemuck v1.25.2
   Compiling rand_core v0.6.4
   Compiling crossbeam-utils v0.8.22
   Compiling libc v0.2.189
   Compiling crossbeam-epoch v0.9.20
   Compiling cfg-if v1.0.4
   Compiling crossbeam-deque v0.8.7
   Compiling nano-gemm-codegen v0.2.1
   Compiling version_check v0.9.5
   Compiling rayon-core v1.13.0
   Compiling bitflags v2.13.1
   Compiling paste v1.0.15
   Compiling either v1.17.0
   Compiling pulp-wasm-simd-flag v0.1.1
   Compiling reborrow v0.5.5
   Compiling target-lexicon v0.13.5
   Compiling dyn-stack-macros v0.1.3
   Compiling once_cell v1.21.4
   Compiling memchr v2.8.3
   Compiling ucd-trie v0.1.7
   Compiling getrandom v0.3.4
   Compiling syn v1.0.109
   Compiling zerocopy v0.8.55
   Compiling rand v0.8.7
   Compiling raw-cpuid v11.6.0
   Compiling seq-macro v0.3.6
   Compiling nano-gemm-core v0.2.1
   Compiling rawpointer v0.2.1
   Compiling defer v0.2.1
   Compiling safe_arch v1.1.0
   Compiling equator-macro v0.6.0
   Compiling thiserror v2.0.19
   Compiling serde_core v1.0.229
   Compiling generativity v1.2.1
   Compiling byteorder v1.5.0
   Compiling dyn-stack v0.13.2
   Compiling pulp v0.22.3
   Compiling zmij v1.0.23
   Compiling diffsol-la v0.1.0
   Compiling typenum v1.20.1
   Compiling heck v0.5.0
   Compiling equivalent v1.0.2
   Compiling num-traits v0.2.19
   Compiling matrixmultiply v0.3.11
   Compiling serde_json v1.0.151
   Compiling foldhash v0.1.5
   Compiling pest v2.8.8
   Compiling serde v1.0.229
   Compiling hashbrown v0.17.1
   Compiling crossbeam-queue v0.3.13
   Compiling crossbeam-channel v0.5.16
   Compiling equator v0.6.0
   Compiling nano-gemm-c64 v0.2.1
   Compiling nano-gemm-f32 v0.2.1
   Compiling nano-gemm-f64 v0.2.1
   Compiling nano-gemm-c32 v0.2.1
   Compiling wide v1.5.0
   Compiling hashbrown v0.15.5
   Compiling pyo3-build-config v0.29.0
   Compiling fixedbitset v0.5.7
   Compiling diffsol v0.16.1
   Compiling itoa v1.0.18
   Compiling log v0.4.33
   Compiling rustc-hash v2.1.3
   Compiling syn v2.0.119
   Compiling syn v3.0.3
   Compiling indexmap v2.14.0
   Compiling crossbeam v0.8.4
   Compiling rayon v1.12.0
   Compiling pyo3-ffi v0.29.0
   Compiling pyo3 v0.29.0
   Compiling numpy v0.29.0
   Compiling atomic-wait v1.1.0
   Compiling num_cpus v1.17.0
   Compiling rand_core v0.9.5
   Compiling pest_meta v2.8.8
   Compiling petgraph v0.8.3
   Compiling num-complex v0.4.6
   Compiling num-integer v0.1.46
   Compiling approx v0.5.1
   Compiling num-bigint v0.4.8
   Compiling ndarray v0.17.2
   Compiling thiserror-impl v2.0.19
   Compiling serde_derive v1.0.229
   Compiling num-rational v0.4.2
   Compiling interpol v0.2.1
   Compiling simba v0.10.0
   Compiling private-gemm-x86 v0.1.20
   Compiling pest_generator v2.8.8
   Compiling pyo3-macros-backend v0.29.0
   Compiling equator-macro v0.4.2
   Compiling equator-macro v0.2.1
   Compiling nalgebra-macros v0.3.0
   Compiling ppv-lite86 v0.2.21
   Compiling pest_derive v2.8.8
   Compiling rand_chacha v0.9.0
   Compiling py_literal v0.4.0
   Compiling equator v0.2.2
   Compiling rand v0.9.5
   Compiling equator v0.4.2
   Compiling spindle v0.2.6
   Compiling npyz v0.8.4
   Compiling gemm-common v0.19.0
   Compiling qd v0.8.0
   Compiling rand_distr v0.5.1
   Compiling faer-traits v0.24.0
   Compiling gemm-f64 v0.19.0
   Compiling gemm-c32 v0.19.0
   Compiling gemm-c64 v0.19.0
   Compiling gemm-f32 v0.19.0
   Compiling gemm v0.19.0
   Compiling pyo3-macros v0.29.0
   Compiling nalgebra v0.35.0
   Compiling nano-gemm v0.2.2
   Compiling faer v0.24.4
   Compiling diffsol-nl v0.1.0
   Compiling bianchi_rustcore v0.1.0 (/tmp/bass-rf04-native-slice.fhxMnS/worktree/_rustcore)
warning: variants `Input`, `PhysicalDomain`, and `Member` are never constructed
  --> src/kinetic/rf04_typeii.rs:23:5
   |
22 | pub enum Rf04Error {
   |          --------- variants in this enum
23 |     Input { code: &'static str, detail: String },
   |     ^^^^^
24 |     Capability { code: &'static str, detail: String },
25 |     PhysicalDomain { code: &'static str, detail: String },
   |     ^^^^^^^^^^^^^^
26 |     Certificate { code: &'static str, detail: String },
27 |     Member { code: &'static str, detail: String },
   |     ^^^^^^
   |
   = note: `Rf04Error` has derived impls for the traits `Debug` and `Clone`, but these are intentionally ignored during dead code analysis
   = note: `#[warn(dead_code)]` (part of `#[warn(unused)]`) on by default

warning: fields `left_invariant_drift`, `projector_idempotence_residual`, and `positivity_margin` are never read
  --> src/kinetic/rf04_typeii.rs:61:9
   |
58 | pub struct ScalarDiagnostics {
   |            ----------------- fields in this struct
...
61 |     pub left_invariant_drift: Vec<f64>,
   |         ^^^^^^^^^^^^^^^^^^^^
62 |     pub projected_residual_estimate: Vec<f64>,
63 |     pub projector_idempotence_residual: Vec<f64>,
   |         ^^^^^^^^^^^^^^^^^^^^^^^^^^^^^^
64 |     pub positivity_margin: Vec<f64>,
   |         ^^^^^^^^^^^^^^^^^
   |
   = note: `ScalarDiagnostics` has derived impls for the traits `Debug` and `Clone`, but these are intentionally ignored during dead code analysis

warning: variant `Neg` is never constructed
  --> src/ode/background/events.rs:26:5
   |
19 | pub(crate) enum EventExpression {
   |                 --------------- variant in this enum
...
26 |     Neg(Box<EventExpression>),
   |     ^^^
   |
   = note: `EventExpression` has derived impls for the traits `Debug` and `Clone`, but these are intentionally ignored during dead code analysis

warning: methods `coefficients` and `mul` are never used
   --> src/ode/background/exact.rs:88:19
    |
 61 | impl ExactPolynomial {
    | -------------------- methods in this implementation
...
 88 |     pub(crate) fn coefficients(&self) -> &[BigRational] {
    |                   ^^^^^^^^^^^^
...
157 |     pub(crate) fn mul(&self, rhs: &Self) -> Self {
    |                   ^^^

warning: associated items `from_bytes` and `as_bytes` are never used
  --> src/ode/background/history.rs:38:19
   |
28 | impl StateDigest {
   | ---------------- associated items in this implementation
...
38 |     pub(crate) fn from_bytes(bytes: [u8; 32]) -> Self {
   |                   ^^^^^^^^^^
...
42 |     pub(crate) fn as_bytes(&self) -> &[u8; 32] {
   |                   ^^^^^^^^

warning: method `freeze_epsilon` is never used
   --> src/ode/background/history.rs:337:19
    |
336 | impl EventRecord {
    | ---------------- method in this implementation
337 |     pub(crate) fn freeze_epsilon(&mut self, epsilon_g: f64) {
    |                   ^^^^^^^^^^^^^^

warning: method `as_str` is never used
   --> src/ode/background/history.rs:367:19
    |
366 | impl AllowedRearmSide {
    | --------------------- method in this implementation
367 |     pub(crate) fn as_str(self) -> &'static str {
    |                   ^^^^^^

warning: `bianchi_rustcore` (lib test) generated 7 warnings
    Finished `test` profile [unoptimized + debuginfo] target(s) in 40.76s
     Running unittests src/lib.rs (/tmp/bass-rf04-scalar-proof.SzAsUr/target/debug/deps/bianchi_rustcore-19049eac26c6cf05)

running 3 tests

thread 'kinetic::rf04_contract_tests::rf04_scalar_raw_batch_isolates_invalid_member_after_shared_plan_validation' (3625893) panicked at src/kinetic/rf04_contract_tests.rs:234:6:
shared plan is valid: Certificate { code: "RF04_KRYLOV_CERTIFICATE_FAILURE", detail: "scalar raw native batch owner is not integrated" }
note: run with `RUST_BACKTRACE=1` environment variable to display a backtrace

thread 'kinetic::rf04_contract_tests::rf04_scalar_raw_owner_matches_independent_dense_fixture' (3625895) panicked at src/kinetic/rf04_contract_tests.rs:171:6:
scalar raw owner must execute: Certificate { code: "RF04_KRYLOV_CERTIFICATE_FAILURE", detail: "scalar raw native owner is not integrated" }
test kinetic::rf04_contract_tests::rf04_scalar_raw_executor_rejects_known_but_unimplemented_combinations ... ok
test kinetic::rf04_contract_tests::rf04_scalar_raw_batch_isolates_invalid_member_after_shared_plan_validation ... FAILED
test kinetic::rf04_contract_tests::rf04_scalar_raw_owner_matches_independent_dense_fixture ... FAILED

failures:

failures:
    kinetic::rf04_contract_tests::rf04_scalar_raw_batch_isolates_invalid_member_after_shared_plan_validation
    kinetic::rf04_contract_tests::rf04_scalar_raw_owner_matches_independent_dense_fixture

test result: FAILED. 1 passed; 2 failed; 0 ignored; 0 measured; 194 filtered out; finished in 0.00s

error: test failed, to rerun pass `--lib`
