python=Python 3.12.3 (main, Jul 15 2026, 23:46:41) [GCC 13.3.0]
python_executable=/usr/bin/python3
pytest=pytest 9.1.1
maturin=maturin 1.3.2
rustc=rustc 1.94.1 (e408947bf 2026-03-25)
binary: rustc
commit-hash: e408947bfd200af42db322daf0fadfe7e26d3bd1
commit-date: 2026-03-25
host: x86_64-unknown-linux-gnu
release: 1.94.1
LLVM version: 21.1.8
cargo=cargo 1.94.1 (29ea6fb6a 2026-03-24)
release: 1.94.1
commit-hash: 29ea6fb6a5db279426f4cc4e17aa385f05a0cfbc
commit-date: 2026-03-24
host: x86_64-unknown-linux-gnu
libgit2: 1.9.2 (sys:0.20.3 vendored)
libcurl: 8.15.0-DEV (sys:0.4.83+curl-8.15.0 vendored ssl:OpenSSL/3.5.4)
ssl: OpenSSL 3.5.4 30 Sep 2025
os: Ubuntu 24.4.0 (noble) [64-bit]
git=git version 2.43.0
