{
  "direction_dependent_projector_difference": [
    [
      "-(q1 - q2)/(2*(q1 + q2))",
      "(q1 - q2)/(2*(q1 + q2))"
    ],
    [
      "-(q1 - q2)/(2*(q1 + q2))",
      "(q1 - q2)/(2*(q1 + q2))"
    ]
  ],
  "global_scalar_projector_residual": [
    [
      "0",
      "0"
    ],
    [
      "0",
      "0"
    ]
  ],
  "paired_doppler_derivative_residual": "0",
  "paired_doppler_identity_residual": "0",
  "projector_idempotence_residual": [
    [
      "0",
      "0"
    ],
    [
      "0",
      "0"
    ]
  ],
  "rate_log_derivative_residual": "0",
  "right_kernel_residual": [
    "0",
    "0"
  ],
  "status": "PASS_EXACT_RATE_DUAL_WITNESS",
  "transformed_full_left_residual": [
    "0",
    "0"
  ],
  "transformed_left_residual": [
    "0",
    "0"
  ],
  "unchanged_left_residual": [
    "-q1 + q2",
    "q1 - q2"
  ]
}
