{
  "claim_class": "BOUNDED_DISCRETE_NUMERICAL_WITNESS_NOT_CONTINUUM_THEOREM",
  "finite_difference": {
    "doppler_error": [
      2.731083519058597e-10,
      2.7353896925319532e-11,
      2.780147639880326e-12,
      6.178564604386594e-13,
      1.2270809368608582e-12,
      4.7315259349423044e-12,
      2.03966058452687e-11,
      2.8198036787496772e-11,
      1.99557814717366e-10,
      4.766605062045404e-10,
      1.3435615675572166e-09,
      4.253063031096904e-09,
      1.8728469060314e-08
    ],
    "e_error": [
      1.246127593473867e-10,
      1.2476471245026488e-11,
      1.2766957629972708e-12,
      3.083601082809473e-13,
      1.2208610858377433e-12,
      3.729098193433478e-12,
      1.0073493688506074e-11,
      2.2644655248149625e-11,
      1.255836745359118e-10,
      2.7285575578475663e-10,
      9.598225131357552e-10,
      2.9151182336095705e-09,
      1.0246789913966048e-08
    ],
    "h": [
      0.01,
      0.0031622776601683794,
      0.001,
      0.00031622776601683794,
      0.0001,
      3.1622776601683795e-05,
      9.999999999999999e-06,
      3.162277660168379e-06,
      1e-06,
      3.162277660168379e-07,
      1e-07,
      3.162277660168379e-08,
      1e-08
    ],
    "minimum_doppler_error": 6.178564604386594e-13,
    "minimum_e_error": 3.083601082809473e-13,
    "minimum_rate_error": 9.270709200315252e-14,
    "rate_error": [
      6.014540913923394e-10,
      6.01479807800509e-11,
      6.033156613183266e-12,
      6.3277074552337e-13,
      9.270709200315252e-14,
      7.047448562225167e-13,
      1.9770482993786143e-12,
      6.848703895667718e-12,
      1.98862211420181e-11,
      7.194759371609294e-11,
      1.2281442963307798e-10,
      7.101401315948164e-10,
      1.705486090677541e-09
    ]
  },
  "global_scalar_cancellation": {
    "generator_ratio": [
      1e-08,
      9.999999999999994e-08,
      9.999999999999997e-07,
      9.999999999999996e-06,
      9.999999999999996e-05,
      0.0009999999999999998,
      0.009999999999999997,
      0.09999999999999999,
      1.0,
      9.999999999999998,
      99.99999999999997,
      999.9999999999997,
      9999.999999999996,
      99999.99999999997,
      999999.9999999995,
      9999999.999999996,
      99999999.99999999
    ],
    "max_generator_linearity_error": 5.551115123125783e-16,
    "max_projector_error": 0.0,
    "projector_error": [
      0.0,
      0.0,
      0.0,
      0.0,
      0.0,
      0.0,
      0.0,
      0.0,
      0.0,
      0.0,
      0.0,
      0.0,
      0.0,
      0.0,
      0.0,
      0.0,
      0.0
    ],
    "scale": [
      1e-08,
      1e-07,
      1e-06,
      9.999999999999999e-06,
      0.0001,
      0.001,
      0.01,
      0.1,
      1.0,
      10.0,
      100.0,
      1000.0,
      10000.0,
      100000.0,
      1000000.0,
      10000000.0,
      100000000.0
    ]
  },
  "mutations": {
    "correct": [
      4.279392149538586e-18,
      1.7255613506203975e-18,
      2.898943069042268e-18,
      3.796234971364874e-18,
      2.6228532529430045e-18,
      3.589167609290427e-18,
      4.003302333439322e-18,
      3.2785665661787553e-18,
      2.0016511667196613e-18,
      6.488110678332695e-18,
      5.280217732898416e-18,
      4.866083008749521e-18,
      3.8480018118834866e-18,
      4.568423675767503e-18,
      7.178335218580853e-18,
      7.109312764556039e-18,
      1.0616311162060811e-17,
      9.076130296618694e-18,
      9.256181151855068e-18,
      4.857590714202753e-18,
      3.4752187155252565e-18,
      5.8082222297449516e-18
    ],
    "double_doppler": [
      0.00017654835755774112,
      0.00048977563520464,
      0.0003780153078084169,
      0.001139312755586098,
      0.0009153928480703929,
      0.0012855628704440195,
      0.002026176795940327,
      0.003369644680518216,
      0.0036950992802184026,
      0.0055480056389697495,
      0.002703657879420901,
      0.005581846846978403,
      0.00863069925915878,
      0.009371371731413978,
      0.010166838184803684,
      0.008496254062897196,
      0.017166093510438164,
      0.012103896645422541,
      0.019936218083771856,
      0.012304610536195998,
      0.014864852591661565,
      0.011684035964103924
    ],
    "maximum_correct_defect": 1.0616311162060811e-17,
    "minimum_hostile_defect": 0.00017545767979002566,
    "omit_direction_factor": [
      0.00017545767979002566,
      0.0004997275703909602,
      0.0003529798457204032,
      0.0011349158013082277,
      0.0009322835007033632,
      0.0011286624988688764,
      0.001976765900772834,
      0.002856614244395197,
      0.003117542112018444,
      0.005331277658940325,
      0.002448429405516949,
      0.005806618604097822,
      0.00817464918448068,
      0.009400936757721195,
      0.010173733575358754,
      0.008518978382285554,
      0.014535969597145707,
      0.011001682826229146,
      0.022243005245017305,
      0.013466740457972057,
      0.017644667063554054,
      0.01367292332765414
    ],
    "speed": [
      0.02,
      0.05,
      0.08,
      0.11,
      0.13999999999999999,
      0.16999999999999998,
      0.19999999999999998,
      0.22999999999999998,
      0.26,
      0.29000000000000004,
      0.32,
      0.35,
      0.38,
      0.41000000000000003,
      0.44,
      0.47,
      0.5,
      0.53,
      0.56,
      0.59,
      0.62,
      0.65
    ],
    "unchanged_left": [
      0.0001754576797900283,
      0.0004997275703909603,
      0.0003529798457204017,
      0.00113491580130823,
      0.0009322835007033635,
      0.001128662498868878,
      0.001976765900772835,
      0.002856614244395199,
      0.0031175421120184397,
      0.0053312776589403265,
      0.0024484294055169492,
      0.005806618604097825,
      0.00817464918448068,
      0.009400936757721199,
      0.010173733575358756,
      0.008518978382285552,
      0.01453596959714571,
      0.01100168282622914,
      0.02224300524501731,
      0.013466740457972054,
      0.017644667063554054,
      0.013672923327654136
    ]
  },
  "randomized": {
    "doppler_e2_formula_residual": 0.0,
    "doppler_rest_formula_residual": 7.224679009679406e-16,
    "left_null_relative_residual": 3.4371302506130754e-17,
    "mutation_detected_double_doppler": 500,
    "mutation_detected_omit_direction_factor": 500,
    "mutation_detected_omit_gamma": 499,
    "mutation_detected_unchanged_left": 500,
    "mutation_eligible_omit_gamma": 499,
    "node_unit_residual": 2.220446049250313e-16,
    "projector_global_scalar_residual": 0.0,
    "random_cases": 500,
    "rate_formula_residual": 2.220446049250313e-16,
    "rate_log_derivative_residual": 1.1102230246251565e-16,
    "so3_generator_residual": 4.93012182556487e-15,
    "so3_left_residual": 1.943114632702936e-15,
    "so3_node_residual": 7.771561172376096e-16,
    "so3_rate_jet_residual": 4.939779000334593e-15,
    "so3_rate_residual": 9.165591780291752e-16
  },
  "schema": "bass8b2b1-rate-dual-numerical-audit-v1",
  "so3": {
    "generator": [
      5.551115123125783e-17,
      5.551115123125783e-17,
      5.551115123125783e-17,
      7.632783294297951e-17,
      8.326672684688674e-17,
      6.938893903907228e-17,
      6.938893903907228e-17,
      8.326672684688674e-17,
      9.540979117872439e-17,
      2.636779683484747e-16,
      2.498001805406602e-16,
      2.498001805406602e-16,
      8.326672684688674e-16,
      8.881784197001252e-16,
      9.43689570931383e-16
    ],
    "left": [
      5.551115123125783e-17,
      6.591949208711867e-17,
      1.1102230246251565e-16,
      1.6653345369377348e-16,
      9.020562075079397e-17,
      2.220446049250313e-16,
      2.7755575615628914e-17,
      1.1102230246251565e-16,
      1.1102230246251565e-16,
      0.0,
      2.220446049250313e-16,
      2.220446049250313e-16,
      2.7755575615628914e-16,
      3.3306690738754696e-16,
      5.551115123125783e-17
    ],
    "max_residual": 9.43689570931383e-16,
    "rate": [
      0.0,
      6.938893903907228e-18,
      6.938893903907228e-18,
      6.938893903907228e-18,
      0.0,
      1.3877787807814457e-17,
      1.3877787807814457e-17,
      1.3877787807814457e-17,
      1.3877787807814457e-17,
      1.3877787807814457e-17,
      4.163336342344337e-17,
      1.734723475976807e-17,
      2.7755575615628914e-17,
      2.0816681711721685e-17,
      1.3877787807814457e-17
    ],
    "rate_jet": [
      4.336808689942018e-19,
      4.336808689942018e-19,
      4.336808689942018e-19,
      4.336808689942018e-19,
      4.336808689942018e-19,
      4.336808689942018e-19,
      4.336808689942018e-19,
      4.336808689942018e-19,
      4.336808689942018e-19,
      4.336808689942018e-19,
      8.673617379884035e-19,
      4.336808689942018e-19,
      8.673617379884035e-19,
      1.0842021724855044e-18,
      1.0842021724855044e-18
    ],
    "speed": [
      0.0,
      0.049999999999999996,
      0.09999999999999999,
      0.15,
      0.19999999999999998,
      0.24999999999999997,
      0.3,
      0.35,
      0.39999999999999997,
      0.44999999999999996,
      0.49999999999999994,
      0.5499999999999999,
      0.6,
      0.6499999999999999,
      0.7
    ]
  },
  "status": "PASS_RATE_DUAL_NUMERICAL_AUDIT"
}
