........F..                                                              [100%]
=================================== FAILURES ===================================
______________ test_hostile_rate_and_left_mutations_are_detected _______________

    def test_hostile_rate_and_left_mutations_are_detected():
        e_rest, w_rest = lebedev26()
        beta = np.array([0.19, -0.08, 0.04])
        beta *= 0.31 / np.linalg.norm(beta)
        out = rate_dual.bind_direction_dependent_rate_dual(
            electron_binding(density=6.0, beta=beta),
            rate_dual.NormalHubbleRateJet(
                tau=0.3,
                H_normal_s=2.4e-18,
                dH_normal_s_dtau=0.0,
                derivative_side=DerivativeSide.INTERIOR,
                coordinate_sha256=H3,
                provenance=HashRef("normal-H", H2),
            ),
            e_rest=e_rest,
            w_rest=w_rest,
            authority=rate_dual.RateDualAuthority.frozen_project_authority(),
        )
>       mutations = out.rate_mutations()
                    ^^^^^^^^^^^^^^^^^^
E       AttributeError: 'RateDualBinding' object has no attribute 'rate_mutations'

tests/test_direction_dependent_rate_dual.py:343: AttributeError
=========================== short test summary info ============================
FAILED tests/test_direction_dependent_rate_dual.py::test_hostile_rate_and_left_mutations_are_detected - AttributeError: 'RateDualBinding' object has no attribute 'rate_mutations'
1 failed, 10 passed in 0.11s
