.............F                                                           [100%]
=================================== FAILURES ===================================
________ test_rate_bound_left_dual_is_derived_from_shape_dual_nodewise _________

    def test_rate_bound_left_dual_is_derived_from_shape_dual_nodewise():
        e_rest, w_rest = lebedev26()
        out = rate_dual.bind_direction_dependent_rate_dual(
            electron_binding(density=5.5, beta=(0.17, -0.06, 0.09)),
            rate_dual.NormalHubbleRateJet(
                tau=0.3,
                H_normal_s=2.3e-18,
                dH_normal_s_dtau=0.0,
                derivative_side=DerivativeSide.INTERIOR,
                coordinate_sha256=H3,
                provenance=HashRef("normal-H", H2),
            ),
            e_rest=e_rest,
            w_rest=w_rest,
            authority=rate_dual.RateDualAuthority.frozen_project_authority(),
        )
        # The no-rate transformed shape has left weights w*q^2.  Multiplication
        # by nu=alpha*gamma*q maps the full left dual to shape_left/nu.  The
        # residual global 1/(alpha*gamma) is irrelevant to the normalized P.
        assert np.max(
            np.abs(
>               out.shape_left_node_weights / out.nu_tau
                ^^^^^^^^^^^^^^^^^^^^^^^^^^^
                - out.full_left_node_weights / out.global_generator_scale
            )
        ) < 2e-14
E       AttributeError: 'RateDualBinding' object has no attribute 'shape_left_node_weights'

tests/test_direction_dependent_rate_dual.py:509: AttributeError
=========================== short test summary info ============================
FAILED tests/test_direction_dependent_rate_dual.py::test_rate_bound_left_dual_is_derived_from_shape_dual_nodewise - AttributeError: 'RateDualBinding' object has no attribute 'shape_left_node_weights'
1 failed, 13 passed in 0.12s
