...........FF                                                            [100%]
=================================== FAILURES ===================================
______ test_frozen_owner_hashes_and_state_jet_consistency_are_fail_closed ______

    def test_frozen_owner_hashes_and_state_jet_consistency_are_fail_closed():
        e_rest, w_rest = lebedev26()
        frozen = rate_dual.RateDualAuthority.frozen_project_authority()
        wrong = rate_dual.RateDualAuthority(
            e2_rate_owner_sha256="8" * 64,
            electron_state_jet_source_sha256=frozen.electron_state_jet_source_sha256,
            carrier_source_sha256=frozen.carrier_source_sha256,
            sigma_t_m2=frozen.sigma_t_m2,
            c_m_s=frozen.c_m_s,
        )
        hubble = rate_dual.NormalHubbleRateJet(
            tau=0.3,
            H_normal_s=2.0e-18,
            dH_normal_s_dtau=0.0,
            derivative_side=DerivativeSide.INTERIOR,
            coordinate_sha256=H3,
            provenance=HashRef("normal-H", H2),
        )
        with pytest.raises(ValueError, match="frozen project owner"):
            rate_dual.bind_direction_dependent_rate_dual(
                electron_binding(), hubble, e_rest=e_rest, w_rest=w_rest, authority=wrong
            )
    
        inconsistent = electron_binding(density=7.0)
        object.__setattr__(inconsistent.state, "proper_density_m3", 8.0)
>       with pytest.raises(ValueError, match="state/jet density mismatch"):
             ^^^^^^^^^^^^^^^^^^^^^^^^^^^^^^^^^^^^^^^^^^^^^^^^^^^^^^^^^^^^^
E       Failed: DID NOT RAISE <class 'ValueError'>

tests/test_direction_dependent_rate_dual.py:458: Failed
_______________ test_metadata_keeps_rows_and_runtime_unpromoted ________________

    def test_metadata_keeps_rows_and_runtime_unpromoted():
        e_rest, w_rest = lebedev26()
        out = rate_dual.bind_direction_dependent_rate_dual(
            electron_binding(beta=(0.1, 0.02, -0.03)),
            rate_dual.NormalHubbleRateJet(
                tau=0.3,
                H_normal_s=2.0e-18,
                dH_normal_s_dtau=0.0,
                derivative_side=DerivativeSide.INTERIOR,
                coordinate_sha256=H3,
                provenance=HashRef("normal-H", H2),
            ),
            e_rest=e_rest,
            w_rest=w_rest,
            authority=rate_dual.RateDualAuthority.frozen_project_authority(),
        )
>       meta = out.authority_metadata()
               ^^^^^^^^^^^^^^^^^^^^^^
E       AttributeError: 'RateDualBinding' object has no attribute 'authority_metadata'

tests/test_direction_dependent_rate_dual.py:480: AttributeError
=========================== short test summary info ============================
FAILED tests/test_direction_dependent_rate_dual.py::test_frozen_owner_hashes_and_state_jet_consistency_are_fail_closed - Failed: DID NOT RAISE <class 'ValueError'>
FAILED tests/test_direction_dependent_rate_dual.py::test_metadata_keeps_rows_and_runtime_unpromoted - AttributeError: 'RateDualBinding' object has no attribute 'authority_metadata'
2 failed, 11 passed in 0.11s
