F                                                                        [100%]
=================================== FAILURES ===================================
______________________ test_rate_dual_binding_api_exists _______________________

    def test_rate_dual_binding_api_exists():
>       module = importlib.import_module("direction_dependent_rate_dual")
                 ^^^^^^^^^^^^^^^^^^^^^^^^^^^^^^^^^^^^^^^^^^^^^^^^^^^^^^^^

tests/test_direction_dependent_rate_dual.py:7: 
_ _ _ _ _ _ _ _ _ _ _ _ _ _ _ _ _ _ _ _ _ _ _ _ _ _ _ _ _ _ _ _ _ _ _ _ _ _ _ _ 
/usr/lib/python3.13/importlib/__init__.py:88: in import_module
    return _bootstrap._gcd_import(name[level:], package, level)
           ^^^^^^^^^^^^^^^^^^^^^^^^^^^^^^^^^^^^^^^^^^^^^^^^^^^^
<frozen importlib._bootstrap>:1387: in _gcd_import
    ???
<frozen importlib._bootstrap>:1360: in _find_and_load
    ???
_ _ _ _ _ _ _ _ _ _ _ _ _ _ _ _ _ _ _ _ _ _ _ _ _ _ _ _ _ _ _ _ _ _ _ _ _ _ _ _ 

name = 'direction_dependent_rate_dual'
import_ = <function _gcd_import at 0x7fbc284ec4a0>

>   ???
E   ModuleNotFoundError: No module named 'direction_dependent_rate_dual'

<frozen importlib._bootstrap>:1324: ModuleNotFoundError
=========================== short test summary info ============================
FAILED tests/test_direction_dependent_rate_dual.py::test_rate_dual_binding_api_exists - ModuleNotFoundError: No module named 'direction_dependent_rate_dual'
1 failed in 0.05s
