F.FF                                                                     [100%]
=================================== FAILURES ===================================
___________ test_model_selector_rejects_before_any_numeric_coercion ____________

    def test_model_selector_rejects_before_any_numeric_coercion() -> None:
        native = _native()
    
        class MustNotCoerce:
            def __float__(self):
                raise AssertionError("numeric coercion preceded model selection")
    
            def __array__(self, *_args, **_kwargs):
                raise AssertionError("array coercion preceded model selection")
    
        poison = MustNotCoerce()
        with pytest.raises(native.RF03ModelError):
            native.rf03_matter_force(
                "constant_w", poison, poison, poison, poison, poison, poison, poison, poison
            )
    
        from bianchi.matter import gamma_law_rust
    
        with pytest.raises(gamma_law_rust.RF03ModelSelectionError):
            gamma_law_rust.force(
                model_id="constant_w",
                gamma=poison,
                state=poison,
                Sigma=poison,
                N=poison,
                A=poison,
                R=poison,
                q=poison,
            )
    
        class MustNotCompare:
            def __eq__(self, _other):
                raise AssertionError("model equality preceded the string type check")
    
        with pytest.raises(gamma_law_rust.RF03ModelSelectionError):
>           gamma_law_rust.force(
                model_id=MustNotCompare(),
                gamma=poison,
                state=poison,
                Sigma=poison,
                N=poison,
                A=poison,
                R=poison,
                q=poison,
            )

tests/rf03/test_native_matter_runtime.py:228: 
_ _ _ _ _ _ _ _ _ _ _ _ _ _ _ _ _ _ _ _ _ _ _ _ _ _ _ _ _ _ _ _ _ _ _ _ _ _ _ _ 
bianchi/matter/gamma_law_rust.py:65: in force
    _require_model_id(model_id)
bianchi/matter/gamma_law_rust.py:21: in _require_model_id
    if model_id != MODEL_ID or not isinstance(model_id, str):
       ^^^^^^^^^^^^^^^^^^^^
_ _ _ _ _ _ _ _ _ _ _ _ _ _ _ _ _ _ _ _ _ _ _ _ _ _ _ _ _ _ _ _ _ _ _ _ _ _ _ _ 

self = <test_native_matter_runtime.test_model_selector_rejects_before_any_numeric_coercion.<locals>.MustNotCompare object at 0x72cc015ee930>
_other = 'explicit_gamma_law_tilted_perfect_fluid_v1'

    def __eq__(self, _other):
>       raise AssertionError("model equality preceded the string type check")
E       AssertionError: model equality preceded the string type check

tests/rf03/test_native_matter_runtime.py:225: AssertionError
______________ test_rf03_tilt_adapters_are_owned_outside_root_lib ______________

    def test_rf03_tilt_adapters_are_owned_outside_root_lib() -> None:
        root = Path(__file__).resolve().parents[2]
        root_lib = (root / "_rustcore/src/lib.rs").read_text(encoding="utf-8")
        tilt_adapter = (root / "_rustcore/src/python/rf03_tilt.rs").read_text(
            encoding="utf-8"
        )
        for symbol in ("th_integrate", "th_rhs", "th_force_and_matrix"):
>           assert f"fn {symbol}" not in root_lib
E           AssertionError: assert 'fn th_integrate' not in '//! bianchi...\n    }\n}\n'
E             
E             'fn th_integrate' is contained here:
E               guments)]
E               fn th_integrate<'py>(
E                   py: Python<'py>,
E                   j0: PyReadonlyArray1<f64>,
E                   geos: PyReadonlyArray2<f64>,...
E             
E             ...Full output truncated (1526 lines hidden), use '-vv' to show

tests/rf03/test_native_matter_runtime.py:449: AssertionError
_______ test_rf03_freeze_inventories_inherited_closure_and_thermo_scope ________

    def test_rf03_freeze_inventories_inherited_closure_and_thermo_scope() -> None:
        root = Path(__file__).resolve().parents[2]
        freeze = json.loads(
            (root / "artifacts/rust_first_runtime/rf03/SCHEMA_AND_ROUTE_FREEZE.json").read_text(
                encoding="utf-8"
            )
        )
>       assert freeze["inherited_tilt_closure"]["modes"] == [
               ^^^^^^^^^^^^^^^^^^^^^^^^^^^^^^^^
            "frozen",
            "ratio",
            "ratio_scalar",
            "zero",
            "phys_sqrt",
            "phys_5w",
            "phys_interp",
        ]
E       KeyError: 'inherited_tilt_closure'

tests/rf03/test_native_matter_runtime.py:460: KeyError
=========================== short test summary info ============================
FAILED tests/rf03/test_native_matter_runtime.py::test_model_selector_rejects_before_any_numeric_coercion
FAILED tests/rf03/test_native_matter_runtime.py::test_rf03_tilt_adapters_are_owned_outside_root_lib
FAILED tests/rf03/test_native_matter_runtime.py::test_rf03_freeze_inventories_inherited_closure_and_thermo_scope
3 failed, 1 passed, 17 deselected in 0.25s
