3.55175194139108141e-1 3.55175194139108141e-1 7.08346115270978694e-21 7.08346115270978694e-21 7.08346115270978694e-21 7.08346115270978694e-21
3.52076113326239559e-1 3.52076113326239559e-1 7.02165441927427205e-21 7.02165441927427205e-21 7.02165441927427205e-21 7.02165441927427205e-21
3.49017093347782525e-1 3.49017093347782525e-1 6.96064664187223650e-21 6.96064664187223650e-21 6.96064664187223650e-21 6.96064664187223650e-21
3.45997449700153281e-1 3.45997449700153281e-1 6.90042416905891569e-21 6.90042416905891569e-21 6.90042416905891569e-21 6.90042416905891569e-21
3.43016512396829620e-1 3.43016512396829620e-1 6.84097363891156927e-21 6.84097363891156927e-21 6.84097363891156927e-21 6.84097363891156927e-21
1.80548679109364368e-1 1.80548679109364368e-1 3.60078512167532975e-21 3.60078512167532975e-21 3.60078512167532975e-21 3.60078512167532975e-21
1.79413555222163262e-1 1.79413555222163262e-1 3.57814669959185283e-21 3.57814669959185283e-21 3.57814669959185283e-21 3.57814669959185283e-21
1.78289021240561479e-1 1.78289021240561479e-1 3.55571947802620975e-21 3.55571947802620975e-21 3.55571947802620975e-21 3.55571947802620975e-21
1.77174946385397464e-1 1.77174946385397464e-1 3.53350084877510731e-21 3.53350084877510731e-21 3.53350084877510731e-21 3.53350084877510731e-21
1.76071201884807071e-1 1.76071201884807071e-1 3.51148824366793008e-21 3.51148824366793008e-21 3.51148824366793008e-21 3.51148824366793008e-21
3.55175131450959358e-1 3.55175131450959358e-1 7.08345990248433783e-21 7.08345990248433783e-21 7.08345990248433783e-21 7.08345990248433783e-21
3.52076051198051909e-1 3.52076051198051909e-1 7.02165318021644659e-21 7.02165318021644659e-21 7.02165318021644659e-21 7.02165318021644659e-21
3.49017031772185737e-1 3.49017031772185737e-1 6.96064541383504560e-21 6.96064541383504560e-21 6.96064541383504560e-21 6.96064541383504560e-21
3.45997388669905093e-1 3.45997388669905093e-1 6.90042295189792214e-21 6.90042295189792214e-21 6.90042295189792214e-21 6.90042295189792214e-21
3.43016451904812669e-1 3.43016451904812669e-1 6.84097243248482752e-21 6.84097243248482752e-21 6.84097243248482752e-21 6.84097243248482752e-21
1.80548565279624346e-1 1.80548565279624346e-1 3.60078285150400356e-21 3.60078285150400356e-21 3.60078285150400356e-21 3.60078285150400356e-21
1.79413442129353728e-1 1.79413442129353728e-1 3.57814444411755158e-21 3.57814444411755158e-21 3.57814444411755158e-21 3.57814444411755158e-21
1.78288908877651947e-1 1.78288908877651947e-1 3.55571723710871896e-21 3.55571723710871896e-21 3.55571723710871896e-21 3.55571723710871896e-21
1.77174834745445986e-1 1.77174834745445986e-1 3.53349862227598121e-21 3.53349862227598121e-21 3.53349862227598121e-21 3.53349862227598121e-21
1.76071090960958687e-1 1.76071090960958687e-1 3.51148603145045623e-21 3.51148603145045623e-21 3.51148603145045623e-21 3.51148603145045623e-21
