AP_SOURCE_BEFORE InputForm[<|wolfram/BASS/Kernel/Authority/BG02Convention.wl -> e0185abaea54816fabd90170a48fb67dd45b27c8d4392734dc3f09d49dfa7efb, wolfram/BASS/Kernel/Geometry/StructureConstants.wl -> becef3c4f6b60e20c4eea1b361832239422ca8286b90dd10474203389e170f75, wolfram/BASS/Kernel/Geometry/LeviCivitaConnection.wl -> 1f28c921734194c5a3b79e8d31ae045f7bfce336e2641e6e01a9232a0cdbc13d, wolfram/BASS/Kernel/Geometry/ONFConnectionCurvature.wl -> c2428d4466f05d88097db8a51f194458618a8f5837c625bb20f402301545a34e, wolfram/BASS/Kernel/Background/EinsteinProjection.wl -> 65a60d806fa280aa4d0ee7843790896cd754880bb1a43239db2a59c1b0be4c5a, docs/bass_master_ssot_v2/BG_02_IMPLEMENTATION/BG_02_CONVENTION_V2.json -> 60dd32c8185d37850a6f0878ba7c461644f332b96f6fcf92ec12823cfd487868, AbstractProjection.wl -> fa5fb9e8e4bf63e228fc535468b8a674f52924e480b045271b6ae5e93da4ee5d, projection_tests.wl -> ae0367f4b86e4f290e54cab3747ab323634b0800f8a46feebb1058a00ac0eea1, run_projection.wls -> c9b9f67ec9ffcb8e7e1be02fc7aabe415d14f50c1ed740824c8557bf48b4afee|>]
AP_XTENSOR_INIT InputForm[{/home/cosmosapjw/.WolframEngine/Applications/xAct/xTensor/Kernel/init.m, de9dc682f479e05d3fca377a15036c823023fa444f3456603317fc0fd8e2b1a0}]
------------------------------------------------------------
Package xAct`xPerm`  version 1.2.4, {2025, 12, 29}
CopyRight (C) 2003-2026, Jose M. Martin-Garcia, under the General Public License.
Connecting to external linux executable...
Connection established.
------------------------------------------------------------
Package xAct`xTensor` version 1.3.0, {2025, 12, 29}
CopyRight (C) 2002-2026, Jose M. Martin-Garcia, under the General Public License.
------------------------------------------------------------
These packages come with ABSOLUTELY NO WARRANTY; for details type Disclaimer[]. This is free software, and you are welcome to redistribute it under certain conditions. See the General Public License for details.
------------------------------------------------------------
AP_PROOF_BEGIN
** DefManifold: Defining manifold BASS`Research`AP1`Private`APM. 
** DefVBundle: Defining vbundle TangentBASS`Research`AP1`Private`APM. 
** DefTensor: Defining symmetric metric tensor BASS`Research`AP1`Private`met[-BASS`Research`AP1`Private`ia, -BASS`Research`AP1`Private`ib]. 
** DefTensor: Defining antisymmetric tensor epsilonBASS`Research`AP1`Private`met[-BASS`Research`AP1`Private`ia, -BASS`Research`AP1`Private`ib, -BASS`Research`AP1`Private`ic, -BASS`Research`AP1`Private`id]. 
** DefTensor: Defining tetrametric TetraBASS`Research`AP1`Private`met[-BASS`Research`AP1`Private`ia, -BASS`Research`AP1`Private`ib, -BASS`Research`AP1`Private`ic, -BASS`Research`AP1`Private`id]. 
** DefTensor: Defining tetrametric TetraBASS`Research`AP1`Private`met†[-BASS`Research`AP1`Private`ia, -BASS`Research`AP1`Private`ib, -BASS`Research`AP1`Private`ic, -BASS`Research`AP1`Private`id]. 
** DefCovD: Defining covariant derivative BASS`Research`AP1`Private`APCD[-BASS`Research`AP1`Private`ia]. 
** DefTensor: Defining vanishing torsion tensor TorsionBASS`Research`AP1`Private`APCD[BASS`Research`AP1`Private`ia, -BASS`Research`AP1`Private`ib, -BASS`Research`AP1`Private`ic]. 
** DefTensor: Defining symmetric Christoffel tensor ChristoffelBASS`Research`AP1`Private`APCD[BASS`Research`AP1`Private`ia, -BASS`Research`AP1`Private`ib, -BASS`Research`AP1`Private`ic]. 
** DefTensor: Defining Riemann tensor RiemannBASS`Research`AP1`Private`APCD[-BASS`Research`AP1`Private`ia, -BASS`Research`AP1`Private`ib, -BASS`Research`AP1`Private`ic, -BASS`Research`AP1`Private`id]. 
** DefTensor: Defining symmetric Ricci tensor RicciBASS`Research`AP1`Private`APCD[-BASS`Research`AP1`Private`ia, -BASS`Research`AP1`Private`ib]. 
** DefCovD: Contractions of Riemann automatically replaced by Ricci.
** DefTensor: Defining Ricci scalar RicciScalarBASS`Research`AP1`Private`APCD[]. 
** DefCovD: Contractions of Ricci automatically replaced by RicciScalar.
** DefTensor: Defining symmetric Einstein tensor EinsteinBASS`Research`AP1`Private`APCD[-BASS`Research`AP1`Private`ia, -BASS`Research`AP1`Private`ib]. 
** DefTensor: Defining Weyl tensor WeylBASS`Research`AP1`Private`APCD[-BASS`Research`AP1`Private`ia, -BASS`Research`AP1`Private`ib, -BASS`Research`AP1`Private`ic, -BASS`Research`AP1`Private`id]. 
** DefTensor: Defining symmetric TFRicci tensor TFRicciBASS`Research`AP1`Private`APCD[-BASS`Research`AP1`Private`ia, -BASS`Research`AP1`Private`ib]. 
** DefTensor: Defining Kretschmann scalar KretschmannBASS`Research`AP1`Private`APCD[]. 
** DefCovD: Computing RiemannToWeylRules for dim 4
** DefCovD: Computing RicciToTFRicci for dim 4
** DefCovD: Computing RicciToEinsteinRules for dim 4
** DefTensor: Defining weight +2 density DetBASS`Research`AP1`Private`met[].      Determinant.
** DefTensor: Defining tensor BASS`Research`AP1`Private`nu[BASS`Research`AP1`Private`ia]. 
** DefTensor: Defining tensor BASS`Research`AP1`Private`KK[-BASS`Research`AP1`Private`ia, -BASS`Research`AP1`Private`ib]. 
** DefTensor: Defining tensor BASS`Research`AP1`Private`LL[-BASS`Research`AP1`Private`ia, -BASS`Research`AP1`Private`ib]. 
** DefTensor: Defining tensor BASS`Research`AP1`Private`ZZ[-BASS`Research`AP1`Private`ia, -BASS`Research`AP1`Private`ib]. 
** DefTensor: Defining tensor BASS`Research`AP1`Private`DA[-BASS`Research`AP1`Private`ia, -BASS`Research`AP1`Private`ib]. 
** DefTensor: Defining tensor BASS`Research`AP1`Private`StressPi[-BASS`Research`AP1`Private`ia, -BASS`Research`AP1`Private`ib]. 
** DefTensor: Defining tensor BASS`Research`AP1`Private`Sigma[-BASS`Research`AP1`Private`ia, -BASS`Research`AP1`Private`ib]. 
** DefTensor: Defining tensor BASS`Research`AP1`Private`LSigma[-BASS`Research`AP1`Private`ia, -BASS`Research`AP1`Private`ib]. 
** DefTensor: Defining tensor BASS`Research`AP1`Private`DK[-BASS`Research`AP1`Private`ia, -BASS`Research`AP1`Private`ib, -BASS`Research`AP1`Private`ic]. 
** DefTensor: Defining tensor BASS`Research`AP1`Private`acc[-BASS`Research`AP1`Private`ia]. 
** DefTensor: Defining tensor BASS`Research`AP1`Private`flux[-BASS`Research`AP1`Private`ia]. 
** DefTensor: Defining tensor BASS`Research`AP1`Private`HH[]. 
** DefTensor: Defining tensor BASS`Research`AP1`Private`HD[]. 
** DefTensor: Defining tensor BASS`Research`AP1`Private`rho[]. 
** DefTensor: Defining tensor BASS`Research`AP1`Private`press[]. 
** DefConstantSymbol: Defining constant symbol BASS`Research`AP1`Private`kappaG. 
** DefConstantSymbol: Defining constant symbol BASS`Research`AP1`Private`lambda. 
AP_TESTS_BEGIN InputForm[{AP00_XTENSOR_RICCI_CONTRACTION, AP01_CURVATURE_SYMMETRIES, AP02_GAUSS_BLOCK, AP03_CODAZZI_BLOCK, AP04_NORMAL_RICCI_BLOCK, AP05_HAMILTONIAN_PROJECTION, AP06_MOMENTUM_PROJECTION, AP07_SPATIAL_TRACE_PROJECTION, AP08_SPATIAL_PSTF_PROJECTION, AP09_FULL_RESIDUAL_RECONSTRUCTION, AP10_EXISTING_CONSUMER_ADAPTER, AP11_LIE_METRIC_TRACE_ADAPTER, AP12_TRACE_MUTATION_NONZERO_WITNESS}]
AP_TEST_EVENT InputForm[<|EventName -> TestEvaluated, EventID -> 376037c4-4b1c-4c0e-9c67-9a58c988759a, TestObject -> TestObject[<|MetaInformation -> None, AbsoluteTime -> 3.997770780010612`15.655422874198232*^9, SameTest -> SameQ, SameMessages -> Testing`MessageMatchQ, MemoryConstraint -> Infinity, TimeConstraint -> Infinity, CreationID -> ae15e9e1-7923-48fc-ac62-b6f6e33a2189, TestID -> AP00_XTENSOR_RICCI_CONTRACTION, TestFileName -> , EvaluationID -> 376037c4-4b1c-4c0e-9c67-9a58c988759a, Input -> HoldForm[residuals$20800[AP00_XTENSOR_RICCI_CONTRACTION]], ExpectedOutput -> HoldForm[0], ExpectedMessages -> HoldForm[{}], ActualOutput -> HoldForm[0], ActualMessages -> {}, AbsoluteTimeUsed -> 0.000067`1.9765898005328202, CPUTimeUsed -> 0.000047999999999603915, MemoryUsed -> 3456, IntermediateTestsTree -> {}, Outcome -> Success, FailureType -> None|>], Outcome -> Success, FailureType -> None|>]
AP_TEST_EVENT InputForm[<|EventName -> TestEvaluated, EventID -> 9937e8ff-e7c7-4e9a-991f-a1251caa154f, TestObject -> TestObject[<|MetaInformation -> None, AbsoluteTime -> 3.997770780045264`15.655422874201996*^9, SameTest -> SameQ, SameMessages -> Testing`MessageMatchQ, MemoryConstraint -> Infinity, TimeConstraint -> Infinity, CreationID -> 22fcf4f2-6722-43bc-af80-86ec71129715, TestID -> AP01_CURVATURE_SYMMETRIES, TestFileName -> , EvaluationID -> 9937e8ff-e7c7-4e9a-991f-a1251caa154f, Input -> HoldForm[residuals$20800[AP01_CURVATURE_SYMMETRIES]], ExpectedOutput -> HoldForm[{0, 0, 0, 0}], ExpectedMessages -> HoldForm[{}], ActualOutput -> HoldForm[{0, 0, 0, 0}], ActualMessages -> {}, AbsoluteTimeUsed -> 0.000046`1.8132728295135683, CPUTimeUsed -> 0.00004299999999801685, MemoryUsed -> 3872, IntermediateTestsTree -> {}, Outcome -> Success, FailureType -> None|>], Outcome -> Success, FailureType -> None|>]
AP_TEST_EVENT InputForm[<|EventName -> TestEvaluated, EventID -> 3f63c5bc-e9b6-48b9-a936-b1ba2d782e7d, TestObject -> TestObject[<|MetaInformation -> None, AbsoluteTime -> 3.997770780045393`15.65542287420201*^9, SameTest -> SameQ, SameMessages -> Testing`MessageMatchQ, MemoryConstraint -> Infinity, TimeConstraint -> Infinity, CreationID -> d92cadf0-f347-480d-84e8-cc0c3d884648, TestID -> AP02_GAUSS_BLOCK, TestFileName -> , EvaluationID -> 3f63c5bc-e9b6-48b9-a936-b1ba2d782e7d, Input -> HoldForm[residuals$20800[AP02_GAUSS_BLOCK]], ExpectedOutput -> HoldForm[0], ExpectedMessages -> HoldForm[{}], ActualOutput -> HoldForm[0], ActualMessages -> {}, AbsoluteTimeUsed -> 0.000031`1.6418766916662664, CPUTimeUsed -> 0.000030999999999892225, MemoryUsed -> 3392, IntermediateTestsTree -> {}, Outcome -> Success, FailureType -> None|>], Outcome -> Success, FailureType -> None|>]
AP_TEST_EVENT InputForm[<|EventName -> TestEvaluated, EventID -> 88a79c6c-8c58-4e25-a1b2-a5a1cc9cdc26, TestObject -> TestObject[<|MetaInformation -> None, AbsoluteTime -> 3.997770780045477`15.655422874202017*^9, SameTest -> SameQ, SameMessages -> Testing`MessageMatchQ, MemoryConstraint -> Infinity, TimeConstraint -> Infinity, CreationID -> a826a15d-94c7-4b2f-b256-5cdb202cd26b, TestID -> AP03_CODAZZI_BLOCK, TestFileName -> , EvaluationID -> 88a79c6c-8c58-4e25-a1b2-a5a1cc9cdc26, Input -> HoldForm[residuals$20800[AP03_CODAZZI_BLOCK]], ExpectedOutput -> HoldForm[0], ExpectedMessages -> HoldForm[{}], ActualOutput -> HoldForm[0], ActualMessages -> {}, AbsoluteTimeUsed -> 0.000028`1.5976730291742125, CPUTimeUsed -> 0.000026999999999333113, MemoryUsed -> 3392, IntermediateTestsTree -> {}, Outcome -> Success, FailureType -> None|>], Outcome -> Success, FailureType -> None|>]
AP_TEST_EVENT InputForm[<|EventName -> TestEvaluated, EventID -> 71a6aeea-3c9d-4d34-82d9-fe8d964f5540, TestObject -> TestObject[<|MetaInformation -> None, AbsoluteTime -> 3.99777078004555`15.655422874202026*^9, SameTest -> SameQ, SameMessages -> Testing`MessageMatchQ, MemoryConstraint -> Infinity, TimeConstraint -> Infinity, CreationID -> c966a690-598c-4d35-898b-f2079383547a, TestID -> AP04_NORMAL_RICCI_BLOCK, TestFileName -> , EvaluationID -> 71a6aeea-3c9d-4d34-82d9-fe8d964f5540, Input -> HoldForm[residuals$20800[AP04_NORMAL_RICCI_BLOCK]], ExpectedOutput -> HoldForm[0], ExpectedMessages -> HoldForm[{}], ActualOutput -> HoldForm[0], ActualMessages -> {}, AbsoluteTimeUsed -> 0.000027`1.581878761990981, CPUTimeUsed -> 0.000025999999998305157, MemoryUsed -> 3392, IntermediateTestsTree -> {}, Outcome -> Success, FailureType -> None|>], Outcome -> Success, FailureType -> None|>]
AP_TEST_EVENT InputForm[<|EventName -> TestEvaluated, EventID -> 291bc034-21cc-43e9-96c9-accf9193d77a, TestObject -> TestObject[<|MetaInformation -> None, AbsoluteTime -> 3.99777078004562`15.655422874202035*^9, SameTest -> SameQ, SameMessages -> Testing`MessageMatchQ, MemoryConstraint -> Infinity, TimeConstraint -> Infinity, CreationID -> 7957438d-2ce5-458c-85ad-1c0e6a7c4e24, TestID -> AP05_HAMILTONIAN_PROJECTION, TestFileName -> , EvaluationID -> 291bc034-21cc-43e9-96c9-accf9193d77a, Input -> HoldForm[residuals$20800[AP05_HAMILTONIAN_PROJECTION]], ExpectedOutput -> HoldForm[0], ExpectedMessages -> HoldForm[{}], ActualOutput -> HoldForm[0], ActualMessages -> {}, AbsoluteTimeUsed -> 0.000026`1.5654883458028115, CPUTimeUsed -> 0.000025000000000829914, MemoryUsed -> 3392, IntermediateTestsTree -> {}, Outcome -> Success, FailureType -> None|>], Outcome -> Success, FailureType -> None|>]
AP_TEST_EVENT InputForm[<|EventName -> TestEvaluated, EventID -> ea3cd260-1083-448d-b765-1e4467248f04, TestObject -> TestObject[<|MetaInformation -> None, AbsoluteTime -> 3.997770780045687`15.655422874202044*^9, SameTest -> SameQ, SameMessages -> Testing`MessageMatchQ, MemoryConstraint -> Infinity, TimeConstraint -> Infinity, CreationID -> eb5a7996-de51-4516-8e86-dd53ec699641, TestID -> AP06_MOMENTUM_PROJECTION, TestFileName -> , EvaluationID -> ea3cd260-1083-448d-b765-1e4467248f04, Input -> HoldForm[residuals$20800[AP06_MOMENTUM_PROJECTION]], ExpectedOutput -> HoldForm[0], ExpectedMessages -> HoldForm[{}], ActualOutput -> HoldForm[0], ActualMessages -> {}, AbsoluteTimeUsed -> 0.000029`1.6129129957309503, CPUTimeUsed -> 0.000029000000001389026, MemoryUsed -> 3392, IntermediateTestsTree -> {}, Outcome -> Success, FailureType -> None|>], Outcome -> Success, FailureType -> None|>]
AP_TEST_EVENT InputForm[<|EventName -> TestEvaluated, EventID -> aee8748e-a19f-4173-8aaa-26377673df2c, TestObject -> TestObject[<|MetaInformation -> None, AbsoluteTime -> 3.997770780045752`15.655422874202047*^9, SameTest -> SameQ, SameMessages -> Testing`MessageMatchQ, MemoryConstraint -> Infinity, TimeConstraint -> Infinity, CreationID -> c1f9e90f-bae5-435c-b400-321349b69066, TestID -> AP07_SPATIAL_TRACE_PROJECTION, TestFileName -> , EvaluationID -> aee8748e-a19f-4173-8aaa-26377673df2c, Input -> HoldForm[residuals$20800[AP07_SPATIAL_TRACE_PROJECTION]], ExpectedOutput -> HoldForm[0], ExpectedMessages -> HoldForm[{}], ActualOutput -> HoldForm[0], ActualMessages -> {}, AbsoluteTimeUsed -> 0.000029`1.6129129957309503, CPUTimeUsed -> 0.00002800000000036107, MemoryUsed -> 3392, IntermediateTestsTree -> {}, Outcome -> Success, FailureType -> None|>], Outcome -> Success, FailureType -> None|>]
AP_TEST_EVENT InputForm[<|EventName -> TestEvaluated, EventID -> 89687e3d-d3db-4565-90d6-017329dd5a76, TestObject -> TestObject[<|MetaInformation -> None, AbsoluteTime -> 3.997770780045815`15.655422874202056*^9, SameTest -> SameQ, SameMessages -> Testing`MessageMatchQ, MemoryConstraint -> Infinity, TimeConstraint -> Infinity, CreationID -> 2debae8a-0e1f-48f0-8749-0f6b875c8b4a, TestID -> AP08_SPATIAL_PSTF_PROJECTION, TestFileName -> , EvaluationID -> 89687e3d-d3db-4565-90d6-017329dd5a76, Input -> HoldForm[residuals$20800[AP08_SPATIAL_PSTF_PROJECTION]], ExpectedOutput -> HoldForm[0], ExpectedMessages -> HoldForm[{}], ActualOutput -> HoldForm[0], ActualMessages -> {}, AbsoluteTimeUsed -> 0.000027`1.581878761990981, CPUTimeUsed -> 0.00002600000000185787, MemoryUsed -> 3392, IntermediateTestsTree -> {}, Outcome -> Success, FailureType -> None|>], Outcome -> Success, FailureType -> None|>]
AP_TEST_EVENT InputForm[<|EventName -> TestEvaluated, EventID -> ea0b60e0-9c9c-43f5-8275-fe14e479a70b, TestObject -> TestObject[<|MetaInformation -> None, AbsoluteTime -> 3.997770780045908`15.655422874202065*^9, SameTest -> SameQ, SameMessages -> Testing`MessageMatchQ, MemoryConstraint -> Infinity, TimeConstraint -> Infinity, CreationID -> 82613e92-d6b5-41cf-a2d9-7995719071d0, TestID -> AP09_FULL_RESIDUAL_RECONSTRUCTION, TestFileName -> , EvaluationID -> ea0b60e0-9c9c-43f5-8275-fe14e479a70b, Input -> HoldForm[residuals$20800[AP09_FULL_RESIDUAL_RECONSTRUCTION]], ExpectedOutput -> HoldForm[0], ExpectedMessages -> HoldForm[{}], ActualOutput -> HoldForm[0], ActualMessages -> {}, AbsoluteTimeUsed -> 0.000026`1.5654883458028115, CPUTimeUsed -> 0.000023999999999801958, MemoryUsed -> 3392, IntermediateTestsTree -> {}, Outcome -> Success, FailureType -> None|>], Outcome -> Success, FailureType -> None|>]
AP_TEST_EVENT InputForm[<|EventName -> TestEvaluated, EventID -> ed515fff-474e-447f-8c77-b53968a73f5f, TestObject -> TestObject[<|MetaInformation -> None, AbsoluteTime -> 3.997770780045995`15.655422874202078*^9, SameTest -> SameQ, SameMessages -> Testing`MessageMatchQ, MemoryConstraint -> Infinity, TimeConstraint -> Infinity, CreationID -> 5cf9c33d-e0e1-425b-bf05-2224b6bafc05, TestID -> AP10_EXISTING_CONSUMER_ADAPTER, TestFileName -> , EvaluationID -> ed515fff-474e-447f-8c77-b53968a73f5f, Input -> HoldForm[residuals$20800[AP10_EXISTING_CONSUMER_ADAPTER]], ExpectedOutput -> HoldForm[{0, 0, 0, 0}], ExpectedMessages -> HoldForm[{}], ActualOutput -> HoldForm[{0, 0, 0, 0}], ActualMessages -> {}, AbsoluteTimeUsed -> 0.000027`1.581878761990981, CPUTimeUsed -> 0.00002600000000185787, MemoryUsed -> 3392, IntermediateTestsTree -> {}, Outcome -> Success, FailureType -> None|>], Outcome -> Success, FailureType -> None|>]
AP_TEST_EVENT InputForm[<|EventName -> TestEvaluated, EventID -> 8d920d4d-66b3-4a50-a1f6-d24353a9e4b8, TestObject -> TestObject[<|MetaInformation -> None, AbsoluteTime -> 3.997770780046095`15.655422874202086*^9, SameTest -> SameQ, SameMessages -> Testing`MessageMatchQ, MemoryConstraint -> Infinity, TimeConstraint -> Infinity, CreationID -> c4f9db48-5773-431a-bf7b-ccd63ad2417d, TestID -> AP11_LIE_METRIC_TRACE_ADAPTER, TestFileName -> , EvaluationID -> 8d920d4d-66b3-4a50-a1f6-d24353a9e4b8, Input -> HoldForm[residuals$20800[AP11_LIE_METRIC_TRACE_ADAPTER]], ExpectedOutput -> HoldForm[{0, 0}], ExpectedMessages -> HoldForm[{}], ActualOutput -> HoldForm[{0, 0}], ActualMessages -> {}, AbsoluteTimeUsed -> 0.000027`1.581878761990981, CPUTimeUsed -> 0.000025999999998305157, MemoryUsed -> 3392, IntermediateTestsTree -> {}, Outcome -> Success, FailureType -> None|>], Outcome -> Success, FailureType -> None|>]
AP_TEST_EVENT InputForm[<|EventName -> TestEvaluated, EventID -> e0d57597-7816-4c68-9fe0-4bcb576df6e8, TestObject -> TestObject[<|MetaInformation -> None, AbsoluteTime -> 3.997770780046171`15.655422874202095*^9, SameTest -> SameQ, SameMessages -> Testing`MessageMatchQ, MemoryConstraint -> Infinity, TimeConstraint -> Infinity, CreationID -> 16b7ee6b-0362-45ae-bf1f-23f3c47f5255, TestID -> AP12_TRACE_MUTATION_NONZERO_WITNESS, TestFileName -> , EvaluationID -> e0d57597-7816-4c68-9fe0-4bcb576df6e8, Input -> HoldForm[residuals$20800[AP12_TRACE_MUTATION_NONZERO_WITNESS]], ExpectedOutput -> HoldForm[{0, 0}], ExpectedMessages -> HoldForm[{}], ActualOutput -> HoldForm[{0, 0}], ActualMessages -> {}, AbsoluteTimeUsed -> 0.000026`1.5654883458028126, CPUTimeUsed -> 0.000025000000000829914, MemoryUsed -> 3392, IntermediateTestsTree -> {}, Outcome -> Success, FailureType -> None|>], Outcome -> Success, FailureType -> None|>]
AP_FINAL_BEGIN
{
	"task":"BG02_ABSTRACT_CURVATURE_BLOCK_CONTRACTION_V1",
	"status":"PASS_CONDITIONAL_ABSTRACT_CONTRACTION_ONLY",
	"exit_code":0,
	"wolfram_version":"15.0.0 for Linux x86 (64-bit) (May 26, 2026)",
	"xtensor_version":"{\"1.3.0\", {2025, 12, 29}}",
	"xtensor_init":"\/home\/cosmosapjw\/.WolframEngine\/Applications\/xAct\/xTensor\/Kernel\/init.m",
	"xtensor_init_sha256":"de9dc682f479e05d3fca377a15036c823023fa444f3456603317fc0fd8e2b1a0",
	"xtensor_archive_seal_verified_by_this_runner":false,
	"required_ids":[
		"AP00_XTENSOR_RICCI_CONTRACTION",
		"AP01_CURVATURE_SYMMETRIES",
		"AP02_GAUSS_BLOCK",
		"AP03_CODAZZI_BLOCK",
		"AP04_NORMAL_RICCI_BLOCK",
		"AP05_HAMILTONIAN_PROJECTION",
		"AP06_MOMENTUM_PROJECTION",
		"AP07_SPATIAL_TRACE_PROJECTION",
		"AP08_SPATIAL_PSTF_PROJECTION",
		"AP09_FULL_RESIDUAL_RECONSTRUCTION",
		"AP10_EXISTING_CONSUMER_ADAPTER",
		"AP11_LIE_METRIC_TRACE_ADAPTER",
		"AP12_TRACE_MUTATION_NONZERO_WITNESS"
	],
	"observed_ids":[
		"AP00_XTENSOR_RICCI_CONTRACTION",
		"AP01_CURVATURE_SYMMETRIES",
		"AP02_GAUSS_BLOCK",
		"AP03_CODAZZI_BLOCK",
		"AP04_NORMAL_RICCI_BLOCK",
		"AP05_HAMILTONIAN_PROJECTION",
		"AP06_MOMENTUM_PROJECTION",
		"AP07_SPATIAL_TRACE_PROJECTION",
		"AP08_SPATIAL_PSTF_PROJECTION",
		"AP09_FULL_RESIDUAL_RECONSTRUCTION",
		"AP10_EXISTING_CONSUMER_ADAPTER",
		"AP11_LIE_METRIC_TRACE_ADAPTER",
		"AP12_TRACE_MUTATION_NONZERO_WITNESS"
	],
	"exact_ids":true,
	"rows":[
		{
			"id":"AP00_XTENSOR_RICCI_CONTRACTION",
			"outcome":"Success",
			"actual":"HoldForm[0]",
			"expected":"HoldForm[0]",
			"actual_messages":"{}",
			"expected_messages":"HoldForm[{}]"
		},
		{
			"id":"AP01_CURVATURE_SYMMETRIES",
			"outcome":"Success",
			"actual":"HoldForm[{0, 0, 0, 0}]",
			"expected":"HoldForm[{0, 0, 0, 0}]",
			"actual_messages":"{}",
			"expected_messages":"HoldForm[{}]"
		},
		{
			"id":"AP02_GAUSS_BLOCK",
			"outcome":"Success",
			"actual":"HoldForm[0]",
			"expected":"HoldForm[0]",
			"actual_messages":"{}",
			"expected_messages":"HoldForm[{}]"
		},
		{
			"id":"AP03_CODAZZI_BLOCK",
			"outcome":"Success",
			"actual":"HoldForm[0]",
			"expected":"HoldForm[0]",
			"actual_messages":"{}",
			"expected_messages":"HoldForm[{}]"
		},
		{
			"id":"AP04_NORMAL_RICCI_BLOCK",
			"outcome":"Success",
			"actual":"HoldForm[0]",
			"expected":"HoldForm[0]",
			"actual_messages":"{}",
			"expected_messages":"HoldForm[{}]"
		},
		{
			"id":"AP05_HAMILTONIAN_PROJECTION",
			"outcome":"Success",
			"actual":"HoldForm[0]",
			"expected":"HoldForm[0]",
			"actual_messages":"{}",
			"expected_messages":"HoldForm[{}]"
		},
		{
			"id":"AP06_MOMENTUM_PROJECTION",
			"outcome":"Success",
			"actual":"HoldForm[0]",
			"expected":"HoldForm[0]",
			"actual_messages":"{}",
			"expected_messages":"HoldForm[{}]"
		},
		{
			"id":"AP07_SPATIAL_TRACE_PROJECTION",
			"outcome":"Success",
			"actual":"HoldForm[0]",
			"expected":"HoldForm[0]",
			"actual_messages":"{}",
			"expected_messages":"HoldForm[{}]"
		},
		{
			"id":"AP08_SPATIAL_PSTF_PROJECTION",
			"outcome":"Success",
			"actual":"HoldForm[0]",
			"expected":"HoldForm[0]",
			"actual_messages":"{}",
			"expected_messages":"HoldForm[{}]"
		},
		{
			"id":"AP09_FULL_RESIDUAL_RECONSTRUCTION",
			"outcome":"Success",
			"actual":"HoldForm[0]",
			"expected":"HoldForm[0]",
			"actual_messages":"{}",
			"expected_messages":"HoldForm[{}]"
		},
		{
			"id":"AP10_EXISTING_CONSUMER_ADAPTER",
			"outcome":"Success",
			"actual":"HoldForm[{0, 0, 0, 0}]",
			"expected":"HoldForm[{0, 0, 0, 0}]",
			"actual_messages":"{}",
			"expected_messages":"HoldForm[{}]"
		},
		{
			"id":"AP11_LIE_METRIC_TRACE_ADAPTER",
			"outcome":"Success",
			"actual":"HoldForm[{0, 0}]",
			"expected":"HoldForm[{0, 0}]",
			"actual_messages":"{}",
			"expected_messages":"HoldForm[{}]"
		},
		{
			"id":"AP12_TRACE_MUTATION_NONZERO_WITNESS",
			"outcome":"Success",
			"actual":"HoldForm[{0, 0}]",
			"expected":"HoldForm[{0, 0}]",
			"actual_messages":"{}",
			"expected_messages":"HoldForm[{}]"
		}
	],
	"runtime_failures":"{}",
	"source_before":{
		"wolfram\/BASS\/Kernel\/Authority\/BG02Convention.wl":"e0185abaea54816fabd90170a48fb67dd45b27c8d4392734dc3f09d49dfa7efb",
		"wolfram\/BASS\/Kernel\/Geometry\/StructureConstants.wl":"becef3c4f6b60e20c4eea1b361832239422ca8286b90dd10474203389e170f75",
		"wolfram\/BASS\/Kernel\/Geometry\/LeviCivitaConnection.wl":"1f28c921734194c5a3b79e8d31ae045f7bfce336e2641e6e01a9232a0cdbc13d",
		"wolfram\/BASS\/Kernel\/Geometry\/ONFConnectionCurvature.wl":"c2428d4466f05d88097db8a51f194458618a8f5837c625bb20f402301545a34e",
		"wolfram\/BASS\/Kernel\/Background\/EinsteinProjection.wl":"65a60d806fa280aa4d0ee7843790896cd754880bb1a43239db2a59c1b0be4c5a",
		"docs\/bass_master_ssot_v2\/BG_02_IMPLEMENTATION\/BG_02_CONVENTION_V2.json":"60dd32c8185d37850a6f0878ba7c461644f332b96f6fcf92ec12823cfd487868",
		"AbstractProjection.wl":"fa5fb9e8e4bf63e228fc535468b8a674f52924e480b045271b6ae5e93da4ee5d",
		"projection_tests.wl":"ae0367f4b86e4f290e54cab3747ab323634b0800f8a46feebb1058a00ac0eea1",
		"run_projection.wls":"c9b9f67ec9ffcb8e7e1be02fc7aabe415d14f50c1ed740824c8557bf48b4afee"
	},
	"source_after":{
		"wolfram\/BASS\/Kernel\/Authority\/BG02Convention.wl":"e0185abaea54816fabd90170a48fb67dd45b27c8d4392734dc3f09d49dfa7efb",
		"wolfram\/BASS\/Kernel\/Geometry\/StructureConstants.wl":"becef3c4f6b60e20c4eea1b361832239422ca8286b90dd10474203389e170f75",
		"wolfram\/BASS\/Kernel\/Geometry\/LeviCivitaConnection.wl":"1f28c921734194c5a3b79e8d31ae045f7bfce336e2641e6e01a9232a0cdbc13d",
		"wolfram\/BASS\/Kernel\/Geometry\/ONFConnectionCurvature.wl":"c2428d4466f05d88097db8a51f194458618a8f5837c625bb20f402301545a34e",
		"wolfram\/BASS\/Kernel\/Background\/EinsteinProjection.wl":"65a60d806fa280aa4d0ee7843790896cd754880bb1a43239db2a59c1b0be4c5a",
		"docs\/bass_master_ssot_v2\/BG_02_IMPLEMENTATION\/BG_02_CONVENTION_V2.json":"60dd32c8185d37850a6f0878ba7c461644f332b96f6fcf92ec12823cfd487868",
		"AbstractProjection.wl":"fa5fb9e8e4bf63e228fc535468b8a674f52924e480b045271b6ae5e93da4ee5d",
		"projection_tests.wl":"ae0367f4b86e4f290e54cab3747ab323634b0800f8a46feebb1058a00ac0eea1",
		"run_projection.wls":"c9b9f67ec9ffcb8e7e1be02fc7aabe415d14f50c1ed740824c8557bf48b4afee"
	},
	"source_unchanged":true,
	"proof":{
		"scope":"CONDITIONAL_ABSTRACT_CURVATURE_BLOCK_CONTRACTION_ONLY",
		"residuals":{
			"AP00_XTENSOR_RICCI_CONTRACTION":0,
			"AP01_CURVATURE_SYMMETRIES":[
				0,
				0,
				0,
				0
			],
			"AP02_GAUSS_BLOCK":0,
			"AP03_CODAZZI_BLOCK":0,
			"AP04_NORMAL_RICCI_BLOCK":0,
			"AP05_HAMILTONIAN_PROJECTION":0,
			"AP06_MOMENTUM_PROJECTION":0,
			"AP07_SPATIAL_TRACE_PROJECTION":0,
			"AP08_SPATIAL_PSTF_PROJECTION":0,
			"AP09_FULL_RESIDUAL_RECONSTRUCTION":0,
			"AP10_EXISTING_CONSUMER_ADAPTER":[
				0,
				0,
				0,
				0
			],
			"AP11_LIE_METRIC_TRACE_ADAPTER":[
				0,
				0
			],
			"AP12_TRACE_MUTATION_NONZERO_WITNESS":[
				0,
				0
			]
		},
		"computed_projections":{
			"Hamiltonian":"-BASS`Research`AP1`Private`lambda - (BASS`Research`AP1`Private`KK[-BASS`Research`AP1`Private`ia, -BASS`Research`AP1`Private`ib]*BASS`Research`AP1`Private`KK[BASS`Research`AP1`Private`ia, BASS`Research`AP1`Private`ib])\/2 + (BASS`Research`AP1`Private`KK[BASS`Research`AP1`Private`ia, -BASS`Research`AP1`Private`ia]*BASS`Research`AP1`Private`KK[BASS`Research`AP1`Private`ib, -BASS`Research`AP1`Private`ib])\/2 - BASS`Research`AP1`Private`kappaG*BASS`Research`AP1`Private`rho[] + BASS`Research`AP1`Private`ZZ[BASS`Research`AP1`Private`ia, -BASS`Research`AP1`Private`ia]\/2",
			"Momentum":"BASS`Research`AP1`Private`DK[-BASS`Research`AP1`Private`ia, BASS`Research`AP1`Private`ib, -BASS`Research`AP1`Private`ib] - BASS`Research`AP1`Private`DK[BASS`Research`AP1`Private`ib, -BASS`Research`AP1`Private`ia, -BASS`Research`AP1`Private`ib] - BASS`Research`AP1`Private`kappaG*BASS`Research`AP1`Private`flux[-BASS`Research`AP1`Private`ia]",
			"SpatialTrace":"BASS`Research`AP1`Private`lambda + (2*BASS`Research`AP1`Private`acc[-BASS`Research`AP1`Private`ia]*BASS`Research`AP1`Private`acc[BASS`Research`AP1`Private`ia])\/3 + (2*BASS`Research`AP1`Private`DA[BASS`Research`AP1`Private`ia, -BASS`Research`AP1`Private`ia])\/3 + (5*BASS`Research`AP1`Private`KK[-BASS`Research`AP1`Private`ia, -BASS`Research`AP1`Private`ib]*BASS`Research`AP1`Private`KK[BASS`Research`AP1`Private`ia, BASS`Research`AP1`Private`ib])\/6 - (BASS`Research`AP1`Private`KK[BASS`Research`AP1`Private`ia, -BASS`Research`AP1`Private`ia]*BASS`Research`AP1`Private`KK[BASS`Research`AP1`Private`ib, -BASS`Research`AP1`Private`ib])\/6 - (2*BASS`Research`AP1`Private`LL[BASS`Research`AP1`Private`ia, -BASS`Research`AP1`Private`ia])\/3 - BASS`Research`AP1`Private`kappaG*BASS`Research`AP1`Private`press[] - BASS`Research`AP1`Private`ZZ[BASS`Research`AP1`Private`ia, -BASS`Research`AP1`Private`ia]\/6",
			"SpatialPSTF":"-(BASS`Research`AP1`Private`acc[-BASS`Research`AP1`Private`ia]*BASS`Research`AP1`Private`acc[-BASS`Research`AP1`Private`ib]) - BASS`Research`AP1`Private`DA[-BASS`Research`AP1`Private`ia, -BASS`Research`AP1`Private`ib] - 2*BASS`Research`AP1`Private`KK[-BASS`Research`AP1`Private`ia, BASS`Research`AP1`Private`ic]*BASS`Research`AP1`Private`KK[-BASS`Research`AP1`Private`ib, -BASS`Research`AP1`Private`ic] + BASS`Research`AP1`Private`KK[-BASS`Research`AP1`Private`ia, -BASS`Research`AP1`Private`ib]*BASS`Research`AP1`Private`KK[BASS`Research`AP1`Private`ic, -BASS`Research`AP1`Private`ic] + BASS`Research`AP1`Private`LL[-BASS`Research`AP1`Private`ia, -BASS`Research`AP1`Private`ib] + (BASS`Research`AP1`Private`acc[-BASS`Research`AP1`Private`ic]*BASS`Research`AP1`Private`acc[BASS`Research`AP1`Private`ic]*BASS`Research`AP1`Private`met[-BASS`Research`AP1`Private`ia, -BASS`Research`AP1`Private`ib])\/3 + (BASS`Research`AP1`Private`DA[BASS`Research`AP1`Private`ic, -BASS`Research`AP1`Private`ic]*BASS`Research`AP1`Private`met[-BASS`Research`AP1`Private`ia, -BASS`Research`AP1`Private`ib])\/3 + (2*BASS`Research`AP1`Private`KK[-BASS`Research`AP1`Private`ic, -BASS`Research`AP1`Private`id]*BASS`Research`AP1`Private`KK[BASS`Research`AP1`Private`ic, BASS`Research`AP1`Private`id]*BASS`Research`AP1`Private`met[-BASS`Research`AP1`Private`ia, -BASS`Research`AP1`Private`ib])\/3 - (BASS`Research`AP1`Private`KK[BASS`Research`AP1`Private`ic, -BASS`Research`AP1`Private`ic]*BASS`Research`AP1`Private`KK[BASS`Research`AP1`Private`id, -BASS`Research`AP1`Private`id]*BASS`Research`AP1`Private`met[-BASS`Research`AP1`Private`ia, -BASS`Research`AP1`Private`ib])\/3 - (BASS`Research`AP1`Private`LL[BASS`Research`AP1`Private`ic, -BASS`Research`AP1`Private`ic]*BASS`Research`AP1`Private`met[-BASS`Research`AP1`Private`ia, -BASS`Research`AP1`Private`ib])\/3 + (BASS`Research`AP1`Private`acc[-BASS`Research`AP1`Private`ic]*BASS`Research`AP1`Private`acc[BASS`Research`AP1`Private`ic]*BASS`Research`AP1`Private`nu[-BASS`Research`AP1`Private`ia]*BASS`Research`AP1`Private`nu[-BASS`Research`AP1`Private`ib])\/3 + (BASS`Research`AP1`Private`DA[BASS`Research`AP1`Private`ic, -BASS`Research`AP1`Private`ic]*BASS`Research`AP1`Private`nu[-BASS`Research`AP1`Private`ia]*BASS`Research`AP1`Private`nu[-BASS`Research`AP1`Private`ib])\/3 + (2*BASS`Research`AP1`Private`KK[-BASS`Research`AP1`Private`ic, -BASS`Research`AP1`Private`id]*BASS`Research`AP1`Private`KK[BASS`Research`AP1`Private`ic, BASS`Research`AP1`Private`id]*BASS`Research`AP1`Private`nu[-BASS`Research`AP1`Private`ia]*BASS`Research`AP1`Private`nu[-BASS`Research`AP1`Private`ib])\/3 - (BASS`Research`AP1`Private`KK[BASS`Research`AP1`Private`ic, -BASS`Research`AP1`Private`ic]*BASS`Research`AP1`Private`KK[BASS`Research`AP1`Private`id, -BASS`Research`AP1`Private`id]*BASS`Research`AP1`Private`nu[-BASS`Research`AP1`Private`ia]*BASS`Research`AP1`Private`nu[-BASS`Research`AP1`Private`ib])\/3 - (BASS`Research`AP1`Private`LL[BASS`Research`AP1`Private`ic, -BASS`Research`AP1`Private`ic]*BASS`Research`AP1`Private`nu[-BASS`Research`AP1`Private`ia]*BASS`Research`AP1`Private`nu[-BASS`Research`AP1`Private`ib])\/3 - BASS`Research`AP1`Private`kappaG*BASS`Research`AP1`Private`StressPi[-BASS`Research`AP1`Private`ia, -BASS`Research`AP1`Private`ib] + BASS`Research`AP1`Private`ZZ[-BASS`Research`AP1`Private`ia, -BASS`Research`AP1`Private`ib] - (BASS`Research`AP1`Private`met[-BASS`Research`AP1`Private`ia, -BASS`Research`AP1`Private`ib]*BASS`Research`AP1`Private`ZZ[BASS`Research`AP1`Private`ic, -BASS`Research`AP1`Private`ic])\/3 - (BASS`Research`AP1`Private`nu[-BASS`Research`AP1`Private`ia]*BASS`Research`AP1`Private`nu[-BASS`Research`AP1`Private`ib]*BASS`Research`AP1`Private`ZZ[BASS`Research`AP1`Private`ic, -BASS`Research`AP1`Private`ic])\/3"
		},
		"computed_shear_chart":[
			"-BASS`Research`AP1`Private`lambda + 3*BASS`Research`AP1`Private`HH[]^2 - BASS`Research`AP1`Private`kappaG*BASS`Research`AP1`Private`rho[] - (BASS`Research`AP1`Private`Sigma[-BASS`Research`AP1`Private`ia, -BASS`Research`AP1`Private`ib]*BASS`Research`AP1`Private`Sigma[BASS`Research`AP1`Private`ia, BASS`Research`AP1`Private`ib])\/2 + BASS`Research`AP1`Private`ZZ[BASS`Research`AP1`Private`ia, -BASS`Research`AP1`Private`ia]\/2",
			"BASS`Research`AP1`Private`DK[-BASS`Research`AP1`Private`ia, BASS`Research`AP1`Private`ib, -BASS`Research`AP1`Private`ib] - BASS`Research`AP1`Private`DK[BASS`Research`AP1`Private`ib, -BASS`Research`AP1`Private`ia, -BASS`Research`AP1`Private`ib] - BASS`Research`AP1`Private`kappaG*BASS`Research`AP1`Private`flux[-BASS`Research`AP1`Private`ia]",
			"BASS`Research`AP1`Private`lambda + (2*BASS`Research`AP1`Private`acc[-BASS`Research`AP1`Private`ia]*BASS`Research`AP1`Private`acc[BASS`Research`AP1`Private`ia])\/3 + (2*BASS`Research`AP1`Private`DA[BASS`Research`AP1`Private`ia, -BASS`Research`AP1`Private`ia])\/3 - 2*BASS`Research`AP1`Private`HD[] - 3*BASS`Research`AP1`Private`HH[]^2 - BASS`Research`AP1`Private`kappaG*BASS`Research`AP1`Private`press[] - (BASS`Research`AP1`Private`Sigma[-BASS`Research`AP1`Private`ia, -BASS`Research`AP1`Private`ib]*BASS`Research`AP1`Private`Sigma[BASS`Research`AP1`Private`ia, BASS`Research`AP1`Private`ib])\/2 - BASS`Research`AP1`Private`ZZ[BASS`Research`AP1`Private`ia, -BASS`Research`AP1`Private`ia]\/6",
			"-(BASS`Research`AP1`Private`acc[-BASS`Research`AP1`Private`ia]*BASS`Research`AP1`Private`acc[-BASS`Research`AP1`Private`ib]) - BASS`Research`AP1`Private`DA[-BASS`Research`AP1`Private`ia, -BASS`Research`AP1`Private`ib] + BASS`Research`AP1`Private`LSigma[-BASS`Research`AP1`Private`ia, -BASS`Research`AP1`Private`ib] + (BASS`Research`AP1`Private`acc[-BASS`Research`AP1`Private`ic]*BASS`Research`AP1`Private`acc[BASS`Research`AP1`Private`ic]*BASS`Research`AP1`Private`met[-BASS`Research`AP1`Private`ia, -BASS`Research`AP1`Private`ib])\/3 + (BASS`Research`AP1`Private`DA[BASS`Research`AP1`Private`ic, -BASS`Research`AP1`Private`ic]*BASS`Research`AP1`Private`met[-BASS`Research`AP1`Private`ia, -BASS`Research`AP1`Private`ib])\/3 + (BASS`Research`AP1`Private`acc[-BASS`Research`AP1`Private`ic]*BASS`Research`AP1`Private`acc[BASS`Research`AP1`Private`ic]*BASS`Research`AP1`Private`nu[-BASS`Research`AP1`Private`ia]*BASS`Research`AP1`Private`nu[-BASS`Research`AP1`Private`ib])\/3 + (BASS`Research`AP1`Private`DA[BASS`Research`AP1`Private`ic, -BASS`Research`AP1`Private`ic]*BASS`Research`AP1`Private`nu[-BASS`Research`AP1`Private`ia]*BASS`Research`AP1`Private`nu[-BASS`Research`AP1`Private`ib])\/3 + BASS`Research`AP1`Private`HH[]*BASS`Research`AP1`Private`Sigma[-BASS`Research`AP1`Private`ia, -BASS`Research`AP1`Private`ib] - 2*BASS`Research`AP1`Private`Sigma[-BASS`Research`AP1`Private`ia, BASS`Research`AP1`Private`ic]*BASS`Research`AP1`Private`Sigma[-BASS`Research`AP1`Private`ib, -BASS`Research`AP1`Private`ic] + (2*BASS`Research`AP1`Private`met[-BASS`Research`AP1`Private`ia, -BASS`Research`AP1`Private`ib]*BASS`Research`AP1`Private`Sigma[-BASS`Research`AP1`Private`ic, -BASS`Research`AP1`Private`id]*BASS`Research`AP1`Private`Sigma[BASS`Research`AP1`Private`ic, BASS`Research`AP1`Private`id])\/3 + (2*BASS`Research`AP1`Private`nu[-BASS`Research`AP1`Private`ia]*BASS`Research`AP1`Private`nu[-BASS`Research`AP1`Private`ib]*BASS`Research`AP1`Private`Sigma[-BASS`Research`AP1`Private`ic, -BASS`Research`AP1`Private`id]*BASS`Research`AP1`Private`Sigma[BASS`Research`AP1`Private`ic, BASS`Research`AP1`Private`id])\/3 - BASS`Research`AP1`Private`kappaG*BASS`Research`AP1`Private`StressPi[-BASS`Research`AP1`Private`ia, -BASS`Research`AP1`Private`ib] + BASS`Research`AP1`Private`ZZ[-BASS`Research`AP1`Private`ia, -BASS`Research`AP1`Private`ib] - (BASS`Research`AP1`Private`met[-BASS`Research`AP1`Private`ia, -BASS`Research`AP1`Private`ib]*BASS`Research`AP1`Private`ZZ[BASS`Research`AP1`Private`ic, -BASS`Research`AP1`Private`ic])\/3 - (BASS`Research`AP1`Private`nu[-BASS`Research`AP1`Private`ia]*BASS`Research`AP1`Private`nu[-BASS`Research`AP1`Private`ib]*BASS`Research`AP1`Private`ZZ[BASS`Research`AP1`Private`ic, -BASS`Research`AP1`Private`ic])\/3"
		],
		"raw_trace_mutation":"4*BASS`Research`AP1`Private`HH[]^2 + (4*BASS`Research`AP1`Private`Sigma[-BASS`Research`AP1`Private`ia, -BASS`Research`AP1`Private`ib]*BASS`Research`AP1`Private`Sigma[BASS`Research`AP1`Private`ia, BASS`Research`AP1`Private`ib])\/3",
		"trace_mutation_fixed_reference_witness":"4",
		"premises":[
			"unit timelike hypersurface-orthogonal normal",
			"positive K",
			"3D intrinsic curvature reconstruction",
			"Gauss\/Codazzi\/Ricci block identities",
			"spatial symmetric K and covariant-index LieK",
			"D_a A_b symmetric",
			"spatial STF matter anisotropic stress"
		],
		"curvature_definition_to_blocks_verified":false,
		"general_native_bridge_admitted":false,
		"production_admitted":false
	},
	"native_xTensor_evaluated":true,
	"curvature_definition_to_blocks_verified":false,
	"general_native_bridge_admitted":false,
	"production_admitted":false,
	"whole_invocation_messages":[]
}
AP_FINAL_END
